BL51 BANKED LINKER/LOCATER V6.22.2.0                                                    12/12/2022  06:45:54  PAGE 1


BL51 BANKED LINKER/LOCATER V6.22.2.0, INVOKED BY:
D:\KEIL_V5\C51\BIN\BL51.EXE .\Object\STARTUP.obj, .\Object\delay.obj, .\Object\GPIO.obj, .\Object\timer.obj, .\Object\UA
>> RT.obj, .\Object\ADC.obj, .\Object\MyTimer.obj, .\Object\MyUART.obj, .\Object\main.obj, .\Object\menu_event.obj, .\Ob
>> ject\menu.obj, .\Object\menu_link.obj, .\Object\screen.obj, .\Object\oled.obj, .\Object\led.obj, .\Object\EC11.obj, .
>> \Object\key.obj, .\Object\iic.obj TO .\Object\EC11 PRINT (.\Listings\EC11.m51) RAMSIZE (256) DISABLEWARNING (16)


MEMORY MODEL: LARGE


INPUT MODULES INCLUDED:
  .\Object\STARTUP.obj (?C_STARTUP)
  .\Object\delay.obj (DELAY)
  .\Object\GPIO.obj (GPIO)
  .\Object\timer.obj (TIMER)
  .\Object\UART.obj (UART)
  .\Object\ADC.obj (ADC)
  .\Object\MyTimer.obj (MYTIMER)
  .\Object\MyUART.obj (MYUART)
  .\Object\main.obj (MAIN)
  .\Object\menu_event.obj (MENU_EVENT)
  .\Object\menu.obj (MENU)
  .\Object\menu_link.obj (MENU_LINK)
  .\Object\screen.obj (SCREEN)
  .\Object\oled.obj (OLED)
  .\Object\led.obj (LED)
  .\Object\EC11.obj (EC11)
  .\Object\key.obj (KEY)
  .\Object\iic.obj (IIC)
  D:\KEIL_V5\C51\LIB\C51L.LIB (?C_INIT)
  D:\KEIL_V5\C51\LIB\C51L.LIB (?C?COPY)
  D:\KEIL_V5\C51\LIB\C51L.LIB (?C?CLDPTR)
  D:\KEIL_V5\C51\LIB\C51L.LIB (?C?CLDOPTR)
  D:\KEIL_V5\C51\LIB\C51L.LIB (?C?CILDOPTR)
  D:\KEIL_V5\C51\LIB\C51L.LIB (?C?CSTOPTR)
  D:\KEIL_V5\C51\LIB\C51L.LIB (?C?IMUL)
  D:\KEIL_V5\C51\LIB\C51L.LIB (?C?UIDIV)
  D:\KEIL_V5\C51\LIB\C51L.LIB (?C?IILDX)
  D:\KEIL_V5\C51\LIB\C51L.LIB (?C?ILDIX)
  D:\KEIL_V5\C51\LIB\C51L.LIB (?C?ILDOPTR)
  D:\KEIL_V5\C51\LIB\C51L.LIB (?C?LMUL)
  D:\KEIL_V5\C51\LIB\C51L.LIB (?C?ULDIV)
  D:\KEIL_V5\C51\LIB\C51L.LIB (?C?ULCMP)
  D:\KEIL_V5\C51\LIB\C51L.LIB (?C?ULSHR)
  D:\KEIL_V5\C51\LIB\C51L.LIB (?C?LLDOPTR0)
  D:\KEIL_V5\C51\LIB\C51L.LIB (?C?LSTXDATA)
  D:\KEIL_V5\C51\LIB\C51L.LIB (?C?LSTKXDATA)
  D:\KEIL_V5\C51\LIB\C51L.LIB (?C?PLDOPTR)
  D:\KEIL_V5\C51\LIB\C51L.LIB (?C?PSTOPTR)
  D:\KEIL_V5\C51\LIB\C51L.LIB (?C_XBP)
  D:\KEIL_V5\C51\LIB\C51L.LIB (?C?ADDXBP)
  D:\KEIL_V5\C51\LIB\C51L.LIB (?C?XBPOFF)
  D:\KEIL_V5\C51\LIB\C51L.LIB (PRINTF)
  D:\KEIL_V5\C51\LIB\C51L.LIB (?C?CSTPTR)
  D:\KEIL_V5\C51\LIB\C51L.LIB (?C?LLDIDATA0)
  D:\KEIL_V5\C51\LIB\C51L.LIB (?C?LLDXDATA0)
  D:\KEIL_V5\C51\LIB\C51L.LIB (?C?LLDPDATA0)
  D:\KEIL_V5\C51\LIB\C51L.LIB (?C?LLDCODE0)
BL51 BANKED LINKER/LOCATER V6.22.2.0                                                  12/12/2022  06:45:54  PAGE 2


  D:\KEIL_V5\C51\LIB\C51L.LIB (?C?PLDIDATA)
  D:\KEIL_V5\C51\LIB\C51L.LIB (?C?PSTIDATA)
  D:\KEIL_V5\C51\LIB\C51L.LIB (?C?PLDXDATA)
  D:\KEIL_V5\C51\LIB\C51L.LIB (?C?PLDIXDATA)
  D:\KEIL_V5\C51\LIB\C51L.LIB (?C?PSTXDATA)
  D:\KEIL_V5\C51\LIB\C51L.LIB (?C?PLDPDATA)
  D:\KEIL_V5\C51\LIB\C51L.LIB (?C?PSTPDATA)
  D:\KEIL_V5\C51\LIB\C51L.LIB (?C?PLDCODE)
  D:\KEIL_V5\C51\LIB\C51L.LIB (?C?CCASE)


LINK MAP OF MODULE:  .\Object\EC11 (?C_STARTUP)


            TYPE    BASE      LENGTH    RELOCATION   SEGMENT NAME
            -----------------------------------------------------

            * * * * * * *   D A T A   M E M O R Y   * * * * * * *
            REG     0000H     0008H     ABSOLUTE     "REG BANK 0"
            DATA    0008H     0005H     UNIT         _DATA_GROUP_
            DATA    000DH     0002H     UNIT         ?C?LIB_DATA
                    000FH     0011H                  *** GAP ***
            BIT     0020H.0   0001H.1   UNIT         _BIT_GROUP_
                    0021H.1   0000H.7                *** GAP ***
            IDATA   0022H     0001H     UNIT         ?STACK

            * * * * * * *  X D A T A   M E M O R Y  * * * * * * *
            XDATA   0000H     0001H     ABSOLUTE     
            XDATA   0001H     0400H     UNIT         ?XD?OLED
            XDATA   0401H     0107H     UNIT         ?XD?UART
            XDATA   0508H     00AFH     UNIT         ?XD?MAIN
            XDATA   05B7H     0058H     UNIT         _XDATA_GROUP_
            XDATA   060FH     0015H     UNIT         ?XD?_OLED_DRAWLINE?OLED
            XDATA   0624H     0011H     UNIT         ?XD?SCREEN_DRAWPIXEL?SCREEN
            XDATA   0635H     0010H     UNIT         ?XD?_OLED_SHOWBMP?OLED
            XDATA   0645H     000EH     UNIT         ?XD?SCREEN
            XDATA   0653H     000DH     UNIT         ?XD?_OLED_SHOWNUMS?OLED
            XDATA   0660H     000AH     UNIT         ?XD?_OLED_SHOWDECIMAL?OLED
            XDATA   066AH     000AH     UNIT         ?XD?EC11
            XDATA   0674H     0009H     UNIT         ?XD?_DELETE_MENU?MENU_LINK
            XDATA   067DH     0009H     UNIT         ?XD?_OLED_REFRESH_TIME?SCREEN
            XDATA   0686H     0008H     UNIT         ?XD?MYTIMER
            XDATA   068EH     0008H     UNIT         ?XD?MYUART
            XDATA   0696H     0008H     UNIT         ?XD?READ_PIXEL?SCREEN
            XDATA   069EH     0007H     UNIT         ?XD?_SHOW_SUBMENUS_NEXTLEVEL?MENU_LINK
            XDATA   06A5H     0006H     UNIT         ?XD?MENU
            XDATA   06ABH     0006H     UNIT         ?XD?_OLED_WR_BYTE_FAST?OLED
            XDATA   06B1H     0006H     UNIT         ?XD?_IIC_WR_BYTE_FAST?IIC
            XDATA   06B7H     0005H     UNIT         ?XD?_OLED_DRAWCUBE?OLED
            XDATA   06BCH     0005H     UNIT         ?XD?_IIC_WR_BYTE_CMD_FAST?IIC
            XDATA   06C1H     0003H     UNIT         ?XD?_TRAVERSAL_SUBMENUS?MENU_LINK
            XDATA   06C4H     0002H     UNIT         ?XD?_GET_ADCRESULT?ADC
            XDATA   06C6H     0002H     UNIT         ?XD?_IIC_WR_BYTE?IIC
            XDATA   06C8H     0001H     UNIT         ?XD?MY_UART_ECHO?MYUART
            XDATA   06C9H     0001H     UNIT         ?XD?KEY
            XDATA   06CAH     0001H     UNIT         ?XD?_IIC_WR_BYTE_DAT?IIC

BL51 BANKED LINKER/LOCATER V6.22.2.0                                                  12/12/2022  06:45:54  PAGE 3


            * * * * * * *   C O D E   M E M O R Y   * * * * * * *
            CODE    0000H     0003H     ABSOLUTE     
            CODE    0003H     0008H     UNIT         ?CO?MENU
            CODE    000BH     0003H     ABSOLUTE     
            CODE    000EH     000DH     UNIT         ?PR?_ADC_POWERCONTROL?ADC
            CODE    001BH     0003H     ABSOLUTE     
            CODE    001EH     0005H     UNIT         ?PR?DELAY15US?DELAY
            CODE    0023H     0003H     ABSOLUTE     
            CODE    0026H     0003H     UNIT         ?PR?TIMER1_INT?TIMER
                    0029H     0002H                  *** GAP ***
            CODE    002BH     0003H     ABSOLUTE     
            CODE    002EH     0030H     UNIT         ?PR?UART1_INIT?MYUART
            CODE    005EH     0003H     UNIT         ?PR?TIMER3_INT?TIMER
                    0061H     0002H                  *** GAP ***
            CODE    0063H     0003H     ABSOLUTE     
            CODE    0066H     002FH     UNIT         ?PR?_IIC_WR_BYTE?IIC
            CODE    0095H     0003H     UNIT         ?PR?TIMER4_INT?TIMER
            CODE    0098H     0003H     UNIT         ?PR?_MY_TX_WRITE2BUFF?MYUART
            CODE    009BH     0003H     ABSOLUTE     
            CODE    009EH     0003H     UNIT         ?PR?_MY_PRINTSTRING?MYUART
                    00A1H     0002H                  *** GAP ***
            CODE    00A3H     0003H     ABSOLUTE     
            CODE    00A6H     1C00H     UNIT         ?CO?MAIN
            CODE    1CA6H     1ABCH     UNIT         ?CO?OLED
            CODE    3762H     058BH     UNIT         ?C?LIB_CODE
            CODE    3CEDH     0460H     UNIT         ?PR?_OLED_DRAWLINE?OLED
            CODE    414DH     0365H     UNIT         ?PR?PRINTF?PRINTF
            CODE    44B2H     0331H     UNIT         ?PR?_TIMER_INILIZE?TIMER
            CODE    47E3H     0278H     UNIT         ?PR?_?FIND_NEXTMENU?MENU_LINK
            CODE    4A5BH     0277H     UNIT         ?PR?_GPIO_INILIZE?GPIO
            CODE    4CD2H     026AH     UNIT         ?PR?_?FIND_PREVMENU?MENU_LINK
            CODE    4F3CH     0258H     UNIT         ?PR?_DELETE_MENU?MENU_LINK
            CODE    5194H     0246H     UNIT         ?PR?_UART_CONFIGURATION?UART
            CODE    53DAH     0240H     UNIT         ?PR?_INSERT_MENU?MENU_LINK
            CODE    561AH     01B1H     UNIT         ?PR?_?FIND_PARMENU?MENU_LINK
            CODE    57CBH     01ADH     UNIT         ?PR?ADC_INT?EC11
            CODE    5978H     01A7H     UNIT         ?PR?_?FIND_MENU?MENU_LINK
            CODE    5B1FH     013BH     UNIT         ?PR?_OLED_SHOWCHAR?OLED
            CODE    5C5AH     0125H     UNIT         ?PR?_OLED_SHOWBMP?OLED
            CODE    5D7FH     011BH     UNIT         ?PR?_GET_ADCRESULT?ADC
            CODE    5E9AH     011BH     UNIT         ?PR?SCREEN_DRAWPIXEL?SCREEN
            CODE    5FB5H     0112H     UNIT         ?C_INITSEG
            CODE    60C7H     0107H     UNIT         ?PR?_OLED_SHOWNUM?OLED
            CODE    61CEH     00F6H     UNIT         ?PR?_?TRAVERSAL_MENUSYSTEM?MENU_LINK
            CODE    62C4H     00F5H     UNIT         ?CO?MENU_LINK
            CODE    63B9H     00E6H     UNIT         ?PR?_OLED_SHOWDECIMAL?OLED
            CODE    649FH     00E2H     UNIT         ?PR?MAIN?MAIN
            CODE    6581H     00DFH     UNIT         ?PR?_SCREEN_SHOW_SUBMENUS?MENU
            CODE    6660H     00DAH     UNIT         ?PR?_SHOW_SUBMENUS_NEXTLEVEL?MENU_LINK
            CODE    673AH     00C7H     UNIT         ?PR?_ADC_INILIZE?ADC
            CODE    6801H     00C7H     UNIT         ?PR?SCREEN_SHOW_POINTERMENU?MENU
            CODE    68C8H     00B6H     UNIT         ?PR?_OLED_DRAWPOINT?OLED
            CODE    697EH     00B5H     UNIT         ?PR?_OLED_REFRESH_TIME?SCREEN
            CODE    6A33H     00B5H     UNIT         ?PR?_OLED_SHOWSTRING?OLED
            CODE    6AE8H     0093H     UNIT         ?PR?SYSTEM_INIT?MAIN
            CODE    6B7BH     0092H     UNIT         ?C_C51STARTUP
            CODE    6C0DH     008FH     UNIT         ?PR?_OLED_SHOWNUMS?OLED
BL51 BANKED LINKER/LOCATER V6.22.2.0                                                  12/12/2022  06:45:54  PAGE 4


            CODE    6C9CH     0087H     UNIT         ?PR?MY_UART_ECHO?MYUART
            CODE    6D23H     0087H     UNIT         ?PR?UART1_INT?MYUART
            CODE    6DAAH     0083H     UNIT         ?PR?OLED_INIT?OLED
            CODE    6E2DH     007AH     UNIT         ?PR?READ_PIXEL?SCREEN
            CODE    6EA7H     0073H     UNIT         ?PR?_POINTERMENU_JUMPFORWARD?MENU
            CODE    6F1AH     0073H     UNIT         ?PR?_POINTERMENU_JUMPBACK?MENU
            CODE    6F8DH     0071H     UNIT         ?PR?TIMER2_INT?MYTIMER
            CODE    6FFEH     0060H     UNIT         ?PR?TIMER0_INT?MYTIMER
            CODE    705EH     005DH     UNIT         ?PR?_OLED_READPOINT?OLED
            CODE    70BBH     005CH     UNIT         ?PR?_JUDGE_EC11_ROTATE_DIR?EC11
            CODE    7117H     005BH     UNIT         ?PR?_OLED_DRAWCUBE?OLED
            CODE    7172H     0051H     UNIT         ?PR?_TRAVERSAL_SUBMENUS?MENU_LINK
            CODE    71C3H     004CH     UNIT         ?PR?_SCREEN_RESRATIO_INIT?SCREEN
            CODE    720FH     0049H     UNIT         ?PR?_MYPOW?OLED
            CODE    7258H     0046H     UNIT         ?PR?_IIC_WR_BYTE_FAST?IIC
            CODE    729EH     003EH     UNIT         ?PR?_KEY_SCAN?KEY
            CODE    72DCH     003CH     UNIT         ?PR?OLED_CLEAR?OLED
            CODE    7318H     003CH     UNIT         ?PR?_IIC_WR_BYTE_DAT_FAST?IIC
            CODE    7354H     003AH     UNIT         ?PR?OLED_SHOW_FREQ?SCREEN
            CODE    738EH     0039H     UNIT         ?PR?_IIC_WR_BYTE_CMD_FAST?IIC
            CODE    73C7H     0038H     UNIT         ?PR?EC11_ADC_CONFIG?EC11
            CODE    73FFH     002EH     UNIT         ?PR?_OLED_FILL?OLED
            CODE    742DH     002CH     UNIT         ?PR?_IIC_SEND_BYTE?IIC
            CODE    7459H     002BH     UNIT         ?PR?_TX1_WRITE2BUFF?UART
            CODE    7484H     0028H     UNIT         ?PR?MYTIMER0_INIT?MYTIMER
            CODE    74ACH     0026H     UNIT         ?PR?_IIC_WR_BYTE_DAT?IIC
            CODE    74D2H     0026H     UNIT         ?PR?_IIC_WR_BYTE_CMD?IIC
            CODE    74F8H     0025H     UNIT         ?CO?MYUART
            CODE    751DH     0025H     UNIT         ?PR?EC11_GPIO_CONFIG?EC11
            CODE    7542H     0024H     UNIT         ?PR?MYTIMER2_INIT?MYTIMER
            CODE    7566H     0020H     UNIT         ?PR?IIC_WAIT_ACK?IIC
            CODE    7586H     001EH     UNIT         ?PR?_?SCREEN_SET_FREQ?MENU_EVENT
            CODE    75A4H     001CH     UNIT         ?PR?OLED_REFRESH_GRAM?OLED
            CODE    75C0H     001BH     UNIT         ?CO?SCREEN
            CODE    75DBH     0019H     UNIT         ?PR?IIC_START?IIC
            CODE    75F4H     0018H     UNIT         ?PR?LED_GPIO_CONFIG?LED
            CODE    760CH     0018H     UNIT         ?PR?KEY_GPIO_CONFIG?KEY
            CODE    7624H     0017H     UNIT         ?PR?_DELAY_1_US?DELAY
            CODE    763BH     0017H     UNIT         ?PR?_DELAY_5_US?DELAY
            CODE    7652H     0017H     UNIT         ?PR?_DELAY_10_US?DELAY
            CODE    7669H     0017H     UNIT         ?PR?_DELAY_MS?DELAY
            CODE    7680H     0017H     UNIT         ?PR?_EC11_ADC_POWERCONTROL?EC11
            CODE    7697H     0016H     UNIT         ?PR?UART_GPIO_CONFIG?MYUART
            CODE    76ADH     0016H     UNIT         ?PR?OLED_SHOW_HELLO?SCREEN
            CODE    76C3H     0015H     UNIT         ?PR?IIC_GPIO_CONFIG?IIC
            CODE    76D8H     0013H     UNIT         ?PR?_PRINTSTRING1?UART
            CODE    76EBH     0010H     UNIT         ?PR?_OLED_SET_FREQ?SCREEN
            CODE    76FBH     000FH     UNIT         ?PR?MY_UART_INIT?MYUART
            CODE    770AH     000FH     UNIT         ?PR?OLED_DISPLAY_ON?OLED
            CODE    7719H     000FH     UNIT         ?PR?OLED_DISPLAY_OFF?OLED
            CODE    7728H     000FH     UNIT         ?PR?EC11_INIT?EC11
            CODE    7737H     000EH     UNIT         ?PR?_PUTCHAR?MYUART
            CODE    7745H     000EH     UNIT         ?PR?IIC_STOP?IIC
            CODE    7753H     000CH     UNIT         ?PR?MY_TIMER_INIT?MYTIMER
            CODE    775FH     000BH     UNIT         ?PR?_OLED_WR_BYTE_FAST?OLED
            CODE    776AH     0009H     UNIT         ?PR?_?SCREEN_SHOW_FREQ?MENU_EVENT
            CODE    7773H     0009H     UNIT         ?PR?GET_SCREEN_RESRATIO_TOTALCOL?SCREEN
BL51 BANKED LINKER/LOCATER V6.22.2.0                                                  12/12/2022  06:45:54  PAGE 5


            CODE    777CH     0009H     UNIT         ?PR?GET_SCREEN_RESRATIO_TOTALROW?SCREEN
            CODE    7785H     0009H     UNIT         ?PR?GET_SCREEN_RESRATIO_PIXELWIDTH?SCREEN
            CODE    778EH     0009H     UNIT         ?PR?GET_SCREEN_RESRATIO_PIXELHIGHT?SCREEN
            CODE    7797H     0009H     UNIT         ?PR?GET_SCREEN_RESRATIO_PIXELSTOTALCOL?SCREEN
            CODE    77A0H     0009H     UNIT         ?PR?GET_SCREEN_RESRATIO_PIXELSTOTALROW?SCREEN
            CODE    77A9H     0003H     UNIT         ?PR?_OLED_WR_BYTE?OLED
            CODE    77ACH     0003H     UNIT         ?PR?_OLED_WR_BYTE_DAT?OLED
            CODE    77AFH     0003H     UNIT         ?PR?_OLED_WR_BYTE_CMD?OLED
            CODE    77B2H     0003H     UNIT         ?PR?_OLED_WR_BYTE_DAT_FAST?OLED
            CODE    77B5H     0003H     UNIT         ?PR?_OLED_WR_BYTE_CMD_FAST?OLED
            CODE    77B8H     0003H     UNIT         ?PR?OLED_GPIO_INIT?OLED
            CODE    77BBH     0003H     UNIT         ?PR?LED_INIT?LED
            CODE    77BEH     0003H     UNIT         ?PR?_EC11_GETADCRESULT?EC11
            CODE    77C1H     0003H     UNIT         ?PR?KEY_INIT?KEY



OVERLAY MAP OF MODULE:   .\Object\EC11 (?C_STARTUP)


SEGMENT                                             BIT_GROUP          DATA_GROUP          XDATA_GROUP
  +--> CALLED SEGMENT                            START    LENGTH     START    LENGTH     START    LENGTH
--------------------------------------------------------------------------------------------------------
?C_C51STARTUP                                    -----    -----      -----    -----      -----    -----
  +--> ?PR?MAIN?MAIN
  +--> ?C_INITSEG

?PR?MAIN?MAIN                                    -----    -----      -----    -----      05B7H    0003H
  +--> ?PR?SYSTEM_INIT?MAIN
  +--> ?PR?_SCREEN_RESRATIO_INIT?SCREEN
  +--> ?PR?_SCREEN_SHOW_SUBMENUS?MENU
  +--> ?PR?OLED_REFRESH_GRAM?OLED
  +--> ?PR?_POINTERMENU_JUMPFORWARD?MENU
  +--> ?PR?_POINTERMENU_JUMPBACK?MENU
  +--> ?PR?_KEY_SCAN?KEY

?PR?SYSTEM_INIT?MAIN                             -----    -----      -----    -----      -----    -----
  +--> ?PR?MY_UART_INIT?MYUART
  +--> ?PR?MY_TIMER_INIT?MYTIMER
  +--> ?PR?LED_INIT?LED
  +--> ?PR?KEY_INIT?KEY
  +--> ?PR?EC11_INIT?EC11
  +--> ?PR?OLED_INIT?OLED
  +--> ?PR?_INSERT_MENU?MENU_LINK

?PR?MY_UART_INIT?MYUART                          -----    -----      -----    -----      -----    -----
  +--> ?PR?UART_GPIO_CONFIG?MYUART
  +--> ?PR?UART1_INIT?MYUART
  +--> ?CO?MYUART
  +--> ?PR?PRINTF?PRINTF

?PR?UART_GPIO_CONFIG?MYUART                      -----    -----      -----    -----      05BAH    0002H
  +--> ?PR?_GPIO_INILIZE?GPIO

?PR?UART1_INIT?MYUART                            -----    -----      -----    -----      05BAH    000CH
  +--> ?PR?_UART_CONFIGURATION?UART

BL51 BANKED LINKER/LOCATER V6.22.2.0                                                  12/12/2022  06:45:54  PAGE 6


?PR?_UART_CONFIGURATION?UART                     -----    -----      -----    -----      05C6H    0007H

?PR?PRINTF?PRINTF                                0020H.0  0001H.1    0008H    0005H      05E6H    0028H
  +--> ?PR?_PUTCHAR?MYUART

?PR?_PUTCHAR?MYUART                              -----    -----      -----    -----      060EH    0001H
  +--> ?PR?_MY_TX_WRITE2BUFF?MYUART

?PR?_MY_TX_WRITE2BUFF?MYUART                     -----    -----      -----    -----      -----    -----
  +--> ?PR?_TX1_WRITE2BUFF?UART

?PR?MY_TIMER_INIT?MYTIMER                        -----    -----      -----    -----      -----    -----
  +--> ?PR?MYTIMER0_INIT?MYTIMER
  +--> ?PR?MYTIMER2_INIT?MYTIMER

?PR?MYTIMER0_INIT?MYTIMER                        -----    -----      -----    -----      05BAH    0008H
  +--> ?PR?_TIMER_INILIZE?TIMER

?PR?MYTIMER2_INIT?MYTIMER                        -----    -----      -----    -----      05BAH    0008H
  +--> ?PR?_TIMER_INILIZE?TIMER

?PR?LED_INIT?LED                                 -----    -----      -----    -----      -----    -----
  +--> ?PR?LED_GPIO_CONFIG?LED

?PR?LED_GPIO_CONFIG?LED                          -----    -----      -----    -----      05BAH    0002H
  +--> ?PR?_GPIO_INILIZE?GPIO

?PR?KEY_INIT?KEY                                 -----    -----      -----    -----      -----    -----
  +--> ?PR?KEY_GPIO_CONFIG?KEY

?PR?KEY_GPIO_CONFIG?KEY                          -----    -----      -----    -----      05BAH    0002H
  +--> ?PR?_GPIO_INILIZE?GPIO

?PR?EC11_INIT?EC11                               -----    -----      -----    -----      -----    -----
  +--> ?PR?EC11_GPIO_CONFIG?EC11
  +--> ?PR?EC11_ADC_CONFIG?EC11

?PR?EC11_GPIO_CONFIG?EC11                        -----    -----      -----    -----      05BAH    0002H
  +--> ?PR?_GPIO_INILIZE?GPIO

?PR?EC11_ADC_CONFIG?EC11                         -----    -----      -----    -----      05BAH    0008H
  +--> ?PR?_ADC_INILIZE?ADC
  +--> ?PR?_EC11_ADC_POWERCONTROL?EC11

?PR?_EC11_ADC_POWERCONTROL?EC11                  -----    -----      -----    -----      05C2H    0001H
  +--> ?PR?_ADC_POWERCONTROL?ADC
  +--> ?PR?_DELAY_MS?DELAY

?PR?OLED_INIT?OLED                               -----    -----      -----    -----      -----    -----
  +--> ?PR?OLED_GPIO_INIT?OLED
  +--> ?PR?_OLED_WR_BYTE_CMD?OLED
  +--> ?PR?OLED_CLEAR?OLED

?PR?OLED_GPIO_INIT?OLED                          -----    -----      -----    -----      -----    -----
  +--> ?PR?IIC_GPIO_CONFIG?IIC

?PR?IIC_GPIO_CONFIG?IIC                          -----    -----      -----    -----      05BAH    0002H
BL51 BANKED LINKER/LOCATER V6.22.2.0                                                  12/12/2022  06:45:54  PAGE 7


  +--> ?PR?_GPIO_INILIZE?GPIO

?PR?_OLED_WR_BYTE_CMD?OLED                       -----    -----      -----    -----      -----    -----
  +--> ?PR?_IIC_WR_BYTE_CMD?IIC

?PR?_IIC_WR_BYTE_CMD?IIC                         -----    -----      -----    -----      05CCH    0001H
  +--> ?PR?IIC_START?IIC
  +--> ?PR?_IIC_SEND_BYTE?IIC
  +--> ?PR?IIC_WAIT_ACK?IIC
  +--> ?PR?IIC_STOP?IIC

?PR?IIC_WAIT_ACK?IIC                             -----    -----      -----    -----      -----    -----
  +--> ?PR?IIC_STOP?IIC

?PR?IIC_STOP?IIC                                 -----    -----      -----    -----      -----    -----
  +--> ?PR?_DELAY_1_US?DELAY

?PR?OLED_CLEAR?OLED                              -----    -----      -----    -----      -----    -----
  +--> ?PR?OLED_REFRESH_GRAM?OLED

?PR?OLED_REFRESH_GRAM?OLED                       -----    -----      -----    -----      -----    -----
  +--> ?PR?_OLED_WR_BYTE_CMD?OLED
  +--> ?PR?_OLED_WR_BYTE_DAT_FAST?OLED

?PR?_OLED_WR_BYTE_DAT_FAST?OLED                  -----    -----      -----    -----      -----    -----
  +--> ?PR?_IIC_WR_BYTE_DAT_FAST?IIC

?PR?_IIC_WR_BYTE_DAT_FAST?IIC                    -----    -----      -----    -----      05CCH    0005H
  +--> ?PR?IIC_START?IIC
  +--> ?PR?_IIC_SEND_BYTE?IIC
  +--> ?PR?IIC_WAIT_ACK?IIC
  +--> ?PR?IIC_STOP?IIC

?PR?_INSERT_MENU?MENU_LINK                       -----    -----      -----    -----      05BAH    002CH
  +--> ?PR?_?FIND_MENU?MENU_LINK
  +--> ?CO?MENU_LINK
  +--> ?PR?PRINTF?PRINTF

?PR?_SCREEN_RESRATIO_INIT?SCREEN                 -----    -----      -----    -----      05BAH    000CH

?PR?_SCREEN_SHOW_SUBMENUS?MENU                   -----    -----      -----    -----      05BAH    0007H
  +--> ?PR?OLED_CLEAR?OLED
  +--> ?PR?_OLED_SHOWSTRING?OLED
  +--> ?CO?MENU
  +--> ?PR?GET_SCREEN_RESRATIO_TOTALROW?SCREEN
  +--> ?PR?_OLED_FILL?OLED

?PR?_OLED_SHOWSTRING?OLED                        -----    -----      -----    -----      05C5H    0007H
  +--> ?PR?OLED_CLEAR?OLED
  +--> ?PR?_OLED_SHOWCHAR?OLED

?PR?_OLED_SHOWCHAR?OLED                          -----    -----      -----    -----      05CCH    0008H
  +--> ?CO?OLED
  +--> ?PR?_OLED_DRAWPOINT?OLED

?PR?_OLED_DRAWPOINT?OLED                         -----    -----      -----    -----      05D4H    0002H

BL51 BANKED LINKER/LOCATER V6.22.2.0                                                  12/12/2022  06:45:54  PAGE 8


?PR?_OLED_FILL?OLED                              -----    -----      -----    -----      05C5H    0005H
  +--> ?PR?_OLED_DRAWPOINT?OLED

?PR?_POINTERMENU_JUMPFORWARD?MENU                -----    -----      -----    -----      05BAH    0006H
  +--> ?PR?_?FIND_PREVMENU?MENU_LINK
  +--> ?PR?SCREEN_SHOW_POINTERMENU?MENU

?PR?SCREEN_SHOW_POINTERMENU?MENU                 -----    -----      -----    -----      05C0H    0005H
  +--> ?PR?GET_SCREEN_RESRATIO_TOTALROW?SCREEN
  +--> ?PR?_OLED_FILL?OLED
  +--> ?CO?MENU
  +--> ?PR?_OLED_SHOWSTRING?OLED

?PR?_POINTERMENU_JUMPBACK?MENU                   -----    -----      -----    -----      05BAH    0006H
  +--> ?PR?_?FIND_NEXTMENU?MENU_LINK
  +--> ?PR?SCREEN_SHOW_POINTERMENU?MENU

?PR?_KEY_SCAN?KEY                                -----    -----      -----    -----      05BAH    0001H
  +--> ?PR?_DELAY_MS?DELAY

?C_INITSEG                                       -----    -----      -----    -----      -----    -----
  +--> ?PR?_?SCREEN_SHOW_FREQ?MENU_EVENT
  +--> ?PR?_?SCREEN_SET_FREQ?MENU_EVENT

?PR?_?SCREEN_SHOW_FREQ?MENU_EVENT                -----    -----      -----    -----      -----    -----
  +--> ?PR?OLED_CLEAR?OLED
  +--> ?PR?OLED_SHOW_FREQ?SCREEN

?PR?OLED_SHOW_FREQ?SCREEN                        -----    -----      -----    -----      -----    -----
  +--> ?CO?SCREEN
  +--> ?PR?_OLED_SHOWSTRING?OLED
  +--> ?PR?_OLED_SHOWNUM?OLED

?PR?_OLED_SHOWNUM?OLED                           -----    -----      -----    -----      05B7H    000CH
  +--> ?PR?_MYPOW?OLED
  +--> ?PR?_OLED_SHOWCHAR?OLED

?PR?_MYPOW?OLED                                  -----    -----      -----    -----      05C3H    0006H

?PR?_?SCREEN_SET_FREQ?MENU_EVENT                 -----    -----      -----    -----      -----    -----
  +--> ?PR?OLED_CLEAR?OLED
  +--> ?PR?_OLED_SET_FREQ?SCREEN

*** NEW ROOT ***************************************************

?PR?ADC_INT?EC11                                 -----    -----      -----    -----      -----    -----
  +--> ?PR?_JUDGE_EC11_ROTATE_DIR?EC11



SYMBOL TABLE OF MODULE:  .\Object\EC11 (?C_STARTUP)

  VALUE           TYPE          NAME
  ----------------------------------

  -------         MODULE        ?C_STARTUP
  C:6B7BH         SEGMENT       ?C_C51STARTUP
BL51 BANKED LINKER/LOCATER V6.22.2.0                                                  12/12/2022  06:45:54  PAGE 9


  I:0022H         SEGMENT       ?STACK
  C:0000H         PUBLIC        ?C_STARTUP
  D:00E0H         SYMBOL        ACC
  D:00F0H         SYMBOL        B
  D:0083H         SYMBOL        DPH
  D:0082H         SYMBOL        DPL
  N:0000H         SYMBOL        IBPSTACK
  N:0100H         SYMBOL        IBPSTACKTOP
  N:0080H         SYMBOL        IDATALEN
  C:6B7EH         SYMBOL        IDATALOOP
  N:0000H         SYMBOL        PBPSTACK
  N:0100H         SYMBOL        PBPSTACKTOP
  N:0000H         SYMBOL        PDATALEN
  N:0000H         SYMBOL        PDATASTART
  N:0000H         SYMBOL        PPAGE
  N:0000H         SYMBOL        PPAGEENABLE
  D:00A0H         SYMBOL        PPAGE_SFR
  D:0081H         SYMBOL        SP
  C:6B7BH         SYMBOL        STARTUP1
  N:0001H         SYMBOL        XBPSTACK
  N:1000H         SYMBOL        XBPSTACKTOP
  N:0000H         SYMBOL        XDATALEN
  N:0000H         SYMBOL        XDATASTART
  C:0000H         LINE#         126
  C:6B7BH         LINE#         133
  C:6B7DH         LINE#         134
  C:6B7EH         LINE#         135
  C:6B7FH         LINE#         136
  C:6B81H         LINE#         176
  C:6B84H         LINE#         177
  C:6B87H         LINE#         185
  C:6B8AH         LINE#         196
  -------         ENDMOD        ?C_STARTUP

  -------         MODULE        DELAY
  C:0000H         SYMBOL        _ICE_DUMMY_
  D:0080H         PUBLIC        P0
  D:0090H         PUBLIC        P1
  D:00A0H         PUBLIC        P2
  D:00B0H         PUBLIC        P3
  D:00C0H         PUBLIC        P4
  D:00C8H         PUBLIC        P5
  D:00E8H         PUBLIC        P6
  D:00F8H         PUBLIC        P7
  D:00A8H         PUBLIC        IE
  D:00B8H         PUBLIC        IP
  C:7652H         PUBLIC        _delay_10_us
  D:00D8H         PUBLIC        CCON
  D:0098H         PUBLIC        SCON
  D:0088H         PUBLIC        TCON
  D:00F0H         PUBLIC        B
  C:001EH         PUBLIC        Delay15us
  D:00E0H         PUBLIC        ACC
  C:7669H         PUBLIC        _delay_ms
  C:7624H         PUBLIC        _delay_1_us
  C:763BH         PUBLIC        _delay_5_us
  D:00D0H         PUBLIC        PSW
BL51 BANKED LINKER/LOCATER V6.22.2.0                                                  12/12/2022  06:45:54  PAGE 10


  -------         PROC          DELAY15US
  -------         DO            
  D:0007H         SYMBOL        i
  -------         ENDDO         
  C:001EH         LINE#         3
  C:001EH         LINE#         4
  C:001EH         LINE#         7
  C:0020H         LINE#         8
  C:0022H         LINE#         9
  -------         ENDPROC       DELAY15US
  -------         PROC          _DELAY_1_US
  D:0006H         SYMBOL        us
  -------         DO            
  D:0004H         SYMBOL        i
  -------         ENDDO         
  C:7624H         LINE#         16
  C:7624H         LINE#         17
  C:7624H         LINE#         19
  C:7624H         LINE#         20
  C:7628H         LINE#         21
  C:7631H         LINE#         22
  C:763AH         LINE#         23
  -------         ENDPROC       _DELAY_1_US
  -------         PROC          _DELAY_5_US
  D:0006H         SYMBOL        _5us
  -------         DO            
  D:0004H         SYMBOL        i
  -------         ENDDO         
  C:763BH         LINE#         25
  C:763BH         LINE#         26
  C:763BH         LINE#         28
  C:763BH         LINE#         29
  C:763FH         LINE#         30
  C:7648H         LINE#         31
  C:7651H         LINE#         32
  -------         ENDPROC       _DELAY_5_US
  -------         PROC          _DELAY_10_US
  D:0006H         SYMBOL        _10us
  -------         DO            
  D:0004H         SYMBOL        i
  -------         ENDDO         
  C:7652H         LINE#         34
  C:7652H         LINE#         35
  C:7652H         LINE#         37
  C:7652H         LINE#         38
  C:7656H         LINE#         39
  C:765FH         LINE#         40
  C:7668H         LINE#         41
  -------         ENDPROC       _DELAY_10_US
  -------         PROC          _DELAY_MS
  D:0006H         SYMBOL        ms
  -------         DO            
  D:0004H         SYMBOL        i
  -------         ENDDO         
  C:7669H         LINE#         43
  C:7669H         LINE#         44
  C:7669H         LINE#         46
BL51 BANKED LINKER/LOCATER V6.22.2.0                                                  12/12/2022  06:45:54  PAGE 11


  C:7669H         LINE#         47
  C:766DH         LINE#         48
  C:7676H         LINE#         49
  C:767FH         LINE#         50
  -------         ENDPROC       _DELAY_MS
  -------         ENDMOD        DELAY

  -------         MODULE        GPIO
  C:0000H         SYMBOL        _ICE_DUMMY_
  D:0093H         PUBLIC        P0M1
  D:0092H         PUBLIC        P1M0
  D:0096H         PUBLIC        P2M0
  D:0091H         PUBLIC        P1M1
  D:0080H         PUBLIC        P0
  D:00B2H         PUBLIC        P3M0
  D:0095H         PUBLIC        P2M1
  D:0090H         PUBLIC        P1
  D:00B4H         PUBLIC        P4M0
  D:00B1H         PUBLIC        P3M1
  D:00A0H         PUBLIC        P2
  D:00CAH         PUBLIC        P5M0
  D:00B3H         PUBLIC        P4M1
  D:00B0H         PUBLIC        P3
  D:00CCH         PUBLIC        P6M0
  D:00C9H         PUBLIC        P5M1
  D:00C0H         PUBLIC        P4
  D:00E2H         PUBLIC        P7M0
  D:00CBH         PUBLIC        P6M1
  D:00C8H         PUBLIC        P5
  D:00E8H         PUBLIC        P6
  D:00E1H         PUBLIC        P7M1
  D:00F8H         PUBLIC        P7
  D:00A8H         PUBLIC        IE
  D:00B8H         PUBLIC        IP
  D:00D8H         PUBLIC        CCON
  D:0098H         PUBLIC        SCON
  D:0088H         PUBLIC        TCON
  D:00F0H         PUBLIC        B
  D:00E0H         PUBLIC        ACC
  C:4A5BH         PUBLIC        _GPIO_Inilize
  D:00D0H         PUBLIC        PSW
  D:0094H         PUBLIC        P0M0
  -------         PROC          _GPIO_INILIZE
  D:0007H         SYMBOL        GPIO
  D:0001H         SYMBOL        GPIOx
  C:4A5BH         LINE#         28
  C:4A5BH         LINE#         29
  C:4A5BH         LINE#         30
  C:4A68H         LINE#         31
  C:4A78H         LINE#         32
  C:4A7BH         LINE#         33
  C:4A7BH         LINE#         34
  C:4A89H         LINE#         35
  C:4A9BH         LINE#         36
  C:4AADH         LINE#         37
  C:4ABFH         LINE#         38
  C:4ABFH         LINE#         39
BL51 BANKED LINKER/LOCATER V6.22.2.0                                                  12/12/2022  06:45:54  PAGE 12


  C:4AC4H         LINE#         40
  C:4AC4H         LINE#         41
  C:4AD5H         LINE#         42
  C:4AE5H         LINE#         43
  C:4AF6H         LINE#         44
  C:4B0AH         LINE#         45
  C:4B0AH         LINE#         46
  C:4B0FH         LINE#         47
  C:4B0FH         LINE#         48
  C:4B20H         LINE#         49
  C:4B30H         LINE#         50
  C:4B41H         LINE#         51
  C:4B55H         LINE#         52
  C:4B55H         LINE#         53
  C:4B5AH         LINE#         54
  C:4B5AH         LINE#         55
  C:4B6BH         LINE#         56
  C:4B7BH         LINE#         57
  C:4B8CH         LINE#         58
  C:4BA0H         LINE#         59
  C:4BA0H         LINE#         60
  C:4BA5H         LINE#         61
  C:4BA5H         LINE#         62
  C:4BB6H         LINE#         63
  C:4BC6H         LINE#         64
  C:4BD7H         LINE#         65
  C:4BEBH         LINE#         66
  C:4BEBH         LINE#         67
  C:4BF0H         LINE#         68
  C:4BF0H         LINE#         69
  C:4C01H         LINE#         70
  C:4C11H         LINE#         71
  C:4C22H         LINE#         72
  C:4C36H         LINE#         73
  C:4C36H         LINE#         74
  C:4C3BH         LINE#         75
  C:4C3BH         LINE#         76
  C:4C4CH         LINE#         77
  C:4C5CH         LINE#         78
  C:4C6DH         LINE#         79
  C:4C81H         LINE#         80
  C:4C81H         LINE#         81
  C:4C86H         LINE#         82
  C:4C86H         LINE#         83
  C:4C99H         LINE#         84
  C:4CAAH         LINE#         85
  C:4CBBH         LINE#         86
  C:4CCFH         LINE#         87
  C:4CCFH         LINE#         88
  C:4CD1H         LINE#         89
  -------         ENDPROC       _GPIO_INILIZE
  -------         ENDMOD        GPIO

  -------         MODULE        TIMER
  C:0000H         SYMBOL        _ICE_DUMMY_
  D:0080H         PUBLIC        P0
  D:0090H         PUBLIC        P1
BL51 BANKED LINKER/LOCATER V6.22.2.0                                                  12/12/2022  06:45:54  PAGE 13


  D:00A0H         PUBLIC        P2
  C:0026H         PUBLIC        timer1_int
  D:00B0H         PUBLIC        P3
  D:00C0H         PUBLIC        P4
  C:005EH         PUBLIC        timer3_int
  D:00C8H         PUBLIC        P5
  C:0095H         PUBLIC        timer4_int
  D:00E8H         PUBLIC        P6
  D:00F8H         PUBLIC        P7
  D:00A8H         PUBLIC        IE
  D:00B8H         PUBLIC        IP
  D:00D8H         PUBLIC        CCON
  D:0098H         PUBLIC        SCON
  D:0089H         PUBLIC        TMOD
  D:0088H         PUBLIC        TCON
  B:00E8H.3       PUBLIC        P63
  B:00E8H.4       PUBLIC        P64
  B:00E8H.6       PUBLIC        P66
  C:44B2H         PUBLIC        _Timer_Inilize
  D:00AFH         PUBLIC        IE2
  D:00F0H         PUBLIC        B
  D:008EH         PUBLIC        AUXR
  D:00E0H         PUBLIC        ACC
  B:00A8H.1       PUBLIC        ET0
  B:00A8H.3       PUBLIC        ET1
  D:008CH         PUBLIC        TH0
  D:008DH         PUBLIC        TH1
  D:00D6H         PUBLIC        TH2
  D:00D4H         PUBLIC        TH3
  D:00D2H         PUBLIC        TH4
  D:008AH         PUBLIC        TL0
  D:008BH         PUBLIC        TL1
  D:00D7H         PUBLIC        TL2
  D:00D5H         PUBLIC        TL3
  B:00B8H.1       PUBLIC        PT0
  D:00D3H         PUBLIC        TL4
  B:00B8H.3       PUBLIC        PT1
  B:0088H.4       PUBLIC        TR0
  B:0088H.6       PUBLIC        TR1
  D:00D1H         PUBLIC        T4T3M
  D:00B7H         PUBLIC        IPH
  D:008FH         PUBLIC        INT_CLKO
  D:00D0H         PUBLIC        PSW
  -------         PROC          TIMER1_INT
  C:0026H         LINE#         22
  C:0026H         LINE#         24
  C:0028H         LINE#         25
  -------         ENDPROC       TIMER1_INT
  -------         PROC          TIMER3_INT
  C:005EH         LINE#         28
  C:005EH         LINE#         30
  C:0060H         LINE#         31
  -------         ENDPROC       TIMER3_INT
  -------         PROC          TIMER4_INT
  C:0095H         LINE#         34
  C:0095H         LINE#         36
  C:0097H         LINE#         37
BL51 BANKED LINKER/LOCATER V6.22.2.0                                                  12/12/2022  06:45:54  PAGE 14


  -------         ENDPROC       TIMER4_INT
  -------         PROC          _TIMER_INILIZE
  D:0005H         SYMBOL        TIM
  D:0001H         SYMBOL        TIMx
  C:44B2H         LINE#         47
  C:44B4H         LINE#         48
  C:44B4H         LINE#         49
  C:44C1H         LINE#         51
  C:44C7H         LINE#         52
  C:44C7H         LINE#         53
  C:44C9H         LINE#         54
  C:44D7H         LINE#         55
  C:44D9H         LINE#         56
  C:44ECH         LINE#         57
  C:4518H         LINE#         59
  C:4528H         LINE#         60
  C:452FH         LINE#         61
  C:453FH         LINE#         62
  C:4546H         LINE#         63
  C:4551H         LINE#         64
  C:4554H         LINE#         65
  C:4563H         LINE#         66
  C:4566H         LINE#         68
  C:4578H         LINE#         69
  C:4584H         LINE#         70
  C:4587H         LINE#         71
  C:4587H         LINE#         73
  C:458FH         LINE#         74
  C:458FH         LINE#         75
  C:4591H         LINE#         76
  C:459FH         LINE#         77
  C:45A1H         LINE#         78
  C:45B4H         LINE#         79
  C:45E0H         LINE#         80
  C:45F0H         LINE#         81
  C:45FCH         LINE#         82
  C:460CH         LINE#         83
  C:4613H         LINE#         84
  C:461EH         LINE#         85
  C:4621H         LINE#         86
  C:4630H         LINE#         87
  C:4633H         LINE#         89
  C:4645H         LINE#         90
  C:4651H         LINE#         91
  C:4654H         LINE#         92
  C:4654H         LINE#         94
  C:4659H         LINE#         95
  C:4659H         LINE#         96
  C:465CH         LINE#         97
  C:466BH         LINE#         98
  C:466EH         LINE#         99
  C:4681H         LINE#         100
  C:468CH         LINE#         101
  C:4693H         LINE#         102
  C:469EH         LINE#         103
  C:46A1H         LINE#         104
  C:46B0H         LINE#         105
BL51 BANKED LINKER/LOCATER V6.22.2.0                                                  12/12/2022  06:45:54  PAGE 15


  C:46B3H         LINE#         107
  C:46C5H         LINE#         108
  C:46D2H         LINE#         109
  C:46D5H         LINE#         110
  C:46D5H         LINE#         112
  C:46DAH         LINE#         113
  C:46DAH         LINE#         114
  C:46DDH         LINE#         115
  C:46ECH         LINE#         116
  C:46EFH         LINE#         117
  C:4702H         LINE#         118
  C:470DH         LINE#         119
  C:4714H         LINE#         120
  C:471FH         LINE#         121
  C:4722H         LINE#         122
  C:4731H         LINE#         123
  C:4734H         LINE#         125
  C:4746H         LINE#         126
  C:4753H         LINE#         127
  C:4756H         LINE#         128
  C:4756H         LINE#         130
  C:475EH         LINE#         131
  C:475EH         LINE#         132
  C:4761H         LINE#         133
  C:4770H         LINE#         134
  C:4773H         LINE#         135
  C:4788H         LINE#         136
  C:4791H         LINE#         137
  C:479CH         LINE#         138
  C:47ABH         LINE#         139
  C:47AEH         LINE#         140
  C:47BDH         LINE#         141
  C:47C0H         LINE#         143
  C:47D0H         LINE#         144
  C:47DDH         LINE#         145
  C:47E0H         LINE#         146
  C:47E0H         LINE#         147
  C:47E2H         LINE#         148
  -------         ENDPROC       _TIMER_INILIZE
  -------         ENDMOD        TIMER

  -------         MODULE        UART
  C:0000H         SYMBOL        _ICE_DUMMY_
  C:5194H         PUBLIC        _UART_Configuration
  D:0080H         PUBLIC        P0
  D:0090H         PUBLIC        P1
  D:00A0H         PUBLIC        P2
  D:00B0H         PUBLIC        P3
  D:00C0H         PUBLIC        P4
  D:00C8H         PUBLIC        P5
  D:00E8H         PUBLIC        P6
  D:00F8H         PUBLIC        P7
  D:00A2H         PUBLIC        P_SW1
  D:00A8H         PUBLIC        IE
  X:0401H         PUBLIC        COM1
  B:00A8H.4       PUBLIC        ES
  D:00B8H         PUBLIC        IP
BL51 BANKED LINKER/LOCATER V6.22.2.0                                                  12/12/2022  06:45:54  PAGE 16


  X:0408H         PUBLIC        RX1_Buffer
  X:0488H         PUBLIC        TX1_Buffer
  B:0098H.1       PUBLIC        TI
  B:00B8H.4       PUBLIC        PS
  D:00D8H         PUBLIC        CCON
  D:0087H         PUBLIC        PCON
  D:0098H         PUBLIC        SCON
  D:0089H         PUBLIC        TMOD
  D:0088H         PUBLIC        TCON
  C:76D8H         PUBLIC        _PrintString1
  D:00AFH         PUBLIC        IE2
  D:00F0H         PUBLIC        B
  D:008EH         PUBLIC        AUXR
  C:7459H         PUBLIC        _TX1_write2buff
  D:00E0H         PUBLIC        ACC
  B:00A8H.3       PUBLIC        ET1
  D:008DH         PUBLIC        TH1
  D:00D6H         PUBLIC        TH2
  D:008BH         PUBLIC        TL1
  D:00D7H         PUBLIC        TL2
  B:0088H.6       PUBLIC        TR1
  D:00B7H         PUBLIC        IPH
  B:0098H.4       PUBLIC        REN
  D:008FH         PUBLIC        INT_CLKO
  D:00D0H         PUBLIC        PSW
  -------         PROC          _UART_CONFIGURATION
  D:0007H         SYMBOL        UARTx
  X:05C6H         SYMBOL        COMx
  -------         DO            
  D:0007H         SYMBOL        i
  X:05C9H         SYMBOL        j
  -------         ENDDO         
  C:5194H         LINE#         37
  C:519FH         LINE#         38
  C:519FH         LINE#         43
  C:51A7H         LINE#         44
  C:51A7H         LINE#         45
  C:51ACH         LINE#         46
  C:51AFH         LINE#         47
  C:51B1H         LINE#         48
  C:51B3H         LINE#         49
  C:51B5H         LINE#         50
  C:51B7H         LINE#         51
  C:51B9H         LINE#         52
  C:51D3H         LINE#         53
  C:51EEH         LINE#         55
  C:520EH         LINE#         56
  C:524EH         LINE#         57
  C:5260H         LINE#         58
  C:526BH         LINE#         59
  C:5279H         LINE#         60
  C:5279H         LINE#         61
  C:5290H         LINE#         62
  C:52ADH         LINE#         63
  C:52CFH         LINE#         64
  C:52E7H         LINE#         65
  C:52E7H         LINE#         66
BL51 BANKED LINKER/LOCATER V6.22.2.0                                                  12/12/2022  06:45:54  PAGE 17


  C:52E9H         LINE#         67
  C:52ECH         LINE#         68
  C:52EFH         LINE#         69
  C:52F2H         LINE#         70
  C:52F5H         LINE#         71
  C:530AH         LINE#         72
  C:5313H         LINE#         73
  C:5315H         LINE#         74
  C:5318H         LINE#         75
  C:531BH         LINE#         76
  C:531DH         LINE#         77
  C:531FH         LINE#         78
  C:5325H         LINE#         79
  C:5325H         LINE#         80
  C:5328H         LINE#         81
  C:532BH         LINE#         82
  C:532EH         LINE#         83
  C:5331H         LINE#         84
  C:5346H         LINE#         85
  C:534FH         LINE#         86
  C:5352H         LINE#         87
  C:5355H         LINE#         88
  C:5357H         LINE#         89
  C:535AH         LINE#         90
  C:535AH         LINE#         91
  C:536DH         LINE#         92
  C:536DH         LINE#         93
  C:537CH         LINE#         94
  C:537FH         LINE#         95
  C:5381H         LINE#         96
  C:5387H         LINE#         97
  C:5387H         LINE#         98
  C:5396H         LINE#         99
  C:5399H         LINE#         100
  C:5399H         LINE#         101
  C:53B2H         LINE#         102
  C:53B4H         LINE#         103
  C:53C2H         LINE#         104
  C:53C4H         LINE#         105
  C:53D4H         LINE#         106
  C:53D7H         LINE#         107
  C:53D7H         LINE#         252
  C:53D9H         LINE#         253
  -------         ENDPROC       _UART_CONFIGURATION
  -------         PROC          _TX1_WRITE2BUFF
  D:0007H         SYMBOL        dat
  C:7459H         LINE#         259
  C:7459H         LINE#         260
  C:7459H         LINE#         261
  C:7468H         LINE#         262
  C:7479H         LINE#         264
  C:747FH         LINE#         265
  C:747FH         LINE#         266
  C:7481H         LINE#         267
  C:7483H         LINE#         268
  C:7483H         LINE#         269
  -------         ENDPROC       _TX1_WRITE2BUFF
BL51 BANKED LINKER/LOCATER V6.22.2.0                                                  12/12/2022  06:45:54  PAGE 18


  -------         PROC          _PRINTSTRING1
  D:0001H         SYMBOL        puts
  C:76D8H         LINE#         271
  C:76D8H         LINE#         272
  C:76D8H         LINE#         273
  C:76EAH         LINE#         274
  -------         ENDPROC       _PRINTSTRING1
  -------         ENDMOD        UART

  -------         MODULE        ADC
  C:0000H         SYMBOL        _ICE_DUMMY_
  D:0080H         PUBLIC        P0
  D:0090H         PUBLIC        P1
  C:673AH         PUBLIC        _ADC_Inilize
  D:00A0H         PUBLIC        P2
  D:00B0H         PUBLIC        P3
  D:00C0H         PUBLIC        P4
  D:00C8H         PUBLIC        P5
  D:00E8H         PUBLIC        P6
  D:00F8H         PUBLIC        P7
  D:00BAH         PUBLIC        P_SW2
  B:00A8H.5       PUBLIC        EADC
  D:00A8H         PUBLIC        IE
  D:00BDH         PUBLIC        ADC_RES
  B:00B8H.5       PUBLIC        PADC
  D:00B8H         PUBLIC        IP
  D:00DEH         PUBLIC        ADCCFG
  C:000EH         PUBLIC        _ADC_PowerControl
  D:00D8H         PUBLIC        CCON
  D:00BCH         PUBLIC        ADC_CONTR
  D:0098H         PUBLIC        SCON
  D:0088H         PUBLIC        TCON
  D:00F0H         PUBLIC        B
  D:00E0H         PUBLIC        ACC
  C:5D7FH         PUBLIC        _Get_ADCResult
  D:00BEH         PUBLIC        ADC_RESL
  D:00B7H         PUBLIC        IPH
  D:00D0H         PUBLIC        PSW
  -------         PROC          _ADC_INILIZE
  D:0001H         SYMBOL        ADCx
  C:673AH         LINE#         23
  C:673AH         LINE#         24
  C:673AH         LINE#         25
  C:6748H         LINE#         26
  C:6757H         LINE#         27
  C:675AH         LINE#         28
  C:6769H         LINE#         29
  C:676CH         LINE#         30
  C:677AH         LINE#         31
  C:677CH         LINE#         32
  C:678EH         LINE#         33
  C:67B7H         LINE#         35
  C:67C3H         LINE#         36
  C:67D3H         LINE#         37
  C:67E3H         LINE#         38
  C:67E6H         LINE#         39
  C:67FDH         LINE#         40
BL51 BANKED LINKER/LOCATER V6.22.2.0                                                  12/12/2022  06:45:54  PAGE 19


  C:6800H         LINE#         41
  -------         ENDPROC       _ADC_INILIZE
  -------         PROC          _ADC_POWERCONTROL
  D:0007H         SYMBOL        pwr
  C:000EH         LINE#         51
  C:000EH         LINE#         52
  C:000EH         LINE#         53
  C:0017H         LINE#         54
  C:001AH         LINE#         55
  -------         ENDPROC       _ADC_POWERCONTROL
  -------         PROC          _GET_ADCRESULT
  D:0007H         SYMBOL        channel
  -------         DO            
  X:06C4H         SYMBOL        adc
  D:0005H         SYMBOL        i
  -------         ENDDO         
  C:5D7FH         LINE#         64
  C:5D7FH         LINE#         65
  C:5D7FH         LINE#         69
  C:5D8CH         LINE#         70
  C:5D8FH         LINE#         71
  C:5D91H         LINE#         73
  C:5D9AH         LINE#         75
  C:5E3AH         LINE#         77
  C:5E46H         LINE#         78
  C:5E46H         LINE#         79
  C:5E4BH         LINE#         80
  C:5E4BH         LINE#         81
  C:5E4EH         LINE#         82
  C:5E55H         LINE#         83
  C:5E55H         LINE#         84
  C:5E60H         LINE#         85
  C:5E62H         LINE#         87
  C:5E62H         LINE#         89
  C:5E6AH         LINE#         90
  C:5E89H         LINE#         95
  C:5E89H         LINE#         96
  C:5E92H         LINE#         97
  C:5E92H         LINE#         98
  C:5E95H         LINE#         99
  C:5E99H         LINE#         100
  -------         ENDPROC       _GET_ADCRESULT
  -------         ENDMOD        ADC

  -------         MODULE        MYTIMER
  C:0000H         SYMBOL        _ICE_DUMMY_
  D:0080H         PUBLIC        P0
  D:0090H         PUBLIC        P1
  C:6FFEH         PUBLIC        timer0_int
  D:00A0H         PUBLIC        P2
  D:00B0H         PUBLIC        P3
  C:6F8DH         PUBLIC        timer2_int
  D:00C0H         PUBLIC        P4
  D:00C8H         PUBLIC        P5
  D:00E8H         PUBLIC        P6
  D:00F8H         PUBLIC        P7
  D:00A8H         PUBLIC        IE
BL51 BANKED LINKER/LOCATER V6.22.2.0                                                  12/12/2022  06:45:54  PAGE 20


  D:00B8H         PUBLIC        IP
  C:7753H         PUBLIC        My_Timer_Init
  D:00D8H         PUBLIC        CCON
  D:0098H         PUBLIC        SCON
  D:0088H         PUBLIC        TCON
  X:068AH         PUBLIC        sec
  D:00F0H         PUBLIC        B
  D:00E0H         PUBLIC        ACC
  C:7484H         SYMBOL        MyTimer0_Init
  C:7542H         SYMBOL        MyTimer2_Init
  D:00D0H         PUBLIC        PSW
  -------         PROC          MYTIMER0_INIT
  -------         DO            
  X:05BAH         SYMBOL        TIM_InitStructure
  -------         ENDDO         
  C:7484H         LINE#         7
  C:7484H         LINE#         8
  C:7484H         LINE#         11
  C:7489H         LINE#         12
  C:748CH         LINE#         13
  C:748EH         LINE#         14
  C:7491H         LINE#         15
  C:7493H         LINE#         16
  C:749AH         LINE#         17
  C:749DH         LINE#         18
  C:74ABH         LINE#         19
  -------         ENDPROC       MYTIMER0_INIT
  -------         PROC          MYTIMER2_INIT
  -------         DO            
  X:05BAH         SYMBOL        TIM_InitStructure
  -------         ENDDO         
  C:7542H         LINE#         21
  C:7542H         LINE#         22
  C:7542H         LINE#         25
  C:7548H         LINE#         26
  C:754BH         LINE#         27
  C:754DH         LINE#         28
  C:7554H         LINE#         29
  C:7557H         LINE#         30
  C:7565H         LINE#         31
  -------         ENDPROC       MYTIMER2_INIT
  -------         PROC          MY_TIMER_INIT
  C:7753H         LINE#         33
  C:7753H         LINE#         34
  C:7753H         LINE#         35
  C:7759H         LINE#         36
  C:775CH         LINE#         37
  -------         ENDPROC       MY_TIMER_INIT
  -------         PROC          TIMER0_INT
  -------         DO            
  X:0686H         SYMBOL        counter
  -------         ENDDO         
  C:6FFEH         LINE#         44
  C:7015H         LINE#         48
  C:7023H         LINE#         49
  C:703EH         LINE#         50
  C:7042H         LINE#         51
BL51 BANKED LINKER/LOCATER V6.22.2.0                                                  12/12/2022  06:45:54  PAGE 21


  C:7049H         LINE#         52
  C:7049H         LINE#         53
  -------         ENDPROC       TIMER0_INT
  -------         PROC          TIMER2_INT
  -------         DO            
  X:0688H         SYMBOL        counter
  -------         ENDDO         
  C:6F8DH         LINE#         57
  C:6FA4H         LINE#         61
  C:6FB2H         LINE#         62
  C:6FC1H         LINE#         63
  C:6FC5H         LINE#         64
  C:6FE2H         LINE#         65
  C:6FE9H         LINE#         66
  C:6FE9H         LINE#         67
  -------         ENDPROC       TIMER2_INT
  -------         ENDMOD        MYTIMER

  -------         MODULE        MYUART
  C:0000H         SYMBOL        _ICE_DUMMY_
  D:0080H         PUBLIC        P0
  D:0090H         PUBLIC        P1
  D:00A0H         PUBLIC        P2
  D:00B0H         PUBLIC        P3
  D:00C0H         PUBLIC        P4
  D:00C8H         PUBLIC        P5
  D:00E8H         PUBLIC        P6
  X:068EH         PUBLIC        My_COM
  D:00F8H         PUBLIC        P7
  C:7697H         SYMBOL        UART_GPIO_Config
  D:00A8H         PUBLIC        IE
  X:0691H         PUBLIC        My_RX_Buffer
  X:0693H         PUBLIC        My_TX_Buffer
  D:00B8H         PUBLIC        IP
  B:0098H.0       PUBLIC        RI
  C:6D23H         PUBLIC        UART1_int
  B:0098H.1       PUBLIC        TI
  D:00D8H         PUBLIC        CCON
  D:0099H         PUBLIC        SBUF
  C:009EH         PUBLIC        _My_PrintString
  D:0098H         PUBLIC        SCON
  D:0088H         PUBLIC        TCON
  C:0098H         PUBLIC        _My_TX_write2buff
  D:00F0H         PUBLIC        B
  C:6C9CH         PUBLIC        My_UART_Echo
  D:00E0H         PUBLIC        ACC
  X:0695H         PUBLIC        My_RX_Cnt
  C:76FBH         PUBLIC        My_UART_Init
  C:002EH         SYMBOL        UART1_Init
  D:00D0H         PUBLIC        PSW
  C:7737H         PUBLIC        _putchar
  -------         PROC          _PUTCHAR
  X:060EH         SYMBOL        ch
  C:7737H         LINE#         21
  C:773CH         LINE#         22
  C:773CH         LINE#         23
  C:773FH         LINE#         24
BL51 BANKED LINKER/LOCATER V6.22.2.0                                                  12/12/2022  06:45:54  PAGE 22


  C:7744H         LINE#         25
  -------         ENDPROC       _PUTCHAR
  -------         PROC          UART_GPIO_CONFIG
  -------         DO            
  X:05BAH         SYMBOL        GPIO_InitStructure
  -------         ENDDO         
  C:7697H         LINE#         28
  C:7697H         LINE#         29
  C:7697H         LINE#         32
  C:769DH         LINE#         33
  C:76A2H         LINE#         34
  -------         ENDPROC       UART_GPIO_CONFIG
  -------         PROC          UART1_INIT
  -------         DO            
  X:05BAH         SYMBOL        COMx_InitStructure
  -------         ENDDO         
  C:002EH         LINE#         37
  C:002EH         LINE#         38
  C:002EH         LINE#         41
  C:0034H         LINE#         42
  C:0038H         LINE#         43
  C:0040H         LINE#         44
  C:0045H         LINE#         45
  C:0048H         LINE#         46
  C:004BH         LINE#         47
  C:004EH         LINE#         48
  C:0051H         LINE#         49
  C:0053H         LINE#         50
  -------         ENDPROC       UART1_INIT
  -------         PROC          MY_UART_INIT
  C:76FBH         LINE#         53
  C:76FBH         LINE#         54
  C:76FBH         LINE#         55
  C:76FEH         LINE#         56
  C:7701H         LINE#         58
  -------         ENDPROC       MY_UART_INIT
  -------         PROC          _MY_TX_WRITE2BUFF
  D:0007H         SYMBOL        dat
  C:0098H         LINE#         62
  C:0098H         LINE#         63
  C:0098H         LINE#         64
  -------         ENDPROC       _MY_TX_WRITE2BUFF
  -------         PROC          _MY_PRINTSTRING
  D:0001H         SYMBOL        puts
  C:009EH         LINE#         67
  C:009EH         LINE#         68
  C:009EH         LINE#         69
  -------         ENDPROC       _MY_PRINTSTRING
  -------         PROC          MY_UART_ECHO
  -------         DO            
  X:06C8H         SYMBOL        i
  -------         ENDDO         
  C:6C9CH         LINE#         73
  C:6C9CH         LINE#         74
  C:6C9CH         LINE#         77
  C:6CB6H         LINE#         78
  C:6CB6H         LINE#         79
BL51 BANKED LINKER/LOCATER V6.22.2.0                                                  12/12/2022  06:45:54  PAGE 23


  C:6CC0H         LINE#         80
  C:6CC0H         LINE#         81
  C:6CD0H         LINE#         82
  C:6CD0H         LINE#         83
  C:6CD5H         LINE#         84
  C:6D10H         LINE#         85
  C:6D22H         LINE#         86
  C:6D22H         LINE#         87
  C:6D22H         LINE#         88
  C:6D22H         LINE#         89
  -------         ENDPROC       MY_UART_ECHO
  -------         PROC          UART1_INT
  C:6D23H         LINE#         92
  C:6D32H         LINE#         94
  C:6D35H         LINE#         95
  C:6D35H         LINE#         96
  C:6D37H         LINE#         97
  C:6D3DH         LINE#         98
  C:6D3DH         LINE#         99
  C:6D4CH         LINE#         100
  C:6D60H         LINE#         101
  C:6D66H         LINE#         102
  C:6D66H         LINE#         103
  C:6D66H         LINE#         105
  C:6D69H         LINE#         106
  C:6D69H         LINE#         107
  C:6D6BH         LINE#         108
  C:6D78H         LINE#         109
  C:6D78H         LINE#         110
  C:6D85H         LINE#         111
  C:6D96H         LINE#         112
  C:6D98H         LINE#         113
  C:6D9DH         LINE#         114
  C:6D9DH         LINE#         115
  -------         ENDPROC       UART1_INT
  -------         ENDMOD        MYUART

  -------         MODULE        MAIN
  C:0000H         SYMBOL        _ICE_DUMMY_
  C:6AE8H         PUBLIC        System_Init
  D:0080H         PUBLIC        P0
  D:0090H         PUBLIC        P1
  D:00A0H         PUBLIC        P2
  D:00B0H         PUBLIC        P3
  D:00C0H         PUBLIC        P4
  D:00C8H         PUBLIC        P5
  B:00A8H.7       PUBLIC        EA
  D:00E8H         PUBLIC        P6
  D:00F8H         PUBLIC        P7
  D:00A8H         PUBLIC        IE
  X:0508H         PUBLIC        menu_ThreeLevel
  D:00B8H         PUBLIC        IP
  D:00D8H         PUBLIC        CCON
  C:649FH         PUBLIC        main
  X:054EH         PUBLIC        menu_Start
  D:0098H         PUBLIC        SCON
  D:0088H         PUBLIC        TCON
BL51 BANKED LINKER/LOCATER V6.22.2.0                                                  12/12/2022  06:45:54  PAGE 24


  X:0571H         PUBLIC        menu_OneLevel
  D:00F0H         PUBLIC        B
  X:0000H         PUBLIC        address_is_null
  D:00E0H         PUBLIC        ACC
  X:0594H         PUBLIC        menu_TwoLevel
  C:00A6H         PUBLIC        bailan
  D:00D0H         PUBLIC        PSW
  -------         PROC          SYSTEM_INIT
  C:6AE8H         LINE#         42
  C:6AE8H         LINE#         43
  C:6AE8H         LINE#         44
  C:6AEBH         LINE#         45
  C:6AEEH         LINE#         46
  C:6AF1H         LINE#         47
  C:6AF4H         LINE#         48
  C:6AF7H         LINE#         49
  C:6AFAH         LINE#         51
  C:6B00H         LINE#         53
  C:6B17H         LINE#         54
  C:6B2EH         LINE#         55
  C:6B45H         LINE#         56
  C:6B5CH         LINE#         57
  C:6B6AH         LINE#         58
  C:6B78H         LINE#         60
  C:6B7AH         LINE#         61
  -------         ENDPROC       SYSTEM_INIT
  -------         PROC          MAIN
  -------         DO            
  X:05B7H         SYMBOL        Screen_Infor
  -------         ENDDO         
  C:649FH         LINE#         63
  C:649FH         LINE#         64
  C:649FH         LINE#         65
  C:64A8H         LINE#         67
  C:64ABH         LINE#         69
  C:64DCH         LINE#         75
  C:64EAH         LINE#         77
  C:64EAH         LINE#         78
  C:64EAH         LINE#         79
  C:64F1H         LINE#         80
  C:64F4H         LINE#         81
  C:64F7H         LINE#         82
  C:64F7H         LINE#         83
  C:64FDH         LINE#         84
  C:6506H         LINE#         85
  C:650CH         LINE#         86
  C:650CH         LINE#         87
  C:6512H         LINE#         88
  C:651BH         LINE#         89
  C:6521H         LINE#         90
  C:6521H         LINE#         91
  C:652BH         LINE#         92
  C:6541H         LINE#         93
  C:6556H         LINE#         94
  C:6570H         LINE#         95
  C:6570H         LINE#         96
  C:657EH         LINE#         97
BL51 BANKED LINKER/LOCATER V6.22.2.0                                                  12/12/2022  06:45:54  PAGE 25


  C:657EH         LINE#         98
  -------         ENDPROC       MAIN
  -------         ENDMOD        MAIN

  -------         MODULE        MENU_EVENT
  C:0000H         SYMBOL        _ICE_DUMMY_
  D:0080H         PUBLIC        P0
  D:0090H         PUBLIC        P1
  D:00A0H         PUBLIC        P2
  C:7586H         PUBLIC        _?screen_Set_Freq
  D:00B0H         PUBLIC        P3
  D:00C0H         PUBLIC        P4
  D:00C8H         PUBLIC        P5
  D:00E8H         PUBLIC        P6
  D:00F8H         PUBLIC        P7
  D:00A8H         PUBLIC        IE
  D:00B8H         PUBLIC        IP
  D:00D8H         PUBLIC        CCON
  D:0098H         PUBLIC        SCON
  D:0088H         PUBLIC        TCON
  D:00F0H         PUBLIC        B
  D:00E0H         PUBLIC        ACC
  C:776AH         PUBLIC        _?screen_Show_Freq
  D:00D0H         PUBLIC        PSW
  -------         PROC          _?SCREEN_SHOW_FREQ
  C:776AH         LINE#         5
  C:776AH         LINE#         7
  C:776DH         LINE#         8
  C:7770H         LINE#         9
  C:7772H         LINE#         10
  -------         ENDPROC       _?SCREEN_SHOW_FREQ
  -------         PROC          _?SCREEN_SET_FREQ
  x:0000H         SYMBOL        newFreq
  C:7586H         LINE#         12
  C:758EH         LINE#         14
  C:7591H         LINE#         15
  C:759CH         LINE#         16
  C:759EH         LINE#         17
  -------         ENDPROC       _?SCREEN_SET_FREQ
  -------         ENDMOD        MENU_EVENT

  -------         MODULE        MENU
  C:0000H         SYMBOL        _ICE_DUMMY_
  D:0080H         PUBLIC        P0
  D:0090H         PUBLIC        P1
  D:00A0H         PUBLIC        P2
  D:00B0H         PUBLIC        P3
  D:00C0H         PUBLIC        P4
  D:00C8H         PUBLIC        P5
  D:00E8H         PUBLIC        P6
  D:00F8H         PUBLIC        P7
  D:00A8H         PUBLIC        IE
  C:6F1AH         PUBLIC        _pointerMenu_JumpBack
  D:00B8H         PUBLIC        IP
  X:06A5H         PUBLIC        pointerMenu
  X:06A8H         PUBLIC        currentMenu
  D:00D8H         PUBLIC        CCON
BL51 BANKED LINKER/LOCATER V6.22.2.0                                                  12/12/2022  06:45:54  PAGE 26


  D:0098H         PUBLIC        SCON
  D:0088H         PUBLIC        TCON
  C:6581H         PUBLIC        _screen_Show_subMenus
  D:00F0H         PUBLIC        B
  D:00E0H         PUBLIC        ACC
  C:6801H         PUBLIC        screen_Show_PointerMenu
  C:6EA7H         PUBLIC        _pointerMenu_JumpForward
  D:00D0H         PUBLIC        PSW
  -------         PROC          _SCREEN_SHOW_SUBMENUS
  X:05BAH         SYMBOL        parMenu
  -------         DO            
  X:05BDH         SYMBOL        i
  X:05BEH         SYMBOL        p
  -------         ENDDO         
  C:6581H         LINE#         23
  C:658CH         LINE#         24
  C:658CH         LINE#         25
  C:658FH         LINE#         26
  C:6598H         LINE#         28
  C:659BH         LINE#         29
  C:65B1H         LINE#         30
  C:65CDH         LINE#         31
  C:65CDH         LINE#         32
  C:65EEH         LINE#         35
  C:65F4H         LINE#         36
  C:660EH         LINE#         37
  C:6629H         LINE#         38
  C:662BH         LINE#         40
  C:6642H         LINE#         41
  C:6642H         LINE#         42
  C:6654H         LINE#         44
  C:665FH         LINE#         45
  -------         ENDPROC       _SCREEN_SHOW_SUBMENUS
  -------         PROC          SCREEN_SHOW_POINTERMENU
  -------         DO            
  X:05C0H         SYMBOL        i
  X:05C1H         SYMBOL        num
  X:05C2H         SYMBOL        p
  -------         ENDDO         
  C:6801H         LINE#         53
  C:6801H         LINE#         54
  C:6801H         LINE#         55
  C:6806H         LINE#         57
  C:6817H         LINE#         58
  C:6827H         LINE#         61
  C:6869H         LINE#         62
  C:6869H         LINE#         63
  C:686FH         LINE#         64
  C:6880H         LINE#         65
  C:6882H         LINE#         66
  C:6894H         LINE#         68
  C:68BCH         LINE#         70
  C:68C7H         LINE#         71
  -------         ENDPROC       SCREEN_SHOW_POINTERMENU
  -------         PROC          _POINTERMENU_JUMPFORWARD
  X:05BAH         SYMBOL        menu_Start
  -------         DO            
BL51 BANKED LINKER/LOCATER V6.22.2.0                                                  12/12/2022  06:45:54  PAGE 27


  X:05BDH         SYMBOL        tempMenu_ptr
  -------         ENDDO         
  C:6EA7H         LINE#         80
  C:6EB2H         LINE#         81
  C:6EB2H         LINE#         82
  C:6EB9H         LINE#         84
  C:6EEBH         LINE#         85
  C:6F0BH         LINE#         86
  C:6F0EH         LINE#         88
  C:6F19H         LINE#         89
  -------         ENDPROC       _POINTERMENU_JUMPFORWARD
  -------         PROC          _POINTERMENU_JUMPBACK
  X:05BAH         SYMBOL        menu_Start
  -------         DO            
  X:05BDH         SYMBOL        tempMenu_ptr
  -------         ENDDO         
  C:6F1AH         LINE#         98
  C:6F25H         LINE#         99
  C:6F25H         LINE#         100
  C:6F2CH         LINE#         102
  C:6F5EH         LINE#         103
  C:6F7EH         LINE#         104
  C:6F81H         LINE#         106
  C:6F8CH         LINE#         107
  -------         ENDPROC       _POINTERMENU_JUMPBACK
  -------         ENDMOD        MENU

  -------         MODULE        MENU_LINK
  C:0000H         SYMBOL        _ICE_DUMMY_
  C:53DAH         PUBLIC        _insert_Menu
  C:7172H         PUBLIC        _traversal_subMenus
  C:6660H         PUBLIC        _show_subMenus_nextLevel
  C:5980H         PUBLIC        _?find_Menu
  C:4CD2H         PUBLIC        _?find_prevMenu
  C:61CEH         PUBLIC        _?traversal_MenuSystem
  C:47E3H         PUBLIC        _?find_nextMenu
  C:561AH         PUBLIC        _?find_parMenu
  C:4F3CH         PUBLIC        _delete_Menu
  -------         PROC          _?TRAVERSAL_MENUSYSTEM
  x:0003H         SYMBOL        menu_Start
  -------         DO            
  x:0000H         SYMBOL        p
  -------         ENDDO         
  C:61CEH         LINE#         26
  C:61E2H         LINE#         28
  C:61FDH         LINE#         30
  C:6211H         LINE#         31
  C:625EH         LINE#         33
  C:628EH         LINE#         34
  C:62BEH         LINE#         35
  -------         ENDPROC       _?TRAVERSAL_MENUSYSTEM
  -------         PROC          _TRAVERSAL_SUBMENUS
  D:0001H         SYMBOL        parMenu
  -------         DO            
  X:06C1H         SYMBOL        p
  -------         ENDDO         
  C:7172H         LINE#         44
BL51 BANKED LINKER/LOCATER V6.22.2.0                                                  12/12/2022  06:45:54  PAGE 28


  C:7172H         LINE#         45
  C:7172H         LINE#         46
  C:717DH         LINE#         47
  C:718BH         LINE#         48
  C:71A4H         LINE#         49
  C:71A7H         LINE#         50
  C:71A7H         LINE#         51
  C:71A7H         LINE#         52
  C:71C2H         LINE#         53
  C:71C2H         LINE#         54
  -------         ENDPROC       _TRAVERSAL_SUBMENUS
  -------         PROC          _SHOW_SUBMENUS_NEXTLEVEL
  X:069EH         SYMBOL        parMenu
  -------         DO            
  X:06A1H         SYMBOL        i
  X:06A2H         SYMBOL        p
  -------         ENDDO         
  C:6660H         LINE#         63
  C:666BH         LINE#         64
  C:666BH         LINE#         65
  C:666EH         LINE#         66
  C:6677H         LINE#         68
  C:6680H         LINE#         69
  C:6696H         LINE#         70
  C:66B2H         LINE#         71
  C:66B2H         LINE#         72
  C:66B8H         LINE#         73
  C:66DBH         LINE#         74
  C:66F7H         LINE#         75
  C:6705H         LINE#         76
  C:6707H         LINE#         77
  C:6725H         LINE#         78
  C:6725H         LINE#         79
  C:672EH         LINE#         81
  C:6739H         LINE#         82
  -------         ENDPROC       _SHOW_SUBMENUS_NEXTLEVEL
  -------         PROC          L?0130
  -------         ENDPROC       L?0130
  -------         PROC          _?FIND_MENU
  x:0006H         SYMBOL        menu_Start
  x:0009H         SYMBOL        menu_Target
  -------         DO            
  x:0000H         SYMBOL        p
  x:0003H         SYMBOL        q
  -------         ENDDO         
  C:5980H         LINE#         95
  C:5994H         LINE#         97
  C:59AFH         LINE#         98
  C:59C3H         LINE#         100
  C:59DAH         LINE#         101
  C:5A11H         LINE#         103
  C:5A41H         LINE#         105
  C:5A44H         LINE#         107
  C:5A9EH         LINE#         108
  C:5AB1H         LINE#         109
  C:5B0BH         LINE#         110
  C:5B19H         LINE#         111
BL51 BANKED LINKER/LOCATER V6.22.2.0                                                  12/12/2022  06:45:54  PAGE 29


  -------         ENDPROC       _?FIND_MENU
  -------         PROC          _?FIND_PARMENU
  x:0006H         SYMBOL        menu_Start
  x:0009H         SYMBOL        subMenu
  -------         DO            
  x:0000H         SYMBOL        p
  x:0003H         SYMBOL        q
  -------         ENDDO         
  C:561AH         LINE#         124
  C:562EH         LINE#         126
  C:5649H         LINE#         127
  C:565DH         LINE#         129
  C:5674H         LINE#         130
  C:56ADH         LINE#         132
  C:56EDH         LINE#         135
  C:56EDH         LINE#         136
  C:56F0H         LINE#         137
  C:56F0H         LINE#         139
  C:574AH         LINE#         140
  C:575DH         LINE#         141
  C:57B7H         LINE#         142
  C:57C5H         LINE#         143
  -------         ENDPROC       _?FIND_PARMENU
  -------         PROC          _?FIND_PREVMENU
  x:0006H         SYMBOL        menu_Start
  x:0009H         SYMBOL        menu
  -------         DO            
  x:0000H         SYMBOL        p
  x:0003H         SYMBOL        q
  -------         ENDDO         
  C:4CD2H         LINE#         153
  C:4CE6H         LINE#         155
  C:4D01H         LINE#         156
  C:4D15H         LINE#         158
  C:4D2CH         LINE#         159
  C:4D5EH         LINE#         161
  C:4DA7H         LINE#         164
  C:4DA7H         LINE#         165
  C:4DC6H         LINE#         166
  C:4DCFH         LINE#         167
  C:4DEBH         LINE#         168
  C:4E1DH         LINE#         169
  C:4E39H         LINE#         170
  C:4E3CH         LINE#         171
  C:4E3CH         LINE#         172
  C:4E5EH         LINE#         173
  C:4E61H         LINE#         175
  C:4E61H         LINE#         177
  C:4EBBH         LINE#         178
  C:4ECEH         LINE#         179
  C:4F28H         LINE#         180
  C:4F36H         LINE#         181
  -------         ENDPROC       _?FIND_PREVMENU
  -------         PROC          _?FIND_NEXTMENU
  x:0006H         SYMBOL        menu_Start
  x:0009H         SYMBOL        menu
  -------         DO            
BL51 BANKED LINKER/LOCATER V6.22.2.0                                                  12/12/2022  06:45:54  PAGE 30


  x:0000H         SYMBOL        p
  x:0003H         SYMBOL        q
  -------         ENDDO         
  C:47E3H         LINE#         191
  C:47F7H         LINE#         193
  C:4812H         LINE#         194
  C:4826H         LINE#         196
  C:483DH         LINE#         197
  C:486FH         LINE#         199
  C:48B8H         LINE#         202
  C:48B8H         LINE#         203
  C:48D7H         LINE#         204
  C:48E0H         LINE#         205
  C:48FCH         LINE#         206
  C:4928H         LINE#         207
  C:4933H         LINE#         208
  C:4955H         LINE#         209
  C:4958H         LINE#         210
  C:4958H         LINE#         211
  C:497AH         LINE#         212
  C:497DH         LINE#         213
  C:4980H         LINE#         214
  C:4980H         LINE#         216
  C:49DAH         LINE#         217
  C:49EDH         LINE#         218
  C:4A47H         LINE#         219
  C:4A55H         LINE#         220
  -------         ENDPROC       _?FIND_NEXTMENU
  -------         PROC          _INSERT_MENU
  X:05BAH         SYMBOL        menu_Start
  X:05BDH         SYMBOL        menu_Insert
  -------         DO            
  X:05C0H         SYMBOL        p
  X:05E3H         SYMBOL        q
  -------         ENDDO         
  C:53DAH         LINE#         230
  C:53E5H         LINE#         231
  C:53E5H         LINE#         233
  C:53EEH         LINE#         234
  C:5404H         LINE#         235
  C:540EH         LINE#         237
  C:5433H         LINE#         238
  C:5444H         LINE#         239
  C:5456H         LINE#         240
  C:5475H         LINE#         241
  C:5475H         LINE#         242
  C:5478H         LINE#         243
  C:5488H         LINE#         244
  C:54B0H         LINE#         245
  C:54D9H         LINE#         246
  C:54D9H         LINE#         247
  C:54D9H         LINE#         248
  C:54E1H         LINE#         249
  C:5510H         LINE#         250
  C:552CH         LINE#         252
  C:5554H         LINE#         253
  C:557CH         LINE#         254
BL51 BANKED LINKER/LOCATER V6.22.2.0                                                  12/12/2022  06:45:54  PAGE 31


  C:559EH         LINE#         255
  C:55BDH         LINE#         256
  C:55BFH         LINE#         257
  C:55E1H         LINE#         258
  C:5603H         LINE#         259
  C:5603H         LINE#         260
  C:5603H         LINE#         261
  C:560EH         LINE#         263
  C:5619H         LINE#         264
  -------         ENDPROC       _INSERT_MENU
  -------         PROC          _DELETE_MENU
  X:0674H         SYMBOL        menu_Start
  X:0677H         SYMBOL        menu_Delete
  -------         DO            
  X:067AH         SYMBOL        q
  -------         ENDDO         
  C:4F3CH         LINE#         274
  C:4F47H         LINE#         275
  C:4F47H         LINE#         276
  C:4F50H         LINE#         278
  C:4F7AH         LINE#         279
  C:4FBDH         LINE#         280
  C:4FD6H         LINE#         281
  C:500BH         LINE#         282
  C:5027H         LINE#         284
  C:5044H         LINE#         285
  C:505EH         LINE#         286
  C:5061H         LINE#         287
  C:5061H         LINE#         288
  C:5090H         LINE#         289
  C:50B2H         LINE#         291
  C:50E0H         LINE#         292
  C:510EH         LINE#         293
  C:512BH         LINE#         294
  C:5148H         LINE#         295
  C:5148H         LINE#         296
  C:514AH         LINE#         297
  C:5181H         LINE#         298
  C:5188H         LINE#         300
  C:5193H         LINE#         301
  -------         ENDPROC       _DELETE_MENU
  -------         ENDMOD        MENU_LINK

  -------         MODULE        SCREEN
  C:0000H         SYMBOL        _ICE_DUMMY_
  C:7785H         PUBLIC        get_Screen_ResRatio_PixelWidth
  D:0080H         PUBLIC        P0
  C:76ADH         PUBLIC        OLED_Show_Hello
  D:0090H         PUBLIC        P1
  D:00A0H         PUBLIC        P2
  D:00B0H         PUBLIC        P3
  C:6E2DH         PUBLIC        read_Pixel
  D:00C0H         PUBLIC        P4
  D:00C8H         PUBLIC        P5
  D:00E8H         PUBLIC        P6
  D:00F8H         PUBLIC        P7
  D:00A8H         PUBLIC        IE
BL51 BANKED LINKER/LOCATER V6.22.2.0                                                  12/12/2022  06:45:54  PAGE 32


  C:7797H         PUBLIC        get_Screen_ResRatio_PixelsTotalCol
  D:00B8H         PUBLIC        IP
  C:7354H         PUBLIC        OLED_Show_Freq
  C:76EBH         PUBLIC        _OLED_Set_Freq
  D:00D8H         PUBLIC        CCON
  C:77A0H         PUBLIC        get_Screen_ResRatio_PixelsTotalRow
  D:0098H         PUBLIC        SCON
  D:0088H         PUBLIC        TCON
  C:7773H         PUBLIC        get_Screen_ResRatio_totalCol
  D:00F0H         PUBLIC        B
  D:00E0H         PUBLIC        ACC
  C:697EH         PUBLIC        _OLED_Refresh_Time
  C:777CH         PUBLIC        get_Screen_ResRatio_totalRow
  C:5E9AH         PUBLIC        Screen_DrawPixel
  X:0645H         PUBLIC        OLED_Screen_Freq
  X:0646H         PUBLIC        OLED_Event_Flag
  C:71C3H         PUBLIC        _Screen_ResRatio_Init
  X:0647H         PUBLIC        Screen_ResRatio
  C:778EH         PUBLIC        get_Screen_ResRatio_PixelHight
  D:00D0H         PUBLIC        PSW
  -------         PROC          OLED_SHOW_HELLO
  C:76ADH         LINE#         19
  C:76ADH         LINE#         20
  C:76ADH         LINE#         21
  -------         ENDPROC       OLED_SHOW_HELLO
  -------         PROC          OLED_SHOW_FREQ
  C:7354H         LINE#         24
  C:7354H         LINE#         25
  C:7354H         LINE#         26
  C:736AH         LINE#         27
  -------         ENDPROC       OLED_SHOW_FREQ
  -------         PROC          _OLED_SET_FREQ
  D:0007H         SYMBOL        newFreq
  C:76EBH         LINE#         32
  C:76EBH         LINE#         33
  C:76EBH         LINE#         34
  C:76FAH         LINE#         35
  -------         ENDPROC       _OLED_SET_FREQ
  -------         PROC          _SCREEN_RESRATIO_INIT
  D:0006H         SYMBOL        total_Col
  D:0004H         SYMBOL        total_Row
  D:0002H         SYMBOL        pixel_Width
  X:05C0H         SYMBOL        pixel_Hight
  X:05C2H         SYMBOL        pixels_Total_Col
  X:05C4H         SYMBOL        pixels_Total_Row
[...]
  D:0007H         SYMBOL        counter
  -------         DO            
  D:0006H         SYMBOL        dir
  -------         ENDDO         
  C:70BBH         LINE#         71
  C:70BBH         LINE#         72
  C:70BBH         LINE#         73
  C:70BDH         LINE#         75
  C:70E9H         LINE#         76
  C:70E9H         LINE#         77
  C:70ECH         LINE#         78
  C:70F1H         LINE#         79
  C:70F4H         LINE#         83
  C:710AH         LINE#         84
  C:7110H         LINE#         86
  C:7114H         LINE#         87
  C:7114H         LINE#         88
  C:7114H         LINE#         90
  C:7116H         LINE#         91
  -------         ENDPROC       _JUDGE_EC11_ROTATE_DIR
  -------         PROC          ADC_INT
  -------         DO            
  X:066AH         SYMBOL        i
  X:066BH         SYMBOL        scanFlag
  X:066CH         SYMBOL        EC11_Rotate_Dir_Counter
  -------         ENDDO         
  C:57CBH         LINE#         100
  C:57E6H         LINE#         110
  C:57EEH         LINE#         111
  C:57EEH         LINE#         112
  C:57F1H         LINE#         115
  C:57F7H         LINE#         116
  C:57F9H         LINE#         117
  C:5800H         LINE#         118
  C:5809H         LINE#         119
  C:580BH         LINE#         121
  C:5823H         LINE#         125
  C:5823H         LINE#         126
BL51 BANKED LINKER/LOCATER V6.22.2.0                                                  12/12/2022  06:45:54  PAGE 47


  C:5838H         LINE#         127
  C:5840H         LINE#         128
  C:5842H         LINE#         129
  C:5848H         LINE#         130
  C:584FH         LINE#         131
  C:5858H         LINE#         132
  C:585AH         LINE#         134
  C:5872H         LINE#         138
  C:5872H         LINE#         139
  C:5887H         LINE#         140
  C:588FH         LINE#         141
  C:588FH         LINE#         144
  C:58B8H         LINE#         146
  C:58B8H         LINE#         147
  C:58C1H         LINE#         148
  C:58CFH         LINE#         149
  C:58D8H         LINE#         150
  C:58DDH         LINE#         151
  C:58E3H         LINE#         152
  C:58EAH         LINE#         153
  C:58EAH         LINE#         154
  C:58ECH         LINE#         155
  C:58F3H         LINE#         156
  C:58F3H         LINE#         157
  C:58F5H         LINE#         158
  C:58FEH         LINE#         159
  C:5903H         LINE#         160
  C:5909H         LINE#         161
  C:5910H         LINE#         162
  C:5910H         LINE#         163
  C:5910H         LINE#         164
  C:5910H         LINE#         167
  C:5934H         LINE#         169
  C:5934H         LINE#         170
  C:5939H         LINE#         171
  C:5944H         LINE#         172
  C:594DH         LINE#         173
  C:595AH         LINE#         174
  C:595FH         LINE#         175
  C:595FH         LINE#         176
  C:595FH         LINE#         177
  -------         ENDPROC       ADC_INT
  -------         ENDMOD        EC11

  -------         MODULE        KEY
  C:0000H         SYMBOL        _ICE_DUMMY_
  D:0080H         PUBLIC        P0
  D:0090H         PUBLIC        P1
  D:00A0H         PUBLIC        P2
  D:00B0H         PUBLIC        P3
  D:00C0H         PUBLIC        P4
  D:00C8H         PUBLIC        P5
  D:00E8H         PUBLIC        P6
  D:00F8H         PUBLIC        P7
  D:00A8H         PUBLIC        IE
  C:729EH         PUBLIC        _Key_Scan
  D:00B8H         PUBLIC        IP
BL51 BANKED LINKER/LOCATER V6.22.2.0                                                  12/12/2022  06:45:54  PAGE 48


  C:77C1H         PUBLIC        Key_Init
  D:00D8H         PUBLIC        CCON
  B:0090H.3       PUBLIC        P13
  D:0098H         PUBLIC        SCON
  D:0088H         PUBLIC        TCON
  D:00F0H         PUBLIC        B
  D:00E0H         PUBLIC        ACC
  C:760CH         SYMBOL        Key_GPIO_Config
  D:00D0H         PUBLIC        PSW
  -------         PROC          KEY_GPIO_CONFIG
  -------         DO            
  X:05BAH         SYMBOL        GPIO_InitStructure
  -------         ENDDO         
  C:760CH         LINE#         5
  C:760CH         LINE#         6
  C:760CH         LINE#         9
  C:7612H         LINE#         10
  C:7616H         LINE#         11
  C:7621H         LINE#         12
  C:7623H         LINE#         13
  -------         ENDPROC       KEY_GPIO_CONFIG
  -------         PROC          KEY_INIT
  C:77C1H         LINE#         15
  C:77C1H         LINE#         16
  C:77C1H         LINE#         17
  -------         ENDPROC       KEY_INIT
  -------         PROC          _KEY_SCAN
  D:0007H         SYMBOL        mode
  -------         DO            
  X:06C9H         SYMBOL        key_state
  X:05BAH         SYMBOL        KeyValue
  -------         ENDDO         
  C:729EH         LINE#         20
  C:729EH         LINE#         21
  C:729EH         LINE#         23
  C:72A3H         LINE#         25
  C:72ADH         LINE#         26
  C:72B8H         LINE#         27
  C:72B8H         LINE#         28
  C:72BEH         LINE#         29
  C:72C3H         LINE#         30
  C:72CBH         LINE#         31
  C:72D6H         LINE#         32
  C:72DBH         LINE#         33
  -------         ENDPROC       _KEY_SCAN
  -------         ENDMOD        KEY

  -------         MODULE        IIC
  C:0000H         SYMBOL        _ICE_DUMMY_
  D:0080H         PUBLIC        P0
  D:0090H         PUBLIC        P1
  D:00A0H         PUBLIC        P2
  D:00B0H         PUBLIC        P3
  D:00C0H         PUBLIC        P4
  D:00C8H         PUBLIC        P5
  D:00E8H         PUBLIC        P6
  D:00F8H         PUBLIC        P7
BL51 BANKED LINKER/LOCATER V6.22.2.0                                                  12/12/2022  06:45:54  PAGE 49


  D:00A8H         PUBLIC        IE
  D:00B8H         PUBLIC        IP
  C:76C3H         PUBLIC        IIC_GPIO_Config
  D:00D8H         PUBLIC        CCON
  D:0098H         PUBLIC        SCON
  D:0088H         PUBLIC        TCON
  B:00A0H.4       PUBLIC        P24
  B:00A0H.5       PUBLIC        P25
  C:7439H         SYMBOL        _IIC_Send_Byte
  C:738EH         PUBLIC        _IIC_WR_Byte_Cmd_Fast
  C:7566H         SYMBOL        IIC_Wait_Ack
  D:00F0H         PUBLIC        B
  C:7318H         PUBLIC        _IIC_WR_Byte_Dat_Fast
  C:7258H         PUBLIC        _IIC_WR_Byte_Fast
  C:75E9H         SYMBOL        IIC_Start
  D:00E0H         PUBLIC        ACC
  C:74D2H         PUBLIC        _IIC_WR_Byte_Cmd
  C:74ACH         PUBLIC        _IIC_WR_Byte_Dat
  C:0066H         PUBLIC        _IIC_WR_Byte
  C:7745H         SYMBOL        IIC_Stop
  D:00D0H         PUBLIC        PSW
  -------         PROC          IIC_GPIO_CONFIG
  -------         DO            
  X:05BAH         SYMBOL        GPIO_InitStructure
  -------         ENDDO         
  C:76C3H         LINE#         18
  C:76C3H         LINE#         19
  C:76C3H         LINE#         22
  C:76C9H         LINE#         23
  C:76CDH         LINE#         24
  -------         ENDPROC       IIC_GPIO_CONFIG
  -------         PROC          _IIC_WR_BYTE
  X:06C6H         SYMBOL        dat
  X:06C7H         SYMBOL        cmd
  C:0066H         LINE#         29
  C:006AH         LINE#         30
  C:006AH         LINE#         31
  C:006DH         LINE#         32
  C:0072H         LINE#         33
  C:0075H         LINE#         34
  C:007BH         LINE#         35
  C:007BH         LINE#         36
  C:007DH         LINE#         37
  C:007FH         LINE#         39
  C:007FH         LINE#         40
  C:0084H         LINE#         41
  C:0084H         LINE#         42
  C:0087H         LINE#         43
  C:008FH         LINE#         44
  C:0092H         LINE#         45
  -------         ENDPROC       _IIC_WR_BYTE
  -------         PROC          _IIC_WR_BYTE_DAT
  X:06CAH         SYMBOL        dat
  C:74ACH         LINE#         48
  C:74B1H         LINE#         49
  C:74B1H         LINE#         50
  C:74B4H         LINE#         51
BL51 BANKED LINKER/LOCATER V6.22.2.0                                                  12/12/2022  06:45:54  PAGE 50


  C:74B9H         LINE#         52
  C:74BCH         LINE#         53
  C:74C1H         LINE#         54
  C:74C4H         LINE#         55
  C:74CCH         LINE#         56
  C:74CFH         LINE#         57
  -------         ENDPROC       _IIC_WR_BYTE_DAT
  -------         PROC          _IIC_WR_BYTE_CMD
  X:05CCH         SYMBOL        cmd
  C:74D2H         LINE#         60
  C:74D7H         LINE#         61
  C:74D7H         LINE#         62
  C:74DAH         LINE#         63
  C:74DFH         LINE#         64
  C:74E2H         LINE#         65
  C:74E7H         LINE#         66
  C:74EAH         LINE#         67
  C:74F2H         LINE#         68
  C:74F5H         LINE#         69
  -------         ENDPROC       _IIC_WR_BYTE_CMD
  -------         PROC          _IIC_WR_BYTE_FAST
  X:06B1H         SYMBOL        buf
  X:06B4H         SYMBOL        size
  X:06B6H         SYMBOL        cmd
  C:7258H         LINE#         78
  C:725BH         LINE#         79
  C:725BH         LINE#         80
  C:725EH         LINE#         81
  C:7263H         LINE#         82
  C:7266H         LINE#         83
  C:726CH         LINE#         84
  C:726CH         LINE#         85
  C:726EH         LINE#         86
  C:7270H         LINE#         88
  C:7270H         LINE#         89
  C:7275H         LINE#         90
  C:7275H         LINE#         91
  C:7278H         LINE#         92
  C:7286H         LINE#         93
  C:728CH         LINE#         94
  C:728FH         LINE#         95
  C:7299H         LINE#         96
  C:729BH         LINE#         97
  -------         ENDPROC       _IIC_WR_BYTE_FAST
  -------         PROC          _IIC_WR_BYTE_DAT_FAST
  X:05CCH         SYMBOL        Dat_Buf
  X:05CFH         SYMBOL        size
  C:7318H         LINE#         105
  C:731BH         LINE#         106
  C:731BH         LINE#         107
  C:731EH         LINE#         108
  C:7323H         LINE#         109
  C:7326H         LINE#         110
  C:732BH         LINE#         111
  C:732EH         LINE#         112
  C:733CH         LINE#         113
  C:7342H         LINE#         114
BL51 BANKED LINKER/LOCATER V6.22.2.0                                                  12/12/2022  06:45:54  PAGE 51


  C:7345H         LINE#         115
  C:734FH         LINE#         116
  C:7351H         LINE#         117
  -------         ENDPROC       _IIC_WR_BYTE_DAT_FAST
  -------         PROC          _IIC_WR_BYTE_CMD_FAST
  X:06BCH         SYMBOL        Cmd_Buf
  X:06BFH         SYMBOL        size
  C:738EH         LINE#         126
  C:7391H         LINE#         127
  C:7391H         LINE#         128
  C:7394H         LINE#         129
  C:7399H         LINE#         130
  C:739CH         LINE#         131
  C:739DH         LINE#         132
  C:739FH         LINE#         133
  C:73ADH         LINE#         134
  C:73BFH         LINE#         135
  C:73C2H         LINE#         136
  C:73C4H         LINE#         137
  -------         ENDPROC       _IIC_WR_BYTE_CMD_FAST
  C:75DBH         SYMBOL        L?0032
  C:75E5H         SYMBOL        L?0033
  -------         PROC          L?0031
  -------         ENDPROC       L?0031
  C:75DBH         SYMBOL        L?0032
  C:75E5H         SYMBOL        L?0033
  -------         PROC          IIC_START
  C:75E9H         LINE#         143
  C:75E9H         LINE#         144
  C:75E9H         LINE#         145
  C:75EBH         LINE#         146
  C:75EDH         LINE#         147
  C:75EEH         LINE#         148
  C:75F0H         LINE#         149
  C:75F1H         LINE#         150
  C:75F3H         LINE#         151
  -------         ENDPROC       IIC_START
  -------         PROC          IIC_STOP
  C:7745H         LINE#         154
  C:7745H         LINE#         155
  C:7745H         LINE#         156
  C:7747H         LINE#         157
  C:7749H         LINE#         158
  C:774AH         LINE#         159
  C:774CH         LINE#         160
  -------         ENDPROC       IIC_STOP
  -------         PROC          IIC_WAIT_ACK
  -------         DO            
  D:0007H         SYMBOL        ucErrTime
  -------         ENDDO         
  C:7566H         LINE#         164
  C:7566H         LINE#         165
  C:7566H         LINE#         166
  C:7568H         LINE#         167
  C:756AH         LINE#         168
  C:756CH         LINE#         169
  C:756DH         LINE#         170
BL51 BANKED LINKER/LOCATER V6.22.2.0                                                  12/12/2022  06:45:54  PAGE 52


  C:7570H         LINE#         171
  C:7570H         LINE#         172
  C:7571H         LINE#         173
  C:757BH         LINE#         174
  C:757BH         LINE#         175
  C:757EH         LINE#         176
  C:7581H         LINE#         177
  C:7581H         LINE#         178
  C:7581H         LINE#         179
  C:7583H         LINE#         180
  C:7585H         LINE#         181
  -------         ENDPROC       IIC_WAIT_ACK
  -------         PROC          L?0034
  -------         ENDPROC       L?0034
  -------         PROC          _IIC_SEND_BYTE
  D:0007H         SYMBOL        txd
  -------         DO            
  D:0006H         SYMBOL        t
  -------         ENDDO         
  C:7439H         LINE#         184
  C:7439H         LINE#         185
  C:7439H         LINE#         188
  C:7445H         LINE#         189
  C:7445H         LINE#         190
  C:7449H         LINE#         191
  C:744DH         LINE#         192
  C:744FH         LINE#         193
  C:7453H         LINE#         194
  C:7455H         LINE#         195
  C:7458H         LINE#         196
  -------         ENDPROC       _IIC_SEND_BYTE
  -------         ENDMOD        IIC

  -------         MODULE        ?C?COPY
  C:3832H         PUBLIC        ?C?COPY
  -------         ENDMOD        ?C?COPY

  -------         MODULE        ?C?CLDPTR
  C:3858H         PUBLIC        ?C?CLDPTR
  -------         ENDMOD        ?C?CLDPTR

  -------         MODULE        ?C?CLDOPTR
  C:3871H         PUBLIC        ?C?CLDOPTR
  -------         ENDMOD        ?C?CLDOPTR

  -------         MODULE        ?C?CILDOPTR
  C:389EH         PUBLIC        ?C?CILDOPTR
  -------         ENDMOD        ?C?CILDOPTR

  -------         MODULE        ?C?CSTOPTR
  C:38D1H         PUBLIC        ?C?CSTOPTR
  -------         ENDMOD        ?C?CSTOPTR

  -------         MODULE        ?C?IMUL
  C:38F3H         PUBLIC        ?C?IMUL
  -------         ENDMOD        ?C?IMUL

BL51 BANKED LINKER/LOCATER V6.22.2.0                                                  12/12/2022  06:45:54  PAGE 53


  -------         MODULE        ?C?UIDIV
  C:3905H         PUBLIC        ?C?UIDIV
  -------         ENDMOD        ?C?UIDIV

  -------         MODULE        ?C?IILDX
  C:395AH         PUBLIC        ?C?IILDX
  -------         ENDMOD        ?C?IILDX

  -------         MODULE        ?C?ILDIX
  C:3970H         PUBLIC        ?C?ILDIX
  -------         ENDMOD        ?C?ILDIX

  -------         MODULE        ?C?ILDOPTR
  C:3986H         PUBLIC        ?C?ILDOPTR
  -------         ENDMOD        ?C?ILDOPTR

  -------         MODULE        ?C?LMUL
  C:39BEH         PUBLIC        ?C?LMUL
  -------         ENDMOD        ?C?LMUL

  -------         MODULE        ?C?ULDIV
  C:3A49H         PUBLIC        ?C?ULDIV
  -------         ENDMOD        ?C?ULDIV

  -------         MODULE        ?C?ULCMP
  C:3ADBH         PUBLIC        ?C?ULCMP
  -------         ENDMOD        ?C?ULCMP

  -------         MODULE        ?C?ULSHR
  C:3AECH         PUBLIC        ?C?ULSHR
  -------         ENDMOD        ?C?ULSHR

  -------         MODULE        ?C?LLDOPTR0
  C:3AFFH         PUBLIC        ?C?LLDOPTR0
  -------         ENDMOD        ?C?LLDOPTR0

  -------         MODULE        ?C?LSTXDATA
  C:3B2FH         PUBLIC        ?C?LSTXDATA
  -------         ENDMOD        ?C?LSTXDATA

  -------         MODULE        ?C?LSTKXDATA
  C:3B3BH         PUBLIC        ?C?LSTKXDATA
  -------         ENDMOD        ?C?LSTKXDATA

  -------         MODULE        ?C?PLDOPTR
  C:3B6CH         PUBLIC        ?C?PLDOPTR
  -------         ENDMOD        ?C?PLDOPTR

  -------         MODULE        ?C?PSTOPTR
  C:3B9CH         PUBLIC        ?C?PSTOPTR
  -------         ENDMOD        ?C?PSTOPTR

  -------         MODULE        ?C_XBP
  D:000DH         PUBLIC        ?C_XBP
  -------         ENDMOD        ?C_XBP

  -------         MODULE        ?C?ADDXBP
BL51 BANKED LINKER/LOCATER V6.22.2.0                                                  12/12/2022  06:45:54  PAGE 54


  C:3BF5H         PUBLIC        ?C?ADDXBP
  -------         ENDMOD        ?C?ADDXBP

  -------         MODULE        ?C?XBPOFF
  C:3C19H         PUBLIC        ?C?XBPOFF
  -------         ENDMOD        ?C?XBPOFF

  -------         MODULE        PRINTF
  X:05E6H         PUBLIC        ?_PRINTF517?BYTE
  X:05E6H         PUBLIC        ?_PRINTF?BYTE
  X:05E6H         PUBLIC        ?_SPRINTF517?BYTE
  X:05E6H         PUBLIC        ?_SPRINTF?BYTE
  C:41B8H         PUBLIC        _PRINTF
  C:41B8H         PUBLIC        _PRINTF517
  C:41B2H         PUBLIC        _SPRINTF
  C:41B2H         PUBLIC        _SPRINTF517
  -------         ENDMOD        PRINTF

  -------         MODULE        ?C?CSTPTR
  C:3C26H         PUBLIC        ?C?CSTPTR
  -------         ENDMOD        ?C?CSTPTR

  -------         MODULE        ?C?LLDIDATA0
  C:3C38H         PUBLIC        ?C?LLDIDATA0
  -------         ENDMOD        ?C?LLDIDATA0

  -------         MODULE        ?C?LLDXDATA0
  C:3C45H         PUBLIC        ?C?LLDXDATA0
  -------         ENDMOD        ?C?LLDXDATA0

  -------         MODULE        ?C?LLDPDATA0
  C:3C51H         PUBLIC        ?C?LLDPDATA0
  -------         ENDMOD        ?C?LLDPDATA0

  -------         MODULE        ?C?LLDCODE0
  C:3C5EH         PUBLIC        ?C?LLDCODE0
  -------         ENDMOD        ?C?LLDCODE0

  -------         MODULE        ?C?PLDIDATA
  C:3C6EH         PUBLIC        ?C?PLDIDATA
  -------         ENDMOD        ?C?PLDIDATA

  -------         MODULE        ?C?PSTIDATA
  C:3C77H         PUBLIC        ?C?PSTIDATA
  -------         ENDMOD        ?C?PSTIDATA

  -------         MODULE        ?C?PLDXDATA
  C:3C80H         PUBLIC        ?C?PLDXDATA
  -------         ENDMOD        ?C?PLDXDATA

  -------         MODULE        ?C?PLDIXDATA
  C:3C89H         PUBLIC        ?C?PLDIXDATA
  -------         ENDMOD        ?C?PLDIXDATA

  -------         MODULE        ?C?PSTXDATA
  C:3CA0H         PUBLIC        ?C?PSTXDATA
  -------         ENDMOD        ?C?PSTXDATA
BL51 BANKED LINKER/LOCATER V6.22.2.0                                                  12/12/2022  06:45:54  PAGE 55



  -------         MODULE        ?C?PLDPDATA
  C:3CA9H         PUBLIC        ?C?PLDPDATA
  -------         ENDMOD        ?C?PLDPDATA

  -------         MODULE        ?C?PSTPDATA
  C:3CB2H         PUBLIC        ?C?PSTPDATA
  -------         ENDMOD        ?C?PSTPDATA

  -------         MODULE        ?C?PLDCODE
  C:3CBBH         PUBLIC        ?C?PLDCODE
  -------         ENDMOD        ?C?PLDCODE

  -------         MODULE        ?C?CCASE
  C:3CC7H         PUBLIC        ?C?CCASE
  -------         ENDMOD        ?C?CCASE

Program Size: data=17.1 xdata=1739 code=30654
LINK/LOCATE RUN COMPLETE.  0 WARNING(S),  0 ERROR(S)
