BL51 BANKED LINKER/LOCATER V6.22.2.0                                                    12/14/2022  17:31:24  PAGE 1


BL51 BANKED LINKER/LOCATER V6.22.2.0, INVOKED BY:
D:\KEIL_V5\C51\BIN\BL51.EXE .\Object\STARTUP.obj, .\Object\delay.obj, .\Object\GPIO.obj, .\Object\timer.obj, .\Object\UA
>> RT.obj, .\Object\ADC.obj, .\Object\MyTimer.obj, .\Object\MyUART.obj, .\Object\main.obj, .\Object\menu_event.obj, .\Ob
>> ject\menu.obj, .\Object\menu_link.obj, .\Object\screen.obj, .\Object\oled.obj, .\Object\led.obj, .\Object\EC11.obj, .
>> \Object\key.obj, .\Object\iic.obj TO .\Object\EC11 PRINT (.\Listings\EC11.m51) RAMSIZE (256) DISABLEWARNING (16)


MEMORY MODEL: LARGE


INPUT MODULES INCLUDED:
  .\Object\STARTUP.obj (?C_STARTUP)
  .\Object\delay.obj (DELAY)
  .\Object\GPIO.obj (GPIO)
  .\Object\timer.obj (TIMER)
  .\Object\UART.obj (UART)
  .\Object\ADC.obj (ADC)
  .\Object\MyTimer.obj (MYTIMER)
  .\Object\MyUART.obj (MYUART)
  .\Object\main.obj (MAIN)
  .\Object\menu_event.obj (MENU_EVENT)
  .\Object\menu.obj (MENU)
  .\Object\menu_link.obj (MENU_LINK)
  .\Object\screen.obj (SCREEN)
  .\Object\oled.obj (OLED)
  .\Object\led.obj (LED)
  .\Object\EC11.obj (EC11)
  .\Object\key.obj (KEY)
  .\Object\iic.obj (IIC)
  D:\KEIL_V5\C51\LIB\C51L.LIB (?C_INIT)
  D:\KEIL_V5\C51\LIB\C51L.LIB (?C?COPY)
  D:\KEIL_V5\C51\LIB\C51L.LIB (?C?CLDPTR)
  D:\KEIL_V5\C51\LIB\C51L.LIB (?C?CLDOPTR)
  D:\KEIL_V5\C51\LIB\C51L.LIB (?C?CILDOPTR)
  D:\KEIL_V5\C51\LIB\C51L.LIB (?C?CSTOPTR)
  D:\KEIL_V5\C51\LIB\C51L.LIB (?C?IMUL)
  D:\KEIL_V5\C51\LIB\C51L.LIB (?C?UIDIV)
  D:\KEIL_V5\C51\LIB\C51L.LIB (?C?IILDX)
  D:\KEIL_V5\C51\LIB\C51L.LIB (?C?ILDIX)
  D:\KEIL_V5\C51\LIB\C51L.LIB (?C?ILDOPTR)
  D:\KEIL_V5\C51\LIB\C51L.LIB (?C?LMUL)
  D:\KEIL_V5\C51\LIB\C51L.LIB (?C?ULDIV)
  D:\KEIL_V5\C51\LIB\C51L.LIB (?C?ULCMP)
  D:\KEIL_V5\C51\LIB\C51L.LIB (?C?ULSHR)
  D:\KEIL_V5\C51\LIB\C51L.LIB (?C?LLDOPTR0)
  D:\KEIL_V5\C51\LIB\C51L.LIB (?C?LSTXDATA)
  D:\KEIL_V5\C51\LIB\C51L.LIB (?C?LSTKXDATA)
  D:\KEIL_V5\C51\LIB\C51L.LIB (?C?PLDOPTR)
  D:\KEIL_V5\C51\LIB\C51L.LIB (?C?PSTOPTR)
  D:\KEIL_V5\C51\LIB\C51L.LIB (?C?ICALL)
  D:\KEIL_V5\C51\LIB\C51L.LIB (?C_XBP)
  D:\KEIL_V5\C51\LIB\C51L.LIB (?C?ADDXBP)
  D:\KEIL_V5\C51\LIB\C51L.LIB (?C?XBPOFF)
  D:\KEIL_V5\C51\LIB\C51L.LIB (PRINTF)
  D:\KEIL_V5\C51\LIB\C51L.LIB (?C?CSTPTR)
  D:\KEIL_V5\C51\LIB\C51L.LIB (?C?LLDIDATA0)
  D:\KEIL_V5\C51\LIB\C51L.LIB (?C?LLDXDATA0)
  D:\KEIL_V5\C51\LIB\C51L.LIB (?C?LLDPDATA0)
BL51 BANKED LINKER/LOCATER V6.22.2.0                                                  12/14/2022  17:31:24  PAGE 2


  D:\KEIL_V5\C51\LIB\C51L.LIB (?C?LLDCODE0)
  D:\KEIL_V5\C51\LIB\C51L.LIB (?C?PLDIDATA)
  D:\KEIL_V5\C51\LIB\C51L.LIB (?C?PSTIDATA)
  D:\KEIL_V5\C51\LIB\C51L.LIB (?C?PLDXDATA)
  D:\KEIL_V5\C51\LIB\C51L.LIB (?C?PLDIXDATA)
  D:\KEIL_V5\C51\LIB\C51L.LIB (?C?PSTXDATA)
  D:\KEIL_V5\C51\LIB\C51L.LIB (?C?PLDPDATA)
  D:\KEIL_V5\C51\LIB\C51L.LIB (?C?PSTPDATA)
  D:\KEIL_V5\C51\LIB\C51L.LIB (?C?PLDCODE)
  D:\KEIL_V5\C51\LIB\C51L.LIB (?C?CCASE)


LINK MAP OF MODULE:  .\Object\EC11 (?C_STARTUP)


            TYPE    BASE      LENGTH    RELOCATION   SEGMENT NAME
            -----------------------------------------------------

            * * * * * * *   D A T A   M E M O R Y   * * * * * * *
            REG     0000H     0008H     ABSOLUTE     "REG BANK 0"
            DATA    0008H     0005H     UNIT         _DATA_GROUP_
            DATA    000DH     0002H     UNIT         ?C?LIB_DATA
                    000FH     0011H                  *** GAP ***
            BIT     0020H.0   0001H.1   UNIT         _BIT_GROUP_
                    0021H.1   0000H.7                *** GAP ***
            IDATA   0022H     0001H     UNIT         ?STACK

            * * * * * * *  X D A T A   M E M O R Y  * * * * * * *
            XDATA   0000H     0001H     ABSOLUTE     
            XDATA   0001H     0400H     UNIT         ?XD?OLED
            XDATA   0401H     0107H     UNIT         ?XD?UART
            XDATA   0508H     00B5H     UNIT         ?XD?MAIN
            XDATA   05BDH     0058H     UNIT         _XDATA_GROUP_
            XDATA   0615H     0015H     UNIT         ?XD?_OLED_DRAWLINE?OLED
            XDATA   062AH     0011H     UNIT         ?XD?SCREEN_DRAWPIXEL?SCREEN
            XDATA   063BH     0010H     UNIT         ?XD?_OLED_SHOWBMP?OLED
            XDATA   064BH     000EH     UNIT         ?XD?SCREEN
            XDATA   0659H     000DH     UNIT         ?XD?_OLED_SHOWNUMS?OLED
            XDATA   0666H     000AH     UNIT         ?XD?_OLED_SHOWDECIMAL?OLED
            XDATA   0670H     000AH     UNIT         ?XD?EC11
            XDATA   067AH     0009H     UNIT         ?XD?_DELETE_MENU?MENU_LINK
            XDATA   0683H     0009H     UNIT         ?XD?_OLED_REFRESH_TIME?SCREEN
            XDATA   068CH     0008H     UNIT         ?XD?MYTIMER
            XDATA   0694H     0008H     UNIT         ?XD?MYUART
            XDATA   069CH     0008H     UNIT         ?XD?READ_PIXEL?SCREEN
            XDATA   06A4H     0007H     UNIT         ?XD?_SHOW_SUBMENUS_NEXTLEVEL?MENU_LINK
            XDATA   06ABH     0006H     UNIT         ?XD?MENU
            XDATA   06B1H     0006H     UNIT         ?XD?_OLED_WR_BYTE_FAST?OLED
            XDATA   06B7H     0006H     UNIT         ?XD?_IIC_WR_BYTE_FAST?IIC
            XDATA   06BDH     0005H     UNIT         ?XD?_OLED_DRAWCUBE?OLED
            XDATA   06C2H     0005H     UNIT         ?XD?_IIC_WR_BYTE_CMD_FAST?IIC
            XDATA   06C7H     0003H     UNIT         ?XD?_TRAVERSAL_SUBMENUS?MENU_LINK
            XDATA   06CAH     0003H     UNIT         ?XD?_COUNT_CURRENTMENU_NEXTLEVELMENU_NUM?MENU_LINK
            XDATA   06CDH     0002H     UNIT         ?XD?_GET_ADCRESULT?ADC
            XDATA   06CFH     0002H     UNIT         ?XD?_IIC_WR_BYTE?IIC
            XDATA   06D1H     0001H     UNIT         ?XD?MY_UART_ECHO?MYUART
            XDATA   06D2H     0001H     UNIT         ?XD?KEY
BL51 BANKED LINKER/LOCATER V6.22.2.0                                                  12/14/2022  17:31:24  PAGE 3


            XDATA   06D3H     0001H     UNIT         ?XD?_IIC_WR_BYTE_DAT?IIC

            * * * * * * *   C O D E   M E M O R Y   * * * * * * *
            CODE    0000H     0003H     ABSOLUTE     
            CODE    0003H     0008H     UNIT         ?CO?MENU
            CODE    000BH     0003H     ABSOLUTE     
            CODE    000EH     000DH     UNIT         ?PR?_ADC_POWERCONTROL?ADC
            CODE    001BH     0003H     ABSOLUTE     
            CODE    001EH     0005H     UNIT         ?PR?DELAY15US?DELAY
            CODE    0023H     0003H     ABSOLUTE     
            CODE    0026H     0003H     UNIT         ?PR?TIMER1_INT?TIMER
                    0029H     0002H                  *** GAP ***
            CODE    002BH     0003H     ABSOLUTE     
            CODE    002EH     0030H     UNIT         ?PR?UART1_INIT?MYUART
            CODE    005EH     0003H     UNIT         ?PR?TIMER3_INT?TIMER
                    0061H     0002H                  *** GAP ***
            CODE    0063H     0003H     ABSOLUTE     
            CODE    0066H     002FH     UNIT         ?PR?_IIC_WR_BYTE?IIC
            CODE    0095H     0003H     UNIT         ?PR?TIMER4_INT?TIMER
            CODE    0098H     0003H     UNIT         ?PR?_MY_TX_WRITE2BUFF?MYUART
            CODE    009BH     0003H     ABSOLUTE     
            CODE    009EH     0003H     UNIT         ?PR?_MY_PRINTSTRING?MYUART
                    00A1H     0002H                  *** GAP ***
            CODE    00A3H     0003H     ABSOLUTE     
            CODE    00A6H     1C00H     UNIT         ?CO?MAIN
            CODE    1CA6H     1ABCH     UNIT         ?CO?OLED
            CODE    3762H     0591H     UNIT         ?C?LIB_CODE
            CODE    3CF3H     0460H     UNIT         ?PR?_OLED_DRAWLINE?OLED
            CODE    4153H     0365H     UNIT         ?PR?PRINTF?PRINTF
            CODE    44B8H     0331H     UNIT         ?PR?_TIMER_INILIZE?TIMER
            CODE    47E9H     0278H     UNIT         ?PR?_?FIND_NEXTMENU?MENU_LINK
            CODE    4A61H     0277H     UNIT         ?PR?_GPIO_INILIZE?GPIO
            CODE    4CD8H     026AH     UNIT         ?PR?_?FIND_PREVMENU?MENU_LINK
            CODE    4F42H     0258H     UNIT         ?PR?_DELETE_MENU?MENU_LINK
            CODE    519AH     0246H     UNIT         ?PR?_UART_CONFIGURATION?UART
            CODE    53E0H     0240H     UNIT         ?PR?_INSERT_MENU?MENU_LINK
            CODE    5620H     01B1H     UNIT         ?PR?_?FIND_PARMENU?MENU_LINK
            CODE    57D1H     01ADH     UNIT         ?PR?ADC_INT?EC11
            CODE    597EH     01A7H     UNIT         ?PR?_?FIND_MENU?MENU_LINK
            CODE    5B25H     013BH     UNIT         ?PR?_OLED_SHOWCHAR?OLED
            CODE    5C60H     0125H     UNIT         ?PR?_OLED_SHOWBMP?OLED
            CODE    5D85H     011DH     UNIT         ?PR?MAIN?MAIN
            CODE    5EA2H     011BH     UNIT         ?PR?_GET_ADCRESULT?ADC
            CODE    5FBDH     011BH     UNIT         ?PR?SCREEN_DRAWPIXEL?SCREEN
            CODE    60D8H     0112H     UNIT         ?C_INITSEG
            CODE    61EAH     0107H     UNIT         ?PR?_OLED_SHOWNUM?OLED
            CODE    62F1H     00F6H     UNIT         ?PR?_?TRAVERSAL_MENUSYSTEM?MENU_LINK
            CODE    63E7H     00F5H     UNIT         ?CO?MENU_LINK
            CODE    64DCH     00EFH     UNIT         ?PR?_SCREEN_SHOW_SUBMENUS?MENU
            CODE    65CBH     00E8H     UNIT         ?PR?_POINTERMENU_JUMPFORWARD?MENU
            CODE    66B3H     00E8H     UNIT         ?PR?_POINTERMENU_JUMPBACK?MENU
            CODE    679BH     00E6H     UNIT         ?PR?_OLED_SHOWDECIMAL?OLED
            CODE    6881H     00DAH     UNIT         ?PR?_SHOW_SUBMENUS_NEXTLEVEL?MENU_LINK
            CODE    695BH     00C7H     UNIT         ?PR?_ADC_INILIZE?ADC
            CODE    6A22H     00C2H     UNIT         ?PR?_OLED_SHOWSTRING_LEN?OLED
            CODE    6AE4H     00BCH     UNIT         ?PR?SCREEN_SHOW_POINTERMENU?MENU
            CODE    6BA0H     00B6H     UNIT         ?PR?_OLED_DRAWPOINT?OLED
BL51 BANKED LINKER/LOCATER V6.22.2.0                                                  12/14/2022  17:31:24  PAGE 4


            CODE    6C56H     00B5H     UNIT         ?PR?_OLED_REFRESH_TIME?SCREEN
            CODE    6D0BH     00B5H     UNIT         ?PR?_OLED_SHOWSTRING?OLED
            CODE    6DC0H     0093H     UNIT         ?PR?SYSTEM_INIT?MAIN
            CODE    6E53H     0092H     UNIT         ?C_C51STARTUP
            CODE    6EE5H     0091H     UNIT         ?PR?_BACK_SAFEMENU?MENU
            CODE    6F76H     008FH     UNIT         ?PR?_OLED_SHOWNUMS?OLED
            CODE    7005H     0087H     UNIT         ?PR?MY_UART_ECHO?MYUART
            CODE    708CH     0087H     UNIT         ?PR?UART1_INT?MYUART
            CODE    7113H     0083H     UNIT         ?PR?OLED_INIT?OLED
            CODE    7196H     007AH     UNIT         ?PR?READ_PIXEL?SCREEN
            CODE    7210H     0071H     UNIT         ?PR?TIMER2_INT?MYTIMER
            CODE    7281H     0060H     UNIT         ?PR?TIMER0_INT?MYTIMER
            CODE    72E1H     005FH     UNIT         ?PR?_COUNT_CURRENTMENU_NEXTLEVELMENU_NUM?MENU_LINK
            CODE    7340H     005DH     UNIT         ?PR?_OLED_READPOINT?OLED
            CODE    739DH     005CH     UNIT         ?PR?_JUDGE_EC11_ROTATE_DIR?EC11
            CODE    73F9H     005BH     UNIT         ?PR?_COUNT_SAMELEVEL_PREVMENU_NUM?MENU_LINK
            CODE    7454H     005BH     UNIT         ?PR?_OLED_DRAWCUBE?OLED
            CODE    74AFH     0053H     UNIT         ?PR?_?SCREEN_SET_FREQ?MENU_EVENT
            CODE    7502H     0051H     UNIT         ?PR?_TRAVERSAL_SUBMENUS?MENU_LINK
            CODE    7553H     004CH     UNIT         ?PR?_SCREEN_RESRATIO_INIT?SCREEN
            CODE    759FH     0049H     UNIT         ?PR?_MYPOW?OLED
            CODE    75E8H     0046H     UNIT         ?PR?_IIC_WR_BYTE_FAST?IIC
            CODE    762EH     003EH     UNIT         ?PR?_KEY_SCAN?KEY
            CODE    766CH     003CH     UNIT         ?PR?CARRYOUT_EVENT?MENU
            CODE    76A8H     003CH     UNIT         ?PR?_IIC_WR_BYTE_DAT_FAST?IIC
            CODE    76E4H     003AH     UNIT         ?PR?OLED_SHOW_FREQ?SCREEN
            CODE    771EH     003AH     UNIT         ?PR?OLED_CLEAR?OLED
            CODE    7758H     0039H     UNIT         ?PR?_IIC_WR_BYTE_CMD_FAST?IIC
            CODE    7791H     0038H     UNIT         ?PR?EC11_ADC_CONFIG?EC11
            CODE    77C9H     002EH     UNIT         ?PR?_OLED_FILL?OLED
            CODE    77F7H     002CH     UNIT         ?PR?_IIC_SEND_BYTE?IIC
            CODE    7823H     002BH     UNIT         ?PR?_TX1_WRITE2BUFF?UART
            CODE    784EH     0028H     UNIT         ?PR?MYTIMER0_INIT?MYTIMER
            CODE    7876H     0026H     UNIT         ?PR?_IIC_WR_BYTE_DAT?IIC
            CODE    789CH     0026H     UNIT         ?PR?_IIC_WR_BYTE_CMD?IIC
            CODE    78C2H     0025H     UNIT         ?CO?MYUART
            CODE    78E7H     0025H     UNIT         ?PR?EC11_GPIO_CONFIG?EC11
            CODE    790CH     0024H     UNIT         ?PR?MYTIMER2_INIT?MYTIMER
            CODE    7930H     0020H     UNIT         ?PR?IIC_WAIT_ACK?IIC
            CODE    7950H     001FH     UNIT         ?CO?MENU_EVENT
            CODE    796FH     001CH     UNIT         ?PR?OLED_REFRESH_GRAM?OLED
            CODE    798BH     001BH     UNIT         ?PR?_OLED_SET_FREQ?SCREEN
            CODE    79A6H     0019H     UNIT         ?CO?SCREEN
            CODE    79BFH     0019H     UNIT         ?PR?IIC_START?IIC
            CODE    79D8H     0018H     UNIT         ?PR?LED_GPIO_CONFIG?LED
            CODE    79F0H     0018H     UNIT         ?PR?KEY_GPIO_CONFIG?KEY
            CODE    7A08H     0017H     UNIT         ?PR?_DELAY_1_US?DELAY
            CODE    7A1FH     0017H     UNIT         ?PR?_DELAY_5_US?DELAY
            CODE    7A36H     0017H     UNIT         ?PR?_DELAY_10_US?DELAY
            CODE    7A4DH     0017H     UNIT         ?PR?_DELAY_MS?DELAY
            CODE    7A64H     0017H     UNIT         ?PR?_EC11_ADC_POWERCONTROL?EC11
            CODE    7A7BH     0016H     UNIT         ?PR?UART_GPIO_CONFIG?MYUART
            CODE    7A91H     0016H     UNIT         ?PR?OLED_SHOW_HELLO?SCREEN
            CODE    7AA7H     0015H     UNIT         ?PR?ENTER_POINTERMENU?MENU
            CODE    7ABCH     0015H     UNIT         ?PR?IIC_GPIO_CONFIG?IIC
            CODE    7AD1H     0013H     UNIT         ?PR?_PRINTSTRING1?UART
            CODE    7AE4H     000FH     UNIT         ?PR?MY_UART_INIT?MYUART
BL51 BANKED LINKER/LOCATER V6.22.2.0                                                  12/14/2022  17:31:24  PAGE 5


            CODE    7AF3H     000FH     UNIT         ?PR?EC11_CW_MENUSWITCH_CB?MAIN
            CODE    7B02H     000FH     UNIT         ?PR?EC11_CCW_MENUSWITCH_CB?MAIN
            CODE    7B11H     000FH     UNIT         ?PR?OLED_ADD_FREQ?SCREEN
            CODE    7B20H     000FH     UNIT         ?PR?OLED_SUB_FREQ?SCREEN
            CODE    7B2FH     000FH     UNIT         ?PR?OLED_DISPLAY_ON?OLED
            CODE    7B3EH     000FH     UNIT         ?PR?OLED_DISPLAY_OFF?OLED
            CODE    7B4DH     000FH     UNIT         ?PR?EC11_INIT?EC11
            CODE    7B5CH     000EH     UNIT         ?PR?_PUTCHAR?MYUART
            CODE    7B6AH     000EH     UNIT         ?PR?IIC_STOP?IIC
            CODE    7B78H     000CH     UNIT         ?PR?MY_TIMER_INIT?MYTIMER
            CODE    7B84H     000BH     UNIT         ?PR?_OLED_WR_BYTE_FAST?OLED
            CODE    7B8FH     0009H     UNIT         ?PR?_?SCREEN_SHOW_FREQ?MENU_EVENT
            CODE    7B98H     0009H     UNIT         ?PR?GET_SCREEN_RESRATIO_TOTALCOL?SCREEN
            CODE    7BA1H     0009H     UNIT         ?PR?GET_SCREEN_RESRATIO_TOTALROW?SCREEN
            CODE    7BAAH     0009H     UNIT         ?PR?GET_SCREEN_RESRATIO_PIXELWIDTH?SCREEN
            CODE    7BB3H     0009H     UNIT         ?PR?GET_SCREEN_RESRATIO_PIXELHIGHT?SCREEN
            CODE    7BBCH     0009H     UNIT         ?PR?GET_SCREEN_RESRATIO_PIXELSTOTALCOL?SCREEN
            CODE    7BC5H     0009H     UNIT         ?PR?GET_SCREEN_RESRATIO_PIXELSTOTALROW?SCREEN
            CODE    7BCEH     0003H     UNIT         ?PR?_OLED_WR_BYTE?OLED
            CODE    7BD1H     0003H     UNIT         ?PR?_OLED_WR_BYTE_DAT?OLED
            CODE    7BD4H     0003H     UNIT         ?PR?_OLED_WR_BYTE_CMD?OLED
            CODE    7BD7H     0003H     UNIT         ?PR?_OLED_WR_BYTE_DAT_FAST?OLED
            CODE    7BDAH     0003H     UNIT         ?PR?_OLED_WR_BYTE_CMD_FAST?OLED
            CODE    7BDDH     0003H     UNIT         ?PR?OLED_GPIO_INIT?OLED
            CODE    7BE0H     0003H     UNIT         ?PR?LED_INIT?LED
            CODE    7BE3H     0003H     UNIT         ?PR?_EC11_GETADCRESULT?EC11
            CODE    7BE6H     0003H     UNIT         ?PR?KEY_INIT?KEY



OVERLAY MAP OF MODULE:   .\Object\EC11 (?C_STARTUP)


SEGMENT                                             BIT_GROUP          DATA_GROUP          XDATA_GROUP
  +--> CALLED SEGMENT                            START    LENGTH     START    LENGTH     START    LENGTH
--------------------------------------------------------------------------------------------------------
?C_C51STARTUP                                    -----    -----      -----    -----      -----    -----
  +--> ?PR?MAIN?MAIN
  +--> ?C_INITSEG

?PR?MAIN?MAIN                                    -----    -----      -----    -----      05BDH    0003H
  +--> ?PR?EC11_CW_MENUSWITCH_CB?MAIN
  +--> ?PR?EC11_CCW_MENUSWITCH_CB?MAIN
  +--> ?PR?SYSTEM_INIT?MAIN
  +--> ?PR?_SCREEN_RESRATIO_INIT?SCREEN
  +--> ?PR?OLED_REFRESH_GRAM?OLED
  +--> ?PR?_KEY_SCAN?KEY
  +--> ?PR?ENTER_POINTERMENU?MENU
  +--> ?PR?CARRYOUT_EVENT?MENU
  +--> ?PR?_SCREEN_SHOW_SUBMENUS?MENU
  +--> ?PR?_BACK_SAFEMENU?MENU

?PR?EC11_CW_MENUSWITCH_CB?MAIN                   -----    -----      -----    -----      -----    -----
  +--> ?PR?_POINTERMENU_JUMPFORWARD?MENU
  +--> ?PR?SCREEN_SHOW_POINTERMENU?MENU

?PR?_POINTERMENU_JUMPFORWARD?MENU                -----    -----      -----    -----      05C0H    0006H
BL51 BANKED LINKER/LOCATER V6.22.2.0                                                  12/14/2022  17:31:24  PAGE 6


  +--> ?PR?_?FIND_PREVMENU?MENU_LINK

?PR?SCREEN_SHOW_POINTERMENU?MENU                 -----    -----      -----    -----      05C0H    0008H
  +--> ?PR?GET_SCREEN_RESRATIO_TOTALROW?SCREEN
  +--> ?PR?_COUNT_SAMELEVEL_PREVMENU_NUM?MEN...
  +--> ?PR?_OLED_FILL?OLED
  +--> ?CO?MENU
  +--> ?PR?_OLED_SHOWSTRING?OLED

?PR?_COUNT_SAMELEVEL_PREVMENU_NUM?MEN...         -----    -----      -----    -----      05C8H    0003H

?PR?_OLED_FILL?OLED                              -----    -----      -----    -----      05C8H    0005H
  +--> ?PR?_OLED_DRAWPOINT?OLED

?PR?_OLED_DRAWPOINT?OLED                         -----    -----      -----    -----      05D8H    0002H

?PR?_OLED_SHOWSTRING?OLED                        -----    -----      -----    -----      05C8H    0007H
  +--> ?PR?OLED_CLEAR?OLED
  +--> ?PR?_OLED_SHOWCHAR?OLED

?PR?_OLED_SHOWCHAR?OLED                          -----    -----      -----    -----      05D0H    0008H
  +--> ?CO?OLED
  +--> ?PR?_OLED_DRAWPOINT?OLED

?PR?EC11_CCW_MENUSWITCH_CB?MAIN                  -----    -----      -----    -----      -----    -----
  +--> ?PR?_POINTERMENU_JUMPBACK?MENU
  +--> ?PR?SCREEN_SHOW_POINTERMENU?MENU

?PR?_POINTERMENU_JUMPBACK?MENU                   -----    -----      -----    -----      05C0H    0006H
  +--> ?PR?_?FIND_NEXTMENU?MENU_LINK

?PR?SYSTEM_INIT?MAIN                             -----    -----      -----    -----      -----    -----
  +--> ?PR?MY_UART_INIT?MYUART
  +--> ?PR?MY_TIMER_INIT?MYTIMER
  +--> ?PR?LED_INIT?LED
  +--> ?PR?KEY_INIT?KEY
  +--> ?PR?EC11_INIT?EC11
  +--> ?PR?OLED_INIT?OLED
  +--> ?PR?_INSERT_MENU?MENU_LINK

?PR?MY_UART_INIT?MYUART                          -----    -----      -----    -----      -----    -----
  +--> ?PR?UART_GPIO_CONFIG?MYUART
  +--> ?PR?UART1_INIT?MYUART
  +--> ?CO?MYUART
  +--> ?PR?PRINTF?PRINTF

?PR?UART_GPIO_CONFIG?MYUART                      -----    -----      -----    -----      05C0H    0002H
  +--> ?PR?_GPIO_INILIZE?GPIO

?PR?UART1_INIT?MYUART                            -----    -----      -----    -----      05C0H    000CH
  +--> ?PR?_UART_CONFIGURATION?UART

?PR?_UART_CONFIGURATION?UART                     -----    -----      -----    -----      05CCH    0007H

?PR?PRINTF?PRINTF                                0020H.0  0001H.1    0008H    0005H      05ECH    0028H
  +--> ?PR?_PUTCHAR?MYUART

BL51 BANKED LINKER/LOCATER V6.22.2.0                                                  12/14/2022  17:31:24  PAGE 7


?PR?_PUTCHAR?MYUART                              -----    -----      -----    -----      0614H    0001H
  +--> ?PR?_MY_TX_WRITE2BUFF?MYUART

?PR?_MY_TX_WRITE2BUFF?MYUART                     -----    -----      -----    -----      -----    -----
  +--> ?PR?_TX1_WRITE2BUFF?UART

?PR?MY_TIMER_INIT?MYTIMER                        -----    -----      -----    -----      -----    -----
  +--> ?PR?MYTIMER0_INIT?MYTIMER
  +--> ?PR?MYTIMER2_INIT?MYTIMER

?PR?MYTIMER0_INIT?MYTIMER                        -----    -----      -----    -----      05C0H    0008H
  +--> ?PR?_TIMER_INILIZE?TIMER

?PR?MYTIMER2_INIT?MYTIMER                        -----    -----      -----    -----      05C0H    0008H
  +--> ?PR?_TIMER_INILIZE?TIMER

?PR?LED_INIT?LED                                 -----    -----      -----    -----      -----    -----
  +--> ?PR?LED_GPIO_CONFIG?LED

?PR?LED_GPIO_CONFIG?LED                          -----    -----      -----    -----      05C0H    0002H
  +--> ?PR?_GPIO_INILIZE?GPIO

?PR?KEY_INIT?KEY                                 -----    -----      -----    -----      -----    -----
  +--> ?PR?KEY_GPIO_CONFIG?KEY

?PR?KEY_GPIO_CONFIG?KEY                          -----    -----      -----    -----      05C0H    0002H
  +--> ?PR?_GPIO_INILIZE?GPIO

?PR?EC11_INIT?EC11                               -----    -----      -----    -----      -----    -----
  +--> ?PR?EC11_GPIO_CONFIG?EC11
  +--> ?PR?EC11_ADC_CONFIG?EC11

?PR?EC11_GPIO_CONFIG?EC11                        -----    -----      -----    -----      05C0H    0002H
  +--> ?PR?_GPIO_INILIZE?GPIO

?PR?EC11_ADC_CONFIG?EC11                         -----    -----      -----    -----      05C0H    0008H
  +--> ?PR?_ADC_INILIZE?ADC
  +--> ?PR?_EC11_ADC_POWERCONTROL?EC11

?PR?_EC11_ADC_POWERCONTROL?EC11                  -----    -----      -----    -----      05C8H    0001H
  +--> ?PR?_ADC_POWERCONTROL?ADC
  +--> ?PR?_DELAY_MS?DELAY

?PR?OLED_INIT?OLED                               -----    -----      -----    -----      -----    -----
  +--> ?PR?OLED_GPIO_INIT?OLED
  +--> ?PR?_OLED_WR_BYTE_CMD?OLED
  +--> ?PR?OLED_CLEAR?OLED

?PR?OLED_GPIO_INIT?OLED                          -----    -----      -----    -----      -----    -----
  +--> ?PR?IIC_GPIO_CONFIG?IIC

?PR?IIC_GPIO_CONFIG?IIC                          -----    -----      -----    -----      05C0H    0002H
  +--> ?PR?_GPIO_INILIZE?GPIO

?PR?_OLED_WR_BYTE_CMD?OLED                       -----    -----      -----    -----      -----    -----
  +--> ?PR?_IIC_WR_BYTE_CMD?IIC

BL51 BANKED LINKER/LOCATER V6.22.2.0                                                  12/14/2022  17:31:24  PAGE 8


?PR?_IIC_WR_BYTE_CMD?IIC                         -----    -----      -----    -----      05C0H    0001H
  +--> ?PR?IIC_START?IIC
  +--> ?PR?_IIC_SEND_BYTE?IIC
  +--> ?PR?IIC_WAIT_ACK?IIC
  +--> ?PR?IIC_STOP?IIC

?PR?IIC_WAIT_ACK?IIC                             -----    -----      -----    -----      -----    -----
  +--> ?PR?IIC_STOP?IIC

?PR?IIC_STOP?IIC                                 -----    -----      -----    -----      -----    -----
  +--> ?PR?_DELAY_1_US?DELAY

?PR?_INSERT_MENU?MENU_LINK                       -----    -----      -----    -----      05C0H    002CH
  +--> ?PR?_?FIND_MENU?MENU_LINK
  +--> ?CO?MENU_LINK
  +--> ?PR?PRINTF?PRINTF

?PR?_SCREEN_RESRATIO_INIT?SCREEN                 -----    -----      -----    -----      05C0H    000CH

?PR?OLED_REFRESH_GRAM?OLED                       -----    -----      -----    -----      -----    -----
  +--> ?PR?_OLED_WR_BYTE_CMD?OLED
  +--> ?PR?_OLED_WR_BYTE_DAT_FAST?OLED

?PR?_OLED_WR_BYTE_DAT_FAST?OLED                  -----    -----      -----    -----      -----    -----
  +--> ?PR?_IIC_WR_BYTE_DAT_FAST?IIC

?PR?_IIC_WR_BYTE_DAT_FAST?IIC                    -----    -----      -----    -----      05C0H    0005H
  +--> ?PR?IIC_START?IIC
  +--> ?PR?_IIC_SEND_BYTE?IIC
  +--> ?PR?IIC_WAIT_ACK?IIC
  +--> ?PR?IIC_STOP?IIC

?PR?_KEY_SCAN?KEY                                -----    -----      -----    -----      05C0H    0001H
  +--> ?PR?_DELAY_MS?DELAY

?PR?CARRYOUT_EVENT?MENU                          -----    -----      -----    -----      -----    -----
  +--> ?PR?ENTER_POINTERMENU?MENU
  +--> ?PR?OLED_CLEAR?OLED

?PR?_SCREEN_SHOW_SUBMENUS?MENU                   -----    -----      -----    -----      05C0H    0008H
  +--> ?PR?OLED_CLEAR?OLED
  +--> ?PR?GET_SCREEN_RESRATIO_TOTALCOL?SCREEN
  +--> ?PR?_OLED_SHOWSTRING_LEN?OLED
  +--> ?CO?MENU
  +--> ?PR?_OLED_SHOWSTRING?OLED

?PR?_OLED_SHOWSTRING_LEN?OLED                    -----    -----      -----    -----      05C8H    0008H
  +--> ?PR?OLED_CLEAR?OLED
  +--> ?PR?_OLED_SHOWCHAR?OLED

?PR?_BACK_SAFEMENU?MENU                          -----    -----      -----    -----      05C0H    0006H
  +--> ?PR?_?FIND_PARMENU?MENU_LINK

?C_INITSEG                                       -----    -----      -----    -----      -----    -----
  +--> ?PR?_?SCREEN_SHOW_FREQ?MENU_EVENT
  +--> ?PR?_?SCREEN_SET_FREQ?MENU_EVENT

BL51 BANKED LINKER/LOCATER V6.22.2.0                                                  12/14/2022  17:31:24  PAGE 9


?PR?_?SCREEN_SHOW_FREQ?MENU_EVENT                -----    -----      -----    -----      -----    -----
  +--> ?PR?OLED_CLEAR?OLED
  +--> ?PR?OLED_SHOW_FREQ?SCREEN

?PR?OLED_SHOW_FREQ?SCREEN                        -----    -----      -----    -----      -----    -----
  +--> ?CO?SCREEN
  +--> ?PR?_OLED_SHOWSTRING?OLED
  +--> ?PR?_OLED_SHOWNUM?OLED

?PR?_OLED_SHOWNUM?OLED                           -----    -----      -----    -----      05BDH    000CH
  +--> ?PR?_MYPOW?OLED
  +--> ?PR?_OLED_SHOWCHAR?OLED

?PR?_MYPOW?OLED                                  -----    -----      -----    -----      05C9H    0006H

?PR?_?SCREEN_SET_FREQ?MENU_EVENT                 -----    -----      -----    -----      -----    -----
  +--> ?PR?OLED_ADD_FREQ?SCREEN
  +--> ?PR?OLED_SUB_FREQ?SCREEN
  +--> ?PR?OLED_CLEAR?OLED
  +--> ?PR?OLED_SHOW_FREQ?SCREEN
  +--> ?CO?MENU_EVENT
  +--> ?PR?_OLED_SHOWSTRING?OLED

?PR?OLED_ADD_FREQ?SCREEN                         -----    -----      -----    -----      -----    -----
  +--> ?PR?OLED_CLEAR?OLED
  +--> ?PR?_OLED_SET_FREQ?SCREEN
  +--> ?PR?OLED_SHOW_FREQ?SCREEN

?PR?OLED_SUB_FREQ?SCREEN                         -----    -----      -----    -----      -----    -----
  +--> ?PR?OLED_CLEAR?OLED
  +--> ?PR?_OLED_SET_FREQ?SCREEN
  +--> ?PR?OLED_SHOW_FREQ?SCREEN

*** NEW ROOT ***************************************************

?PR?ADC_INT?EC11                                 -----    -----      -----    -----      -----    -----
  +--> ?PR?_JUDGE_EC11_ROTATE_DIR?EC11



SYMBOL TABLE OF MODULE:  .\Object\EC11 (?C_STARTUP)

  VALUE           TYPE          NAME
  ----------------------------------

  -------         MODULE        ?C_STARTUP
  C:6E53H         SEGMENT       ?C_C51STARTUP
  I:0022H         SEGMENT       ?STACK
  C:0000H         PUBLIC        ?C_STARTUP
  D:00E0H         SYMBOL        ACC
  D:00F0H         SYMBOL        B
  D:0083H         SYMBOL        DPH
  D:0082H         SYMBOL        DPL
  N:0000H         SYMBOL        IBPSTACK
  N:0100H         SYMBOL        IBPSTACKTOP
  N:0080H         SYMBOL        IDATALEN
  C:6E56H         SYMBOL        IDATALOOP
BL51 BANKED LINKER/LOCATER V6.22.2.0                                                  12/14/2022  17:31:24  PAGE 10


  N:0000H         SYMBOL        PBPSTACK
  N:0100H         SYMBOL        PBPSTACKTOP
  N:0000H         SYMBOL        PDATALEN
  N:0000H         SYMBOL        PDATASTART
  N:0000H         SYMBOL        PPAGE
  N:0000H         SYMBOL        PPAGEENABLE
  D:00A0H         SYMBOL        PPAGE_SFR
  D:0081H         SYMBOL        SP
  C:6E53H         SYMBOL        STARTUP1
  N:0001H         SYMBOL        XBPSTACK
  N:1000H         SYMBOL        XBPSTACKTOP
  N:0000H         SYMBOL        XDATALEN
  N:0000H         SYMBOL        XDATASTART
  C:0000H         LINE#         126
  C:6E53H         LINE#         133
  C:6E55H         LINE#         134
  C:6E56H         LINE#         135
  C:6E57H         LINE#         136
  C:6E59H         LINE#         176
  C:6E5CH         LINE#         177
  C:6E5FH         LINE#         185
  C:6E62H         LINE#         196
  -------         ENDMOD        ?C_STARTUP

  -------         MODULE        DELAY
  C:0000H         SYMBOL        _ICE_DUMMY_
  D:0080H         PUBLIC        P0
  D:0090H         PUBLIC        P1
  D:00A0H         PUBLIC        P2
  D:00B0H         PUBLIC        P3
  D:00C0H         PUBLIC        P4
  D:00C8H         PUBLIC        P5
  D:00E8H         PUBLIC        P6
  D:00F8H         PUBLIC        P7
  D:00A8H         PUBLIC        IE
  D:00B8H         PUBLIC        IP
  C:7A36H         PUBLIC        _delay_10_us
  D:00D8H         PUBLIC        CCON
  D:0098H         PUBLIC        SCON
  D:0088H         PUBLIC        TCON
  D:00F0H         PUBLIC        B
  C:001EH         PUBLIC        Delay15us
  D:00E0H         PUBLIC        ACC
  C:7A4DH         PUBLIC        _delay_ms
  C:7A08H         PUBLIC        _delay_1_us
  C:7A1FH         PUBLIC        _delay_5_us
  D:00D0H         PUBLIC        PSW
  -------         PROC          DELAY15US
  -------         DO            
  D:0007H         SYMBOL        i
  -------         ENDDO         
  C:001EH         LINE#         3
  C:001EH         LINE#         4
  C:001EH         LINE#         7
  C:0020H         LINE#         8
  C:0022H         LINE#         9
  -------         ENDPROC       DELAY15US
BL51 BANKED LINKER/LOCATER V6.22.2.0                                                  12/14/2022  17:31:24  PAGE 11


  -------         PROC          _DELAY_1_US
  D:0006H         SYMBOL        us
  -------         DO            
  D:0004H         SYMBOL        i
  -------         ENDDO         
  C:7A08H         LINE#         16
  C:7A08H         LINE#         17
  C:7A08H         LINE#         19
  C:7A08H         LINE#         20
  C:7A0CH         LINE#         21
  C:7A15H         LINE#         22
  C:7A1EH         LINE#         23
  -------         ENDPROC       _DELAY_1_US
  -------         PROC          _DELAY_5_US
  D:0006H         SYMBOL        _5us
  -------         DO            
  D:0004H         SYMBOL        i
  -------         ENDDO         
  C:7A1FH         LINE#         25
  C:7A1FH         LINE#         26
  C:7A1FH         LINE#         28
  C:7A1FH         LINE#         29
  C:7A23H         LINE#         30
  C:7A2CH         LINE#         31
  C:7A35H         LINE#         32
  -------         ENDPROC       _DELAY_5_US
  -------         PROC          _DELAY_10_US
  D:0006H         SYMBOL        _10us
  -------         DO            
  D:0004H         SYMBOL        i
  -------         ENDDO         
  C:7A36H         LINE#         34
  C:7A36H         LINE#         35
  C:7A36H         LINE#         37
  C:7A36H         LINE#         38
  C:7A3AH         LINE#         39
  C:7A43H         LINE#         40
  C:7A4CH         LINE#         41
  -------         ENDPROC       _DELAY_10_US
  -------         PROC          _DELAY_MS
  D:0006H         SYMBOL        ms
  -------         DO            
  D:0004H         SYMBOL        i
  -------         ENDDO         
  C:7A4DH         LINE#         43
  C:7A4DH         LINE#         44
  C:7A4DH         LINE#         46
  C:7A4DH         LINE#         47
  C:7A51H         LINE#         48
  C:7A5AH         LINE#         49
  C:7A63H         LINE#         50
  -------         ENDPROC       _DELAY_MS
  -------         ENDMOD        DELAY

  -------         MODULE        GPIO
  C:0000H         SYMBOL        _ICE_DUMMY_
  D:0093H         PUBLIC        P0M1
BL51 BANKED LINKER/LOCATER V6.22.2.0                                                  12/14/2022  17:31:24  PAGE 12


  D:0092H         PUBLIC        P1M0
  D:0096H         PUBLIC        P2M0
  D:0091H         PUBLIC        P1M1
  D:0080H         PUBLIC        P0
  D:00B2H         PUBLIC        P3M0
  D:0095H         PUBLIC        P2M1
  D:0090H         PUBLIC        P1
  D:00B4H         PUBLIC        P4M0
  D:00B1H         PUBLIC        P3M1
  D:00A0H         PUBLIC        P2
  D:00CAH         PUBLIC        P5M0
  D:00B3H         PUBLIC        P4M1
  D:00B0H         PUBLIC        P3
  D:00CCH         PUBLIC        P6M0
  D:00C9H         PUBLIC        P5M1
  D:00C0H         PUBLIC        P4
  D:00E2H         PUBLIC        P7M0
  D:00CBH         PUBLIC        P6M1
  D:00C8H         PUBLIC        P5
  D:00E8H         PUBLIC        P6
  D:00E1H         PUBLIC        P7M1
  D:00F8H         PUBLIC        P7
  D:00A8H         PUBLIC        IE
  D:00B8H         PUBLIC        IP
  D:00D8H         PUBLIC        CCON
  D:0098H         PUBLIC        SCON
  D:0088H         PUBLIC        TCON
  D:00F0H         PUBLIC        B
  D:00E0H         PUBLIC        ACC
  C:4A61H         PUBLIC        _GPIO_Inilize
  D:00D0H         PUBLIC        PSW
  D:0094H         PUBLIC        P0M0
  -------         PROC          _GPIO_INILIZE
  D:0007H         SYMBOL        GPIO
  D:0001H         SYMBOL        GPIOx
  C:4A61H         LINE#         28
  C:4A61H         LINE#         29
  C:4A61H         LINE#         30
  C:4A6EH         LINE#         31
  C:4A7EH         LINE#         32
  C:4A81H         LINE#         33
  C:4A81H         LINE#         34
  C:4A8FH         LINE#         35
  C:4AA1H         LINE#         36
  C:4AB3H         LINE#         37
  C:4AC5H         LINE#         38
  C:4AC5H         LINE#         39
  C:4ACAH         LINE#         40
  C:4ACAH         LINE#         41
  C:4ADBH         LINE#         42
  C:4AEBH         LINE#         43
  C:4AFCH         LINE#         44
  C:4B10H         LINE#         45
  C:4B10H         LINE#         46
  C:4B15H         LINE#         47
  C:4B15H         LINE#         48
  C:4B26H         LINE#         49
BL51 BANKED LINKER/LOCATER V6.22.2.0                                                  12/14/2022  17:31:24  PAGE 13


  C:4B36H         LINE#         50
  C:4B47H         LINE#         51
  C:4B5BH         LINE#         52
  C:4B5BH         LINE#         53
  C:4B60H         LINE#         54
  C:4B60H         LINE#         55
  C:4B71H         LINE#         56
  C:4B81H         LINE#         57
  C:4B92H         LINE#         58
  C:4BA6H         LINE#         59
  C:4BA6H         LINE#         60
  C:4BABH         LINE#         61
  C:4BABH         LINE#         62
  C:4BBCH         LINE#         63
  C:4BCCH         LINE#         64
  C:4BDDH         LINE#         65
  C:4BF1H         LINE#         66
  C:4BF1H         LINE#         67
  C:4BF6H         LINE#         68
  C:4BF6H         LINE#         69
  C:4C07H         LINE#         70
  C:4C17H         LINE#         71
  C:4C28H         LINE#         72
  C:4C3CH         LINE#         73
  C:4C3CH         LINE#         74
  C:4C41H         LINE#         75
  C:4C41H         LINE#         76
  C:4C52H         LINE#         77
  C:4C62H         LINE#         78
  C:4C73H         LINE#         79
  C:4C87H         LINE#         80
  C:4C87H         LINE#         81
  C:4C8CH         LINE#         82
  C:4C8CH         LINE#         83
  C:4C9FH         LINE#         84
  C:4CB0H         LINE#         85
  C:4CC1H         LINE#         86
  C:4CD5H         LINE#         87
  C:4CD5H         LINE#         88
  C:4CD7H         LINE#         89
  -------         ENDPROC       _GPIO_INILIZE
  -------         ENDMOD        GPIO

  -------         MODULE        TIMER
  C:0000H         SYMBOL        _ICE_DUMMY_
  D:0080H         PUBLIC        P0
  D:0090H         PUBLIC        P1
  D:00A0H         PUBLIC        P2
  C:0026H         PUBLIC        timer1_int
  D:00B0H         PUBLIC        P3
  D:00C0H         PUBLIC        P4
  C:005EH         PUBLIC        timer3_int
  D:00C8H         PUBLIC        P5
  C:0095H         PUBLIC        timer4_int
  D:00E8H         PUBLIC        P6
  D:00F8H         PUBLIC        P7
  D:00A8H         PUBLIC        IE
BL51 BANKED LINKER/LOCATER V6.22.2.0                                                  12/14/2022  17:31:24  PAGE 14


  D:00B8H         PUBLIC        IP
  D:00D8H         PUBLIC        CCON
  D:0098H         PUBLIC        SCON
  D:0089H         PUBLIC        TMOD
  D:0088H         PUBLIC        TCON
  B:00E8H.3       PUBLIC        P63
  B:00E8H.4       PUBLIC        P64
  B:00E8H.6       PUBLIC        P66
  C:44B8H         PUBLIC        _Timer_Inilize
  D:00AFH         PUBLIC        IE2
  D:00F0H         PUBLIC        B
  D:008EH         PUBLIC        AUXR
  D:00E0H         PUBLIC        ACC
  B:00A8H.1       PUBLIC        ET0
  B:00A8H.3       PUBLIC        ET1
  D:008CH         PUBLIC        TH0
  D:008DH         PUBLIC        TH1
  D:00D6H         PUBLIC        TH2
  D:00D4H         PUBLIC        TH3
  D:00D2H         PUBLIC        TH4
  D:008AH         PUBLIC        TL0
  D:008BH         PUBLIC        TL1
  D:00D7H         PUBLIC        TL2
  D:00D5H         PUBLIC        TL3
  B:00B8H.1       PUBLIC        PT0
  D:00D3H         PUBLIC        TL4
  B:00B8H.3       PUBLIC        PT1
  B:0088H.4       PUBLIC        TR0
  B:0088H.6       PUBLIC        TR1
  D:00D1H         PUBLIC        T4T3M
  D:00B7H         PUBLIC        IPH
  D:008FH         PUBLIC        INT_CLKO
  D:00D0H         PUBLIC        PSW
  -------         PROC          TIMER1_INT
  C:0026H         LINE#         22
  C:0026H         LINE#         24
  C:0028H         LINE#         25
  -------         ENDPROC       TIMER1_INT
  -------         PROC          TIMER3_INT
  C:005EH         LINE#         28
  C:005EH         LINE#         30
  C:0060H         LINE#         31
  -------         ENDPROC       TIMER3_INT
  -------         PROC          TIMER4_INT
  C:0095H         LINE#         34
  C:0095H         LINE#         36
  C:0097H         LINE#         37
  -------         ENDPROC       TIMER4_INT
  -------         PROC          _TIMER_INILIZE
  D:0005H         SYMBOL        TIM
  D:0001H         SYMBOL        TIMx
  C:44B8H         LINE#         47
  C:44BAH         LINE#         48
  C:44BAH         LINE#         49
  C:44C7H         LINE#         51
  C:44CDH         LINE#         52
  C:44CDH         LINE#         53
BL51 BANKED LINKER/LOCATER V6.22.2.0                                                  12/14/2022  17:31:24  PAGE 15


  C:44CFH         LINE#         54
  C:44DDH         LINE#         55
  C:44DFH         LINE#         56
  C:44F2H         LINE#         57
  C:451EH         LINE#         59
  C:452EH         LINE#         60
  C:4535H         LINE#         61
  C:4545H         LINE#         62
  C:454CH         LINE#         63
  C:4557H         LINE#         64
  C:455AH         LINE#         65
  C:4569H         LINE#         66
  C:456CH         LINE#         68
  C:457EH         LINE#         69
  C:458AH         LINE#         70
  C:458DH         LINE#         71
  C:458DH         LINE#         73
  C:4595H         LINE#         74
  C:4595H         LINE#         75
  C:4597H         LINE#         76
  C:45A5H         LINE#         77
  C:45A7H         LINE#         78
  C:45BAH         LINE#         79
  C:45E6H         LINE#         80
  C:45F6H         LINE#         81
  C:4602H         LINE#         82
  C:4612H         LINE#         83
  C:4619H         LINE#         84
  C:4624H         LINE#         85
  C:4627H         LINE#         86
  C:4636H         LINE#         87
  C:4639H         LINE#         89
  C:464BH         LINE#         90
  C:4657H         LINE#         91
  C:465AH         LINE#         92
  C:465AH         LINE#         94
  C:465FH         LINE#         95
  C:465FH         LINE#         96
  C:4662H         LINE#         97
  C:4671H         LINE#         98
  C:4674H         LINE#         99
  C:4687H         LINE#         100
  C:4692H         LINE#         101
  C:4699H         LINE#         102
  C:46A4H         LINE#         103
  C:46A7H         LINE#         104
  C:46B6H         LINE#         105
  C:46B9H         LINE#         107
  C:46CBH         LINE#         108
  C:46D8H         LINE#         109
  C:46DBH         LINE#         110
  C:46DBH         LINE#         112
  C:46E0H         LINE#         113
  C:46E0H         LINE#         114
  C:46E3H         LINE#         115
  C:46F2H         LINE#         116
  C:46F5H         LINE#         117
BL51 BANKED LINKER/LOCATER V6.22.2.0                                                  12/14/2022  17:31:24  PAGE 16


  C:4708H         LINE#         118
  C:4713H         LINE#         119
  C:471AH         LINE#         120
  C:4725H         LINE#         121
  C:4728H         LINE#         122
  C:4737H         LINE#         123
  C:473AH         LINE#         125
  C:474CH         LINE#         126
  C:4759H         LINE#         127
  C:475CH         LINE#         128
  C:475CH         LINE#         130
  C:4764H         LINE#         131
  C:4764H         LINE#         132
  C:4767H         LINE#         133
  C:4776H         LINE#         134
  C:4779H         LINE#         135
  C:478EH         LINE#         136
  C:4797H         LINE#         137
  C:47A2H         LINE#         138
  C:47B1H         LINE#         139
  C:47B4H         LINE#         140
  C:47C3H         LINE#         141
  C:47C6H         LINE#         143
  C:47D6H         LINE#         144
  C:47E3H         LINE#         145
  C:47E6H         LINE#         146
  C:47E6H         LINE#         147
  C:47E8H         LINE#         148
  -------         ENDPROC       _TIMER_INILIZE
  -------         ENDMOD        TIMER

  -------         MODULE        UART
  C:0000H         SYMBOL        _ICE_DUMMY_
  C:519AH         PUBLIC        _UART_Configuration
  D:0080H         PUBLIC        P0
  D:0090H         PUBLIC        P1
  D:00A0H         PUBLIC        P2
  D:00B0H         PUBLIC        P3
  D:00C0H         PUBLIC        P4
  D:00C8H         PUBLIC        P5
  D:00E8H         PUBLIC        P6
  D:00F8H         PUBLIC        P7
  D:00A2H         PUBLIC        P_SW1
  D:00A8H         PUBLIC        IE
  X:0401H         PUBLIC        COM1
  B:00A8H.4       PUBLIC        ES
  D:00B8H         PUBLIC        IP
  X:0408H         PUBLIC        RX1_Buffer
  X:0488H         PUBLIC        TX1_Buffer
  B:0098H.1       PUBLIC        TI
  B:00B8H.4       PUBLIC        PS
  D:00D8H         PUBLIC        CCON
  D:0087H         PUBLIC        PCON
  D:0098H         PUBLIC        SCON
  D:0089H         PUBLIC        TMOD
  D:0088H         PUBLIC        TCON
  C:7AD1H         PUBLIC        _PrintString1
BL51 BANKED LINKER/LOCATER V6.22.2.0                                                  12/14/2022  17:31:24  PAGE 17


  D:00AFH         PUBLIC        IE2
  D:00F0H         PUBLIC        B
  D:008EH         PUBLIC        AUXR
  C:7823H         PUBLIC        _TX1_write2buff
  D:00E0H         PUBLIC        ACC
  B:00A8H.3       PUBLIC        ET1
  D:008DH         PUBLIC        TH1
  D:00D6H         PUBLIC        TH2
  D:008BH         PUBLIC        TL1
  D:00D7H         PUBLIC        TL2
  B:0088H.6       PUBLIC        TR1
  D:00B7H         PUBLIC        IPH
  B:0098H.4       PUBLIC        REN
  D:008FH         PUBLIC        INT_CLKO
  D:00D0H         PUBLIC        PSW
  -------         PROC          _UART_CONFIGURATION
  D:0007H         SYMBOL        UARTx
  X:05CCH         SYMBOL        COMx
  -------         DO            
  D:0007H         SYMBOL        i
  X:05CFH         SYMBOL        j
  -------         ENDDO         
  C:519AH         LINE#         37
  C:51A5H         LINE#         38
  C:51A5H         LINE#         43
  C:51ADH         LINE#         44
  C:51ADH         LINE#         45
  C:51B2H         LINE#         46
  C:51B5H         LINE#         47
  C:51B7H         LINE#         48
  C:51B9H         LINE#         49
  C:51BBH         LINE#         50
  C:51BDH         LINE#         51
  C:51BFH         LINE#         52
  C:51D9H         LINE#         53
  C:51F4H         LINE#         55
  C:5214H         LINE#         56
  C:5254H         LINE#         57
  C:5266H         LINE#         58
  C:5271H         LINE#         59
  C:527FH         LINE#         60
  C:527FH         LINE#         61
  C:5296H         LINE#         62
  C:52B3H         LINE#         63
  C:52D5H         LINE#         64
  C:52EDH         LINE#         65
  C:52EDH         LINE#         66
  C:52EFH         LINE#         67
  C:52F2H         LINE#         68
  C:52F5H         LINE#         69
  C:52F8H         LINE#         70
  C:52FBH         LINE#         71
  C:5310H         LINE#         72
  C:5319H         LINE#         73
  C:531BH         LINE#         74
  C:531EH         LINE#         75
  C:5321H         LINE#         76
BL51 BANKED LINKER/LOCATER V6.22.2.0                                                  12/14/2022  17:31:24  PAGE 18


  C:5323H         LINE#         77
  C:5325H         LINE#         78
  C:532BH         LINE#         79
  C:532BH         LINE#         80
  C:532EH         LINE#         81
  C:5331H         LINE#         82
  C:5334H         LINE#         83
  C:5337H         LINE#         84
  C:534CH         LINE#         85
  C:5355H         LINE#         86
  C:5358H         LINE#         87
  C:535BH         LINE#         88
  C:535DH         LINE#         89
  C:5360H         LINE#         90
  C:5360H         LINE#         91
  C:5373H         LINE#         92
  C:5373H         LINE#         93
  C:5382H         LINE#         94
  C:5385H         LINE#         95
  C:5387H         LINE#         96
  C:538DH         LINE#         97
  C:538DH         LINE#         98
  C:539CH         LINE#         99
  C:539FH         LINE#         100
  C:539FH         LINE#         101
  C:53B8H         LINE#         102
  C:53BAH         LINE#         103
  C:53C8H         LINE#         104
  C:53CAH         LINE#         105
  C:53DAH         LINE#         106
  C:53DDH         LINE#         107
  C:53DDH         LINE#         252
  C:53DFH         LINE#         253
  -------         ENDPROC       _UART_CONFIGURATION
  -------         PROC          _TX1_WRITE2BUFF
  D:0007H         SYMBOL        dat
  C:7823H         LINE#         259
  C:7823H         LINE#         260
  C:7823H         LINE#         261
  C:7832H         LINE#         262
  C:7843H         LINE#         264
  C:7849H         LINE#         265
  C:7849H         LINE#         266
  C:784BH         LINE#         267
  C:784DH         LINE#         268
  C:784DH         LINE#         269
  -------         ENDPROC       _TX1_WRITE2BUFF
  -------         PROC          _PRINTSTRING1
  D:0001H         SYMBOL        puts
  C:7AD1H         LINE#         271
  C:7AD1H         LINE#         272
  C:7AD1H         LINE#         273
  C:7AE3H         LINE#         274
  -------         ENDPROC       _PRINTSTRING1
  -------         ENDMOD        UART

  -------         MODULE        ADC
BL51 BANKED LINKER/LOCATER V6.22.2.0                                                  12/14/2022  17:31:24  PAGE 19


  C:0000H         SYMBOL        _ICE_DUMMY_
  D:0080H         PUBLIC        P0
  D:0090H         PUBLIC        P1
  C:695BH         PUBLIC        _ADC_Inilize
  D:00A0H         PUBLIC        P2
  D:00B0H         PUBLIC        P3
  D:00C0H         PUBLIC        P4
  D:00C8H         PUBLIC        P5
  D:00E8H         PUBLIC        P6
  D:00F8H         PUBLIC        P7
  D:00BAH         PUBLIC        P_SW2
  B:00A8H.5       PUBLIC        EADC
  D:00A8H         PUBLIC        IE
  D:00BDH         PUBLIC        ADC_RES
  B:00B8H.5       PUBLIC        PADC
  D:00B8H         PUBLIC        IP
  D:00DEH         PUBLIC        ADCCFG
  C:000EH         PUBLIC        _ADC_PowerControl
  D:00D8H         PUBLIC        CCON
  D:00BCH         PUBLIC        ADC_CONTR
  D:0098H         PUBLIC        SCON
  D:0088H         PUBLIC        TCON
  D:00F0H         PUBLIC        B
  D:00E0H         PUBLIC        ACC
  C:5EA2H         PUBLIC        _Get_ADCResult
  D:00BEH         PUBLIC        ADC_RESL
  D:00B7H         PUBLIC        IPH
  D:00D0H         PUBLIC        PSW
  -------         PROC          _ADC_INILIZE
  D:0001H         SYMBOL        ADCx
  C:695BH         LINE#         23
  C:695BH         LINE#         24
  C:695BH         LINE#         25
  C:6969H         LINE#         26
  C:6978H         LINE#         27
  C:697BH         LINE#         28
  C:698AH         LINE#         29
  C:698DH         LINE#         30
  C:699BH         LINE#         31
  C:699DH         LINE#         32
  C:69AFH         LINE#         33
  C:69D8H         LINE#         35
  C:69E4H         LINE#         36
  C:69F4H         LINE#         37
  C:6A04H         LINE#         38
  C:6A07H         LINE#         39
  C:6A1EH         LINE#         40
  C:6A21H         LINE#         41
  -------         ENDPROC       _ADC_INILIZE
  -------         PROC          _ADC_POWERCONTROL
  D:0007H         SYMBOL        pwr
  C:000EH         LINE#         51
  C:000EH         LINE#         52
  C:000EH         LINE#         53
  C:0017H         LINE#         54
  C:001AH         LINE#         55
  -------         ENDPROC       _ADC_POWERCONTROL
BL51 BANKED LINKER/LOCATER V6.22.2.0                                                  12/14/2022  17:31:24  PAGE 20


  -------         PROC          _GET_ADCRESULT
  D:0007H         SYMBOL        channel
  -------         DO            
  X:06CDH         SYMBOL        adc
  D:0005H         SYMBOL        i
  -------         ENDDO         
  C:5EA2H         LINE#         64
  C:5EA2H         LINE#         65
  C:5EA2H         LINE#         69
  C:5EAFH         LINE#         70
  C:5EB2H         LINE#         71
  C:5EB4H         LINE#         73
  C:5EBDH         LINE#         75
  C:5F5DH         LINE#         77
  C:5F69H         LINE#         78
  C:5F69H         LINE#         79
  C:5F6EH         LINE#         80
  C:5F6EH         LINE#         81
  C:5F71H         LINE#         82
  C:5F78H         LINE#         83
  C:5F78H         LINE#         84
  C:5F83H         LINE#         85
  C:5F85H         LINE#         87
  C:5F85H         LINE#         89
  C:5F8DH         LINE#         90
  C:5FACH         LINE#         95
  C:5FACH         LINE#         96
  C:5FB5H         LINE#         97
  C:5FB5H         LINE#         98
  C:5FB8H         LINE#         99
  C:5FBCH         LINE#         100
  -------         ENDPROC       _GET_ADCRESULT
  -------         ENDMOD        ADC

  -------         MODULE        MYTIMER
  C:0000H         SYMBOL        _ICE_DUMMY_
  D:0080H         PUBLIC        P0
  D:0090H         PUBLIC        P1
  C:7281H         PUBLIC        timer0_int
  D:00A0H         PUBLIC        P2
  D:00B0H         PUBLIC        P3
  C:7210H         PUBLIC        timer2_int
  D:00C0H         PUBLIC        P4
  D:00C8H         PUBLIC        P5
  D:00E8H         PUBLIC        P6
  D:00F8H         PUBLIC        P7
  D:00A8H         PUBLIC        IE
  D:00B8H         PUBLIC        IP
  C:7B78H         PUBLIC        My_Timer_Init
  D:00D8H         PUBLIC        CCON
  D:0098H         PUBLIC        SCON
  D:0088H         PUBLIC        TCON
  X:0690H         PUBLIC        sec
  D:00F0H         PUBLIC        B
  D:00E0H         PUBLIC        ACC
  C:784EH         SYMBOL        MyTimer0_Init
  C:790CH         SYMBOL        MyTimer2_Init
BL51 BANKED LINKER/LOCATER V6.22.2.0                                                  12/14/2022  17:31:24  PAGE 21


  D:00D0H         PUBLIC        PSW
  -------         PROC          MYTIMER0_INIT
  -------         DO            
  X:05C0H         SYMBOL        TIM_InitStructure
  -------         ENDDO         
  C:784EH         LINE#         7
  C:784EH         LINE#         8
  C:784EH         LINE#         11
  C:7853H         LINE#         12
  C:7856H         LINE#         13
  C:7858H         LINE#         14
  C:785BH         LINE#         15
  C:785DH         LINE#         16
  C:7864H         LINE#         17
  C:7867H         LINE#         18
  C:7875H         LINE#         19
  -------         ENDPROC       MYTIMER0_INIT
  -------         PROC          MYTIMER2_INIT
  -------         DO            
  X:05C0H         SYMBOL        TIM_InitStructure
  -------         ENDDO         
  C:790CH         LINE#         21
  C:790CH         LINE#         22
  C:790CH         LINE#         25
  C:7912H         LINE#         26
  C:7915H         LINE#         27
  C:7917H         LINE#         28
  C:791EH         LINE#         29
  C:7921H         LINE#         30
  C:792FH         LINE#         31
  -------         ENDPROC       MYTIMER2_INIT
  -------         PROC          MY_TIMER_INIT
  C:7B78H         LINE#         33
  C:7B78H         LINE#         34
  C:7B78H         LINE#         35
  C:7B7EH         LINE#         36
  C:7B81H         LINE#         37
  -------         ENDPROC       MY_TIMER_INIT
  -------         PROC          TIMER0_INT
  -------         DO            
  X:068CH         SYMBOL        counter
  -------         ENDDO         
  C:7281H         LINE#         44
  C:7298H         LINE#         48
  C:72A6H         LINE#         49
  C:72C1H         LINE#         50
  C:72C5H         LINE#         51
  C:72CCH         LINE#         52
  C:72CCH         LINE#         53
  -------         ENDPROC       TIMER0_INT
  -------         PROC          TIMER2_INT
  -------         DO            
  X:068EH         SYMBOL        counter
  -------         ENDDO         
  C:7210H         LINE#         57
  C:7227H         LINE#         61
  C:7235H         LINE#         62
BL51 BANKED LINKER/LOCATER V6.22.2.0                                                  12/14/2022  17:31:24  PAGE 22


  C:7244H         LINE#         63
  C:7248H         LINE#         64
  C:7265H         LINE#         65
  C:726CH         LINE#         66
  C:726CH         LINE#         67
  -------         ENDPROC       TIMER2_INT
  -------         ENDMOD        MYTIMER

  -------         MODULE        MYUART
  C:0000H         SYMBOL        _ICE_DUMMY_
  D:0080H         PUBLIC        P0
  D:0090H         PUBLIC        P1
  D:00A0H         PUBLIC        P2
  D:00B0H         PUBLIC        P3
  D:00C0H         PUBLIC        P4
  D:00C8H         PUBLIC        P5
  D:00E8H         PUBLIC        P6
  X:0694H         PUBLIC        My_COM
  D:00F8H         PUBLIC        P7
  C:7A7BH         SYMBOL        UART_GPIO_Config
  D:00A8H         PUBLIC        IE
  X:0697H         PUBLIC        My_RX_Buffer
  X:0699H         PUBLIC        My_TX_Buffer
  D:00B8H         PUBLIC        IP
  B:0098H.0       PUBLIC        RI
  C:708CH         PUBLIC        UART1_int
  B:0098H.1       PUBLIC        TI
  D:00D8H         PUBLIC        CCON
  D:0099H         PUBLIC        SBUF
  C:009EH         PUBLIC        _My_PrintString
  D:0098H         PUBLIC        SCON
  D:0088H         PUBLIC        TCON
  C:0098H         PUBLIC        _My_TX_write2buff
  D:00F0H         PUBLIC        B
  C:7005H         PUBLIC        My_UART_Echo
  D:00E0H         PUBLIC        ACC
  X:069BH         PUBLIC        My_RX_Cnt
  C:7AE4H         PUBLIC        My_UART_Init
  C:002EH         SYMBOL        UART1_Init
  D:00D0H         PUBLIC        PSW
  C:7B5CH         PUBLIC        _putchar
  -------         PROC          _PUTCHAR
  X:0614H         SYMBOL        ch
  C:7B5CH         LINE#         21
  C:7B61H         LINE#         22
  C:7B61H         LINE#         23
  C:7B64H         LINE#         24
  C:7B69H         LINE#         25
  -------         ENDPROC       _PUTCHAR
  -------         PROC          UART_GPIO_CONFIG
  -------         DO            
  X:05C0H         SYMBOL        GPIO_InitStructure
  -------         ENDDO         
  C:7A7BH         LINE#         28
  C:7A7BH         LINE#         29
  C:7A7BH         LINE#         32
  C:7A81H         LINE#         33
BL51 BANKED LINKER/LOCATER V6.22.2.0                                                  12/14/2022  17:31:24  PAGE 23


  C:7A86H         LINE#         34
  -------         ENDPROC       UART_GPIO_CONFIG
  -------         PROC          UART1_INIT
  -------         DO            
  X:05C0H         SYMBOL        COMx_InitStructure
  -------         ENDDO         
  C:002EH         LINE#         37
  C:002EH         LINE#         38
  C:002EH         LINE#         41
  C:0034H         LINE#         42
  C:0038H         LINE#         43
  C:0040H         LINE#         44
  C:0045H         LINE#         45
  C:0048H         LINE#         46
  C:004BH         LINE#         47
  C:004EH         LINE#         48
  C:0051H         LINE#         49
  C:0053H         LINE#         50
  -------         ENDPROC       UART1_INIT
  -------         PROC          MY_UART_INIT
  C:7AE4H         LINE#         53
  C:7AE4H         LINE#         54
  C:7AE4H         LINE#         55
  C:7AE7H         LINE#         56
  C:7AEAH         LINE#         58
  -------         ENDPROC       MY_UART_INIT
  -------         PROC          _MY_TX_WRITE2BUFF
  D:0007H         SYMBOL        dat
  C:0098H         LINE#         62
  C:0098H         LINE#         63
  C:0098H         LINE#         64
  -------         ENDPROC       _MY_TX_WRITE2BUFF
  -------         PROC          _MY_PRINTSTRING
  D:0001H         SYMBOL        puts
  C:009EH         LINE#         67
  C:009EH         LINE#         68
  C:009EH         LINE#         69
  -------         ENDPROC       _MY_PRINTSTRING
  -------         PROC          MY_UART_ECHO
  -------         DO            
  X:06D1H         SYMBOL        i
  -------         ENDDO         
  C:7005H         LINE#         73
  C:7005H         LINE#         74
  C:7005H         LINE#         77
  C:701FH         LINE#         78
  C:701FH         LINE#         79
  C:7029H         LINE#         80
  C:7029H         LINE#         81
  C:7039H         LINE#         82
  C:7039H         LINE#         83
  C:703EH         LINE#         84
  C:7079H         LINE#         85
  C:708BH         LINE#         86
  C:708BH         LINE#         87
  C:708BH         LINE#         88
  C:708BH         LINE#         89
BL51 BANKED LINKER/LOCATER V6.22.2.0                                                  12/14/2022  17:31:24  PAGE 24


  -------         ENDPROC       MY_UART_ECHO
  -------         PROC          UART1_INT
  C:708CH         LINE#         92
  C:709BH         LINE#         94
  C:709EH         LINE#         95
  C:709EH         LINE#         96
  C:70A0H         LINE#         97
  C:70A6H         LINE#         98
  C:70A6H         LINE#         99
  C:70B5H         LINE#         100
  C:70C9H         LINE#         101
  C:70CFH         LINE#         102
  C:70CFH         LINE#         103
  C:70CFH         LINE#         105
  C:70D2H         LINE#         106
  C:70D2H         LINE#         107
  C:70D4H         LINE#         108
  C:70E1H         LINE#         109
  C:70E1H         LINE#         110
  C:70EEH         LINE#         111
  C:70FFH         LINE#         112
  C:7101H         LINE#         113
  C:7106H         LINE#         114
  C:7106H         LINE#         115
  -------         ENDPROC       UART1_INT
  -------         ENDMOD        MYUART

  -------         MODULE        MAIN
  C:0000H         SYMBOL        _ICE_DUMMY_
  C:6DC0H         PUBLIC        System_Init
  D:0080H         PUBLIC        P0
  D:0090H         PUBLIC        P1
  D:00A0H         PUBLIC        P2
  D:00B0H         PUBLIC        P3
  D:00C0H         PUBLIC        P4
  D:00C8H         PUBLIC        P5
  B:00A8H.7       PUBLIC        EA
  D:00E8H         PUBLIC        P6
  D:00F8H         PUBLIC        P7
  D:00A8H         PUBLIC        IE
  X:0508H         PUBLIC        EC11_CCW_Event
  X:050BH         PUBLIC        menu_ThreeLevel
  D:00B8H         PUBLIC        IP
  D:00D8H         PUBLIC        CCON
  C:5D85H         PUBLIC        main
  X:0551H         PUBLIC        menu_Start
  D:0098H         PUBLIC        SCON
  D:0088H         PUBLIC        TCON
  X:0574H         PUBLIC        menu_OneLevel
  C:7AF3H         PUBLIC        EC11_CW_MenuSwitch_CB
  D:00F0H         PUBLIC        B
  X:0000H         PUBLIC        address_is_null
  D:00E0H         PUBLIC        ACC
  X:0597H         PUBLIC        EC11_CW_Event
  X:059AH         PUBLIC        menu_TwoLevel
  C:00A6H         PUBLIC        bailan
  D:00D0H         PUBLIC        PSW
BL51 BANKED LINKER/LOCATER V6.22.2.0                                                  12/14/2022  17:31:24  PAGE 25


  C:7B02H         PUBLIC        EC11_CCW_MenuSwitch_CB
  -------         PROC          SYSTEM_INIT
  C:6DC0H         LINE#         63
  C:6DC0H         LINE#         64
  C:6DC0H         LINE#         65
  C:6DC3H         LINE#         66
  C:6DC6H         LINE#         67
  C:6DC9H         LINE#         68
  C:6DCCH         LINE#         69
  C:6DCFH         LINE#         70
  C:6DD2H         LINE#         72
  C:6DD8H         LINE#         74
  C:6DEFH         LINE#         75
  C:6E06H         LINE#         76
  C:6E1DH         LINE#         77
  C:6E34H         LINE#         78
  C:6E42H         LINE#         79
  C:6E50H         LINE#         81
  C:6E52H         LINE#         82
  -------         ENDPROC       SYSTEM_INIT
  -------         PROC          MAIN
  -------         DO            
  X:05BDH         SYMBOL        Screen_Infor
  -------         ENDDO         
  C:5D85H         LINE#         84
  C:5D85H         LINE#         85
  C:5D85H         LINE#         86
  C:5D8EH         LINE#         88
  C:5D9CH         LINE#         89
  C:5DAAH         LINE#         91
  C:5DADH         LINE#         93
  C:5DDEH         LINE#         99
  C:5DE0H         LINE#         101
  C:5DE0H         LINE#         102
  C:5DE0H         LINE#         104
  C:5DE7H         LINE#         105
  C:5DEAH         LINE#         106
  C:5DEDH         LINE#         107
  C:5DEDH         LINE#         110
  C:5DF3H         LINE#         111
  C:5DFFH         LINE#         112
  C:5E05H         LINE#         113
  C:5E05H         LINE#         114
  C:5E0BH         LINE#         115
  C:5E17H         LINE#         116
  C:5E1DH         LINE#         117
  C:5E1DH         LINE#         120
  C:5E27H         LINE#         121
  C:5E3DH         LINE#         122
  C:5E40H         LINE#         123
  C:5E56H         LINE#         124
  C:5E59H         LINE#         125
  C:5E69H         LINE#         126
  C:5E6CH         LINE#         127
  C:5E75H         LINE#         128
  C:5E83H         LINE#         129
  C:5E91H         LINE#         130
BL51 BANKED LINKER/LOCATER V6.22.2.0                                                  12/14/2022  17:31:24  PAGE 26


  C:5E9FH         LINE#         131
  C:5E9FH         LINE#         132
  C:5E9FH         LINE#         133
  -------         ENDPROC       MAIN
  -------         PROC          EC11_CW_MENUSWITCH_CB
  C:7AF3H         LINE#         148
  C:7AF3H         LINE#         149
  C:7AF3H         LINE#         150
  C:7AFCH         LINE#         151
  C:7AFFH         LINE#         152
  C:7B01H         LINE#         153
  -------         ENDPROC       EC11_CW_MENUSWITCH_CB
  -------         PROC          EC11_CCW_MENUSWITCH_CB
  C:7B02H         LINE#         163
  C:7B02H         LINE#         164
  C:7B02H         LINE#         165
  C:7B0BH         LINE#         166
  C:7B0EH         LINE#         167
  C:7B10H         LINE#         168
  -------         ENDPROC       EC11_CCW_MENUSWITCH_CB
  -------         ENDMOD        MAIN

  -------         MODULE        MENU_EVENT
  C:0000H         SYMBOL        _ICE_DUMMY_
  D:0080H         PUBLIC        P0
  D:0090H         PUBLIC        P1
  D:00A0H         PUBLIC        P2
  C:74AFH         PUBLIC        _?screen_Set_Freq
  D:00B0H         PUBLIC        P3
  D:00C0H         PUBLIC        P4
  D:00C8H         PUBLIC        P5
  D:00E8H         PUBLIC        P6
  D:00F8H         PUBLIC        P7
  D:00A8H         PUBLIC        IE
  D:00B8H         PUBLIC        IP
  D:00D8H         PUBLIC        CCON
  D:0098H         PUBLIC        SCON
  D:0088H         PUBLIC        TCON
  D:00F0H         PUBLIC        B
  D:00E0H         PUBLIC        ACC
  C:7B8FH         PUBLIC        _?screen_Show_Freq
  D:00D0H         PUBLIC        PSW
  -------         PROC          _?SCREEN_SHOW_FREQ
  C:7B8FH         LINE#         9
  C:7B8FH         LINE#         11
  C:7B92H         LINE#         12
  C:7B95H         LINE#         13
  C:7B97H         LINE#         14
  -------         ENDPROC       _?SCREEN_SHOW_FREQ
  -------         PROC          _?SCREEN_SET_FREQ
  C:74AFH         LINE#         16
  C:74AFH         LINE#         18
  C:74BDH         LINE#         19
  C:74CBH         LINE#         20
  C:74CEH         LINE#         21
  C:74D1H         LINE#         22
  C:74E8H         LINE#         23
BL51 BANKED LINKER/LOCATER V6.22.2.0                                                  12/14/2022  17:31:24  PAGE 27


  C:74FFH         LINE#         24
  C:7501H         LINE#         25
  -------         ENDPROC       _?SCREEN_SET_FREQ
  -------         ENDMOD        MENU_EVENT

  -------         MODULE        MENU
  C:0000H         SYMBOL        _ICE_DUMMY_
  D:0080H         PUBLIC        P0
  D:0090H         PUBLIC        P1
  D:00A0H         PUBLIC        P2
  D:00B0H         PUBLIC        P3
  D:00C0H         PUBLIC        P4
  D:00C8H         PUBLIC        P5
  D:00E8H         PUBLIC        P6
  D:00F8H         PUBLIC        P7
  C:6EE5H         PUBLIC        _back_SafeMenu
  D:00A8H         PUBLIC        IE
  C:66B3H         PUBLIC        _pointerMenu_JumpBack
  D:00B8H         PUBLIC        IP
  X:06ABH         PUBLIC        pointerMenu
  C:7AA7H         PUBLIC        enter_pointerMenu
  X:06AEH         PUBLIC        currentMenu
  D:00D8H         PUBLIC        CCON
  D:0098H         PUBLIC        SCON
  D:0088H         PUBLIC        TCON
  C:64DCH         PUBLIC        _screen_Show_subMenus
  D:00F0H         PUBLIC        B
  D:00E0H         PUBLIC        ACC
  C:766CH         PUBLIC        carryOut_event
  C:6AE4H         PUBLIC        screen_Show_PointerMenu
  C:65CBH         PUBLIC        _pointerMenu_JumpForward
  D:00D0H         PUBLIC        PSW
  -------         PROC          _SCREEN_SHOW_SUBMENUS
  X:05C0H         SYMBOL        parMenu
  -------         DO            
  X:05C3H         SYMBOL        i
  X:05C4H         SYMBOL        menu_Num
  X:05C5H         SYMBOL        p
  -------         ENDDO         
  C:64DCH         LINE#         25
  C:64E7H         LINE#         26
  C:64E7H         LINE#         27
  C:64EAH         LINE#         28
  C:64ECH         LINE#         29
  C:64F5H         LINE#         31
  C:64F8H         LINE#         32
  C:6511H         LINE#         33
  C:652DH         LINE#         35
  C:652DH         LINE#         36
  C:6569H         LINE#         41
  C:656FH         LINE#         42
  C:658BH         LINE#         43
  C:65A6H         LINE#         44
  C:65A8H         LINE#         46
  C:65BFH         LINE#         47
  C:65BFH         LINE#         49
  C:65CAH         LINE#         50
BL51 BANKED LINKER/LOCATER V6.22.2.0                                                  12/14/2022  17:31:24  PAGE 28


  -------         ENDPROC       _SCREEN_SHOW_SUBMENUS
  -------         PROC          SCREEN_SHOW_POINTERMENU
  -------         DO            
  X:05C0H         SYMBOL        i
  X:05C1H         SYMBOL        num
  X:05C2H         SYMBOL        c
  X:05C5H         SYMBOL        p
  -------         ENDDO         
  C:6AE4H         LINE#         58
  C:6AE4H         LINE#         59
  C:6AE4H         LINE#         60
  C:6AE9H         LINE#         62
  C:6AFAH         LINE#         63
  C:6B0FH         LINE#         64
  C:6B24H         LINE#         66
  C:6B52H         LINE#         67
  C:6B52H         LINE#         69
  C:6B5AH         LINE#         70
  C:6B6CH         LINE#         72
  C:6B94H         LINE#         73
  C:6B94H         LINE#         75
  C:6B9FH         LINE#         76
  -------         ENDPROC       SCREEN_SHOW_POINTERMENU
  -------         PROC          _POINTERMENU_JUMPFORWARD
  X:05C0H         SYMBOL        menu_Start
  -------         DO            
  X:05C3H         SYMBOL        tempMenu_ptr
  -------         ENDDO         
  C:65CBH         LINE#         85
  C:65D6H         LINE#         86
  C:65D6H         LINE#         87
  C:65DDH         LINE#         90
  C:6621H         LINE#         92
  C:6621H         LINE#         93
  C:6648H         LINE#         94
  C:665DH         LINE#         95
  C:665FH         LINE#         96
  C:6679H         LINE#         97
  C:6679H         LINE#         98
  C:668BH         LINE#         99
  C:66A7H         LINE#         100
  C:66A7H         LINE#         102
  C:66B2H         LINE#         103
  -------         ENDPROC       _POINTERMENU_JUMPFORWARD
  -------         PROC          _POINTERMENU_JUMPBACK
  X:05C0H         SYMBOL        menu_Start
  -------         DO            
  X:05C3H         SYMBOL        tempMenu_ptr
  -------         ENDDO         
  C:66B3H         LINE#         112
  C:66BEH         LINE#         113
  C:66BEH         LINE#         114
  C:66C5H         LINE#         117
  C:6709H         LINE#         119
  C:6709H         LINE#         120
  C:6730H         LINE#         121
  C:6745H         LINE#         122
BL51 BANKED LINKER/LOCATER V6.22.2.0                                                  12/14/2022  17:31:24  PAGE 29


  C:6747H         LINE#         123
  C:6761H         LINE#         124
  C:6761H         LINE#         125
  C:6773H         LINE#         126
  C:678FH         LINE#         127
  C:678FH         LINE#         129
  C:679AH         LINE#         130
  -------         ENDPROC       _POINTERMENU_JUMPBACK
  -------         PROC          ENTER_POINTERMENU
  C:7AA7H         LINE#         138
  C:7AA7H         LINE#         139
  C:7AA7H         LINE#         140
  C:7ABBH         LINE#         141
  C:7ABBH         LINE#         142
  -------         ENDPROC       ENTER_POINTERMENU
  -------         PROC          _BACK_SAFEMENU
  X:05C0H         SYMBOL        menu_Start
  -------         DO            
  X:05C3H         SYMBOL        tempMenu_ptr
  -------         ENDDO         
  C:6EE5H         LINE#         152
  C:6EF0H         LINE#         153
  C:6EF0H         LINE#         154
  C:6EF7H         LINE#         156
  C:6F0DH         LINE#         157
  C:6F0DH         LINE#         158
  C:6F3FH         LINE#         159
  C:6F4DH         LINE#         160
  C:6F5FH         LINE#         161
  C:6F6AH         LINE#         162
  C:6F6AH         LINE#         163
  C:6F6AH         LINE#         164
  C:6F75H         LINE#         165
  -------         ENDPROC       _BACK_SAFEMENU
  -------         PROC          CARRYOUT_EVENT
  C:766CH         LINE#         173
  C:766CH         LINE#         174
  C:766CH         LINE#         175
  C:766FH         LINE#         176
  C:7685H         LINE#         177
  C:7685H         LINE#         178
  C:7688H         LINE#         179
  C:769CH         LINE#         180
  C:769CH         LINE#         181
  C:76A7H         LINE#         182
  -------         ENDPROC       CARRYOUT_EVENT
  -------         ENDMOD        MENU

  -------         MODULE        MENU_LINK
  C:0000H         SYMBOL        _ICE_DUMMY_
  C:53E0H         PUBLIC        _insert_Menu
  C:7502H         PUBLIC        _traversal_subMenus
  C:6881H         PUBLIC        _show_subMenus_nextLevel
  C:5986H         PUBLIC        _?find_Menu
  C:72E1H         PUBLIC        _count_CurrentMenu_NextLevelMenu_Num
  C:73F9H         PUBLIC        _count_SameLevel_PrevMenu_Num
  C:4CD8H         PUBLIC        _?find_prevMenu
BL51 BANKED LINKER/LOCATER V6.22.2.0                                                  12/14/2022  17:31:24  PAGE 30


  C:62F1H         PUBLIC        _?traversal_MenuSystem
  C:47E9H         PUBLIC        _?find_nextMenu
  C:5620H         PUBLIC        _?find_parMenu
  C:4F42H         PUBLIC        _delete_Menu
  -------         PROC          _?TRAVERSAL_MENUSYSTEM
  x:0003H         SYMBOL        menu_Start
  -------         DO            
  x:0000H         SYMBOL        p
  -------         ENDDO         
  C:62F1H         LINE#         26
  C:6305H         LINE#         28
  C:6320H         LINE#         30
  C:6334H         LINE#         31
  C:6381H         LINE#         33
  C:63B1H         LINE#         34
  C:63E1H         LINE#         35
  -------         ENDPROC       _?TRAVERSAL_MENUSYSTEM
  -------         PROC          _TRAVERSAL_SUBMENUS
  D:0001H         SYMBOL        parMenu
  -------         DO            
  X:06C7H         SYMBOL        p
  -------         ENDDO         
  C:7502H         LINE#         44
  C:7502H         LINE#         45
  C:7502H         LINE#         46
  C:750DH         LINE#         47
  C:751BH         LINE#         48
  C:7534H         LINE#         49
  C:7537H         LINE#         50
  C:7537H         LINE#         51
  C:7537H         LINE#         52
  C:7552H         LINE#         53
  C:7552H         LINE#         54
  -------         ENDPROC       _TRAVERSAL_SUBMENUS
  -------         PROC          _SHOW_SUBMENUS_NEXTLEVEL
  X:06A4H         SYMBOL        parMenu
  -------         DO            
  X:06A7H         SYMBOL        i
  X:06A8H         SYMBOL        p
  -------         ENDDO         
  C:6881H         LINE#         63
  C:688CH         LINE#         64
  C:688CH         LINE#         65
  C:688FH         LINE#         66
  C:6898H         LINE#         68
  C:68A1H         LINE#         69
  C:68B7H         LINE#         70
  C:68D3H         LINE#         71
  C:68D3H         LINE#         72
  C:68D9H         LINE#         73
  C:68FCH         LINE#         74
  C:6918H         LINE#         75
  C:6926H         LINE#         76
  C:6928H         LINE#         77
  C:6946H         LINE#         78
  C:6946H         LINE#         79
  C:694FH         LINE#         81
BL51 BANKED LINKER/LOCATER V6.22.2.0                                                  12/14/2022  17:31:24  PAGE 31


  C:695AH         LINE#         82
  -------         ENDPROC       _SHOW_SUBMENUS_NEXTLEVEL
  -------         PROC          L?0142
  -------         ENDPROC       L?0142
  -------         PROC          _?FIND_MENU
  x:0006H         SYMBOL        menu_Start
  x:0009H         SYMBOL        menu_Target
  -------         DO            
  x:0000H         SYMBOL        p
  x:0003H         SYMBOL        q
  -------         ENDDO         
  C:5986H         LINE#         95
  C:599AH         LINE#         97
  C:59B5H         LINE#         98
  C:59C9H         LINE#         100
  C:59E0H         LINE#         101
  C:5A17H         LINE#         103
  C:5A47H         LINE#         105
  C:5A4AH         LINE#         107
  C:5AA4H         LINE#         108
  C:5AB7H         LINE#         109
  C:5B11H         LINE#         110
  C:5B1FH         LINE#         111
  -------         ENDPROC       _?FIND_MENU
  -------         PROC          _?FIND_PARMENU
  x:0006H         SYMBOL        menu_Start
  x:0009H         SYMBOL        subMenu
  -------         DO            
  x:0000H         SYMBOL        p
  x:0003H         SYMBOL        q
  -------         ENDDO         
  C:5620H         LINE#         124
  C:5634H         LINE#         126
  C:564FH         LINE#         127
  C:5663H         LINE#         129
  C:567AH         LINE#         130
  C:56B3H         LINE#         132
  C:56F3H         LINE#         135
  C:56F3H         LINE#         136
  C:56F6H         LINE#         137
  C:56F6H         LINE#         139
  C:5750H         LINE#         140
  C:5763H         LINE#         141
  C:57BDH         LINE#         142
  C:57CBH         LINE#         143
  -------         ENDPROC       _?FIND_PARMENU
  -------         PROC          _?FIND_PREVMENU
  x:0006H         SYMBOL        menu_Start
  x:0009H         SYMBOL        menu
  -------         DO            
  x:0000H         SYMBOL        p
  x:0003H         SYMBOL        q
  -------         ENDDO         
  C:4CD8H         LINE#         154
  C:4CECH         LINE#         156
  C:4D07H         LINE#         157
  C:4D1BH         LINE#         159
BL51 BANKED LINKER/LOCATER V6.22.2.0                                                  12/14/2022  17:31:24  PAGE 32


  C:4D32H         LINE#         160
  C:4D64H         LINE#         162
  C:4DADH         LINE#         165
  C:4DADH         LINE#         166
  C:4DCCH         LINE#         167
  C:4DD5H         LINE#         168
  C:4DF1H         LINE#         169
  C:4E23H         LINE#         170
  C:4E3FH         LINE#         171
  C:4E42H         LINE#         172
  C:4E42H         LINE#         173
  C:4E64H         LINE#         174
  C:4E67H         LINE#         176
  C:4E67H         LINE#         178
  C:4EC1H         LINE#         179
  C:4ED4H         LINE#         180
  C:4F2EH         LINE#         181
  C:4F3CH         LINE#         182
  -------         ENDPROC       _?FIND_PREVMENU
  -------         PROC          _?FIND_NEXTMENU
  x:0006H         SYMBOL        menu_Start
  x:0009H         SYMBOL        menu
  -------         DO            
  x:0000H         SYMBOL        p
  x:0003H         SYMBOL        q
  -------         ENDDO         
  C:47E9H         LINE#         193
  C:47FDH         LINE#         195
[...]
  C:739DH         LINE#         71
  C:739DH         LINE#         72
  C:739DH         LINE#         73
  C:739FH         LINE#         75
  C:73CBH         LINE#         76
  C:73CBH         LINE#         77
  C:73CEH         LINE#         78
  C:73D3H         LINE#         79
  C:73D6H         LINE#         83
  C:73ECH         LINE#         84
  C:73F2H         LINE#         86
  C:73F6H         LINE#         87
  C:73F6H         LINE#         88
  C:73F6H         LINE#         90
  C:73F8H         LINE#         91
  -------         ENDPROC       _JUDGE_EC11_ROTATE_DIR
  -------         PROC          ADC_INT
  -------         DO            
  X:0670H         SYMBOL        i
  X:0671H         SYMBOL        scanFlag
  X:0672H         SYMBOL        EC11_Rotate_Dir_Counter
  -------         ENDDO         
  C:57D1H         LINE#         100
  C:57ECH         LINE#         110
  C:57F4H         LINE#         111
  C:57F4H         LINE#         112
  C:57F7H         LINE#         115
  C:57FDH         LINE#         116
  C:57FFH         LINE#         117
  C:5806H         LINE#         118
  C:580FH         LINE#         119
  C:5811H         LINE#         121
  C:5829H         LINE#         125
  C:5829H         LINE#         126
  C:583EH         LINE#         127
  C:5846H         LINE#         128
  C:5848H         LINE#         129
  C:584EH         LINE#         130
  C:5855H         LINE#         131
  C:585EH         LINE#         132
  C:5860H         LINE#         134
  C:5878H         LINE#         138
  C:5878H         LINE#         139
  C:588DH         LINE#         140
  C:5895H         LINE#         141
  C:5895H         LINE#         144
  C:58BEH         LINE#         146
BL51 BANKED LINKER/LOCATER V6.22.2.0                                                  12/14/2022  17:31:24  PAGE 51


  C:58BEH         LINE#         147
  C:58C7H         LINE#         148
  C:58D5H         LINE#         149
  C:58DEH         LINE#         150
  C:58E3H         LINE#         151
  C:58E9H         LINE#         152
  C:58F0H         LINE#         153
  C:58F0H         LINE#         154
  C:58F2H         LINE#         155
  C:58F9H         LINE#         156
  C:58F9H         LINE#         157
  C:58FBH         LINE#         158
  C:5904H         LINE#         159
  C:5909H         LINE#         160
  C:590FH         LINE#         161
  C:5916H         LINE#         162
  C:5916H         LINE#         163
  C:5916H         LINE#         164
  C:5916H         LINE#         167
  C:593AH         LINE#         169
  C:593AH         LINE#         170
  C:593FH         LINE#         171
  C:594AH         LINE#         172
  C:5953H         LINE#         173
  C:5960H         LINE#         174
  C:5965H         LINE#         175
  C:5965H         LINE#         176
  C:5965H         LINE#         177
  -------         ENDPROC       ADC_INT
  -------         ENDMOD        EC11

  -------         MODULE        KEY
  C:0000H         SYMBOL        _ICE_DUMMY_
  D:0080H         PUBLIC        P0
  D:0090H         PUBLIC        P1
  D:00A0H         PUBLIC        P2
  D:00B0H         PUBLIC        P3
  D:00C0H         PUBLIC        P4
  D:00C8H         PUBLIC        P5
  D:00E8H         PUBLIC        P6
  D:00F8H         PUBLIC        P7
  D:00A8H         PUBLIC        IE
  C:762EH         PUBLIC        _Key_Scan
  D:00B8H         PUBLIC        IP
  C:7BE6H         PUBLIC        Key_Init
  D:00D8H         PUBLIC        CCON
  B:0090H.3       PUBLIC        P13
  D:0098H         PUBLIC        SCON
  D:0088H         PUBLIC        TCON
  D:00F0H         PUBLIC        B
  D:00E0H         PUBLIC        ACC
  C:79F0H         SYMBOL        Key_GPIO_Config
  D:00D0H         PUBLIC        PSW
  -------         PROC          KEY_GPIO_CONFIG
  -------         DO            
  X:05C0H         SYMBOL        GPIO_InitStructure
  -------         ENDDO         
BL51 BANKED LINKER/LOCATER V6.22.2.0                                                  12/14/2022  17:31:24  PAGE 52


  C:79F0H         LINE#         5
  C:79F0H         LINE#         6
  C:79F0H         LINE#         9
  C:79F6H         LINE#         10
  C:79FAH         LINE#         11
  C:7A05H         LINE#         12
  C:7A07H         LINE#         13
  -------         ENDPROC       KEY_GPIO_CONFIG
  -------         PROC          KEY_INIT
  C:7BE6H         LINE#         15
  C:7BE6H         LINE#         16
  C:7BE6H         LINE#         17
  -------         ENDPROC       KEY_INIT
  -------         PROC          _KEY_SCAN
  D:0007H         SYMBOL        mode
  -------         DO            
  X:06D2H         SYMBOL        key_state
  X:05C0H         SYMBOL        KeyValue
  -------         ENDDO         
  C:762EH         LINE#         20
  C:762EH         LINE#         21
  C:762EH         LINE#         23
  C:7633H         LINE#         25
  C:763DH         LINE#         26
  C:7648H         LINE#         27
  C:7648H         LINE#         28
  C:764EH         LINE#         29
  C:7653H         LINE#         30
  C:765BH         LINE#         31
  C:7666H         LINE#         32
  C:766BH         LINE#         33
  -------         ENDPROC       _KEY_SCAN
  -------         ENDMOD        KEY

  -------         MODULE        IIC
  C:0000H         SYMBOL        _ICE_DUMMY_
  D:0080H         PUBLIC        P0
  D:0090H         PUBLIC        P1
  D:00A0H         PUBLIC        P2
  D:00B0H         PUBLIC        P3
  D:00C0H         PUBLIC        P4
  D:00C8H         PUBLIC        P5
  D:00E8H         PUBLIC        P6
  D:00F8H         PUBLIC        P7
  D:00A8H         PUBLIC        IE
  D:00B8H         PUBLIC        IP
  C:7ABCH         PUBLIC        IIC_GPIO_Config
  D:00D8H         PUBLIC        CCON
  D:0098H         PUBLIC        SCON
  D:0088H         PUBLIC        TCON
  B:00A0H.4       PUBLIC        P24
  B:00A0H.5       PUBLIC        P25
  C:7803H         SYMBOL        _IIC_Send_Byte
  C:7758H         PUBLIC        _IIC_WR_Byte_Cmd_Fast
  C:7930H         SYMBOL        IIC_Wait_Ack
  D:00F0H         PUBLIC        B
  C:76A8H         PUBLIC        _IIC_WR_Byte_Dat_Fast
BL51 BANKED LINKER/LOCATER V6.22.2.0                                                  12/14/2022  17:31:24  PAGE 53


  C:75E8H         PUBLIC        _IIC_WR_Byte_Fast
  C:79CDH         SYMBOL        IIC_Start
  D:00E0H         PUBLIC        ACC
  C:789CH         PUBLIC        _IIC_WR_Byte_Cmd
  C:7876H         PUBLIC        _IIC_WR_Byte_Dat
  C:0066H         PUBLIC        _IIC_WR_Byte
  C:7B6AH         SYMBOL        IIC_Stop
  D:00D0H         PUBLIC        PSW
  -------         PROC          IIC_GPIO_CONFIG
  -------         DO            
  X:05C0H         SYMBOL        GPIO_InitStructure
  -------         ENDDO         
  C:7ABCH         LINE#         18
  C:7ABCH         LINE#         19
  C:7ABCH         LINE#         22
  C:7AC2H         LINE#         23
  C:7AC6H         LINE#         24
  -------         ENDPROC       IIC_GPIO_CONFIG
  -------         PROC          _IIC_WR_BYTE
  X:06CFH         SYMBOL        dat
  X:06D0H         SYMBOL        cmd
  C:0066H         LINE#         29
  C:006AH         LINE#         30
  C:006AH         LINE#         31
  C:006DH         LINE#         32
  C:0072H         LINE#         33
  C:0075H         LINE#         34
  C:007BH         LINE#         35
  C:007BH         LINE#         36
  C:007DH         LINE#         37
  C:007FH         LINE#         39
  C:007FH         LINE#         40
  C:0084H         LINE#         41
  C:0084H         LINE#         42
  C:0087H         LINE#         43
  C:008FH         LINE#         44
  C:0092H         LINE#         45
  -------         ENDPROC       _IIC_WR_BYTE
  -------         PROC          _IIC_WR_BYTE_DAT
  X:06D3H         SYMBOL        dat
  C:7876H         LINE#         48
  C:787BH         LINE#         49
  C:787BH         LINE#         50
  C:787EH         LINE#         51
  C:7883H         LINE#         52
  C:7886H         LINE#         53
  C:788BH         LINE#         54
  C:788EH         LINE#         55
  C:7896H         LINE#         56
  C:7899H         LINE#         57
  -------         ENDPROC       _IIC_WR_BYTE_DAT
  -------         PROC          _IIC_WR_BYTE_CMD
  X:05C0H         SYMBOL        cmd
  C:789CH         LINE#         60
  C:78A1H         LINE#         61
  C:78A1H         LINE#         62
  C:78A4H         LINE#         63
BL51 BANKED LINKER/LOCATER V6.22.2.0                                                  12/14/2022  17:31:24  PAGE 54


  C:78A9H         LINE#         64
  C:78ACH         LINE#         65
  C:78B1H         LINE#         66
  C:78B4H         LINE#         67
  C:78BCH         LINE#         68
  C:78BFH         LINE#         69
  -------         ENDPROC       _IIC_WR_BYTE_CMD
  -------         PROC          _IIC_WR_BYTE_FAST
  X:06B7H         SYMBOL        buf
  X:06BAH         SYMBOL        size
  X:06BCH         SYMBOL        cmd
  C:75E8H         LINE#         78
  C:75EBH         LINE#         79
  C:75EBH         LINE#         80
  C:75EEH         LINE#         81
  C:75F3H         LINE#         82
  C:75F6H         LINE#         83
  C:75FCH         LINE#         84
  C:75FCH         LINE#         85
  C:75FEH         LINE#         86
  C:7600H         LINE#         88
  C:7600H         LINE#         89
  C:7605H         LINE#         90
  C:7605H         LINE#         91
  C:7608H         LINE#         92
  C:7616H         LINE#         93
  C:761CH         LINE#         94
  C:761FH         LINE#         95
  C:7629H         LINE#         96
  C:762BH         LINE#         97
  -------         ENDPROC       _IIC_WR_BYTE_FAST
  -------         PROC          _IIC_WR_BYTE_DAT_FAST
  X:05C0H         SYMBOL        Dat_Buf
  X:05C3H         SYMBOL        size
  C:76A8H         LINE#         105
  C:76ABH         LINE#         106
  C:76ABH         LINE#         107
  C:76AEH         LINE#         108
  C:76B3H         LINE#         109
  C:76B6H         LINE#         110
  C:76BBH         LINE#         111
  C:76BEH         LINE#         112
  C:76CCH         LINE#         113
  C:76D2H         LINE#         114
  C:76D5H         LINE#         115
  C:76DFH         LINE#         116
  C:76E1H         LINE#         117
  -------         ENDPROC       _IIC_WR_BYTE_DAT_FAST
  -------         PROC          _IIC_WR_BYTE_CMD_FAST
  X:06C2H         SYMBOL        Cmd_Buf
  X:06C5H         SYMBOL        size
  C:7758H         LINE#         126
  C:775BH         LINE#         127
  C:775BH         LINE#         128
  C:775EH         LINE#         129
  C:7763H         LINE#         130
  C:7766H         LINE#         131
BL51 BANKED LINKER/LOCATER V6.22.2.0                                                  12/14/2022  17:31:24  PAGE 55


  C:7767H         LINE#         132
  C:7769H         LINE#         133
  C:7777H         LINE#         134
  C:7789H         LINE#         135
  C:778CH         LINE#         136
  C:778EH         LINE#         137
  -------         ENDPROC       _IIC_WR_BYTE_CMD_FAST
  C:79BFH         SYMBOL        L?0032
  C:79C9H         SYMBOL        L?0033
  -------         PROC          L?0031
  -------         ENDPROC       L?0031
  C:79BFH         SYMBOL        L?0032
  C:79C9H         SYMBOL        L?0033
  -------         PROC          IIC_START
  C:79CDH         LINE#         143
  C:79CDH         LINE#         144
  C:79CDH         LINE#         145
  C:79CFH         LINE#         146
  C:79D1H         LINE#         147
  C:79D2H         LINE#         148
  C:79D4H         LINE#         149
  C:79D5H         LINE#         150
  C:79D7H         LINE#         151
  -------         ENDPROC       IIC_START
  -------         PROC          IIC_STOP
  C:7B6AH         LINE#         154
  C:7B6AH         LINE#         155
  C:7B6AH         LINE#         156
  C:7B6CH         LINE#         157
  C:7B6EH         LINE#         158
  C:7B6FH         LINE#         159
  C:7B71H         LINE#         160
  -------         ENDPROC       IIC_STOP
  -------         PROC          IIC_WAIT_ACK
  -------         DO            
  D:0007H         SYMBOL        ucErrTime
  -------         ENDDO         
  C:7930H         LINE#         164
  C:7930H         LINE#         165
  C:7930H         LINE#         166
  C:7932H         LINE#         167
  C:7934H         LINE#         168
  C:7936H         LINE#         169
  C:7937H         LINE#         170
  C:793AH         LINE#         171
  C:793AH         LINE#         172
  C:793BH         LINE#         173
  C:7945H         LINE#         174
  C:7945H         LINE#         175
  C:7948H         LINE#         176
  C:794BH         LINE#         177
  C:794BH         LINE#         178
  C:794BH         LINE#         179
  C:794DH         LINE#         180
  C:794FH         LINE#         181
  -------         ENDPROC       IIC_WAIT_ACK
  -------         PROC          L?0034
BL51 BANKED LINKER/LOCATER V6.22.2.0                                                  12/14/2022  17:31:24  PAGE 56


  -------         ENDPROC       L?0034
  -------         PROC          _IIC_SEND_BYTE
  D:0007H         SYMBOL        txd
  -------         DO            
  D:0006H         SYMBOL        t
  -------         ENDDO         
  C:7803H         LINE#         184
  C:7803H         LINE#         185
  C:7803H         LINE#         188
  C:780FH         LINE#         189
  C:780FH         LINE#         190
  C:7813H         LINE#         191
  C:7817H         LINE#         192
  C:7819H         LINE#         193
  C:781DH         LINE#         194
  C:781FH         LINE#         195
  C:7822H         LINE#         196
  -------         ENDPROC       _IIC_SEND_BYTE
  -------         ENDMOD        IIC

  -------         MODULE        ?C?COPY
  C:3832H         PUBLIC        ?C?COPY
  -------         ENDMOD        ?C?COPY

  -------         MODULE        ?C?CLDPTR
  C:3858H         PUBLIC        ?C?CLDPTR
  -------         ENDMOD        ?C?CLDPTR

  -------         MODULE        ?C?CLDOPTR
  C:3871H         PUBLIC        ?C?CLDOPTR
  -------         ENDMOD        ?C?CLDOPTR

  -------         MODULE        ?C?CILDOPTR
  C:389EH         PUBLIC        ?C?CILDOPTR
  -------         ENDMOD        ?C?CILDOPTR

  -------         MODULE        ?C?CSTOPTR
  C:38D1H         PUBLIC        ?C?CSTOPTR
  -------         ENDMOD        ?C?CSTOPTR

  -------         MODULE        ?C?IMUL
  C:38F3H         PUBLIC        ?C?IMUL
  -------         ENDMOD        ?C?IMUL

  -------         MODULE        ?C?UIDIV
  C:3905H         PUBLIC        ?C?UIDIV
  -------         ENDMOD        ?C?UIDIV

  -------         MODULE        ?C?IILDX
  C:395AH         PUBLIC        ?C?IILDX
  -------         ENDMOD        ?C?IILDX

  -------         MODULE        ?C?ILDIX
  C:3970H         PUBLIC        ?C?ILDIX
  -------         ENDMOD        ?C?ILDIX

  -------         MODULE        ?C?ILDOPTR
BL51 BANKED LINKER/LOCATER V6.22.2.0                                                  12/14/2022  17:31:24  PAGE 57


  C:3986H         PUBLIC        ?C?ILDOPTR
  -------         ENDMOD        ?C?ILDOPTR

  -------         MODULE        ?C?LMUL
  C:39BEH         PUBLIC        ?C?LMUL
  -------         ENDMOD        ?C?LMUL

  -------         MODULE        ?C?ULDIV
  C:3A49H         PUBLIC        ?C?ULDIV
  -------         ENDMOD        ?C?ULDIV

  -------         MODULE        ?C?ULCMP
  C:3ADBH         PUBLIC        ?C?ULCMP
  -------         ENDMOD        ?C?ULCMP

  -------         MODULE        ?C?ULSHR
  C:3AECH         PUBLIC        ?C?ULSHR
  -------         ENDMOD        ?C?ULSHR

  -------         MODULE        ?C?LLDOPTR0
  C:3AFFH         PUBLIC        ?C?LLDOPTR0
  -------         ENDMOD        ?C?LLDOPTR0

  -------         MODULE        ?C?LSTXDATA
  C:3B2FH         PUBLIC        ?C?LSTXDATA
  -------         ENDMOD        ?C?LSTXDATA

  -------         MODULE        ?C?LSTKXDATA
  C:3B3BH         PUBLIC        ?C?LSTKXDATA
  -------         ENDMOD        ?C?LSTKXDATA

  -------         MODULE        ?C?PLDOPTR
  C:3B6CH         PUBLIC        ?C?PLDOPTR
  -------         ENDMOD        ?C?PLDOPTR

  -------         MODULE        ?C?PSTOPTR
  C:3B9CH         PUBLIC        ?C?PSTOPTR
  -------         ENDMOD        ?C?PSTOPTR

  -------         MODULE        ?C?ICALL
  C:3BF5H         PUBLIC        ?C?ICALL
  C:3BF9H         PUBLIC        ?C?ICALL2
  -------         ENDMOD        ?C?ICALL

  -------         MODULE        ?C_XBP
  D:000DH         PUBLIC        ?C_XBP
  -------         ENDMOD        ?C_XBP

  -------         MODULE        ?C?ADDXBP
  C:3BFBH         PUBLIC        ?C?ADDXBP
  -------         ENDMOD        ?C?ADDXBP

  -------         MODULE        ?C?XBPOFF
  C:3C1FH         PUBLIC        ?C?XBPOFF
  -------         ENDMOD        ?C?XBPOFF

  -------         MODULE        PRINTF
BL51 BANKED LINKER/LOCATER V6.22.2.0                                                  12/14/2022  17:31:24  PAGE 58


  X:05ECH         PUBLIC        ?_PRINTF517?BYTE
  X:05ECH         PUBLIC        ?_PRINTF?BYTE
  X:05ECH         PUBLIC        ?_SPRINTF517?BYTE
  X:05ECH         PUBLIC        ?_SPRINTF?BYTE
  C:41BEH         PUBLIC        _PRINTF
  C:41BEH         PUBLIC        _PRINTF517
  C:41B8H         PUBLIC        _SPRINTF
  C:41B8H         PUBLIC        _SPRINTF517
  -------         ENDMOD        PRINTF

  -------         MODULE        ?C?CSTPTR
  C:3C2CH         PUBLIC        ?C?CSTPTR
  -------         ENDMOD        ?C?CSTPTR

  -------         MODULE        ?C?LLDIDATA0
  C:3C3EH         PUBLIC        ?C?LLDIDATA0
  -------         ENDMOD        ?C?LLDIDATA0

  -------         MODULE        ?C?LLDXDATA0
  C:3C4BH         PUBLIC        ?C?LLDXDATA0
  -------         ENDMOD        ?C?LLDXDATA0

  -------         MODULE        ?C?LLDPDATA0
  C:3C57H         PUBLIC        ?C?LLDPDATA0
  -------         ENDMOD        ?C?LLDPDATA0

  -------         MODULE        ?C?LLDCODE0
  C:3C64H         PUBLIC        ?C?LLDCODE0
  -------         ENDMOD        ?C?LLDCODE0

  -------         MODULE        ?C?PLDIDATA
  C:3C74H         PUBLIC        ?C?PLDIDATA
  -------         ENDMOD        ?C?PLDIDATA

  -------         MODULE        ?C?PSTIDATA
  C:3C7DH         PUBLIC        ?C?PSTIDATA
  -------         ENDMOD        ?C?PSTIDATA

  -------         MODULE        ?C?PLDXDATA
  C:3C86H         PUBLIC        ?C?PLDXDATA
  -------         ENDMOD        ?C?PLDXDATA

  -------         MODULE        ?C?PLDIXDATA
  C:3C8FH         PUBLIC        ?C?PLDIXDATA
  -------         ENDMOD        ?C?PLDIXDATA

  -------         MODULE        ?C?PSTXDATA
  C:3CA6H         PUBLIC        ?C?PSTXDATA
  -------         ENDMOD        ?C?PSTXDATA

  -------         MODULE        ?C?PLDPDATA
  C:3CAFH         PUBLIC        ?C?PLDPDATA
  -------         ENDMOD        ?C?PLDPDATA

  -------         MODULE        ?C?PSTPDATA
  C:3CB8H         PUBLIC        ?C?PSTPDATA
  -------         ENDMOD        ?C?PSTPDATA
BL51 BANKED LINKER/LOCATER V6.22.2.0                                                  12/14/2022  17:31:24  PAGE 59



  -------         MODULE        ?C?PLDCODE
  C:3CC1H         PUBLIC        ?C?PLDCODE
  -------         ENDMOD        ?C?PLDCODE

  -------         MODULE        ?C?CCASE
  C:3CCDH         PUBLIC        ?C?CCASE
  -------         ENDMOD        ?C?CCASE

Program Size: data=17.1 xdata=1748 code=31715
LINK/LOCATE RUN COMPLETE.  0 WARNING(S),  0 ERROR(S)
