BL51 BANKED LINKER/LOCATER V6.22.2.0                                                    12/05/2022  23:33:03  PAGE 1


BL51 BANKED LINKER/LOCATER V6.22.2.0, INVOKED BY:
D:\KEIL_V5\C51\BIN\BL51.EXE .\Object\STARTUP.obj, .\Object\delay.obj, .\Object\GPIO.obj, .\Object\timer.obj, .\Object\UA
>> RT.obj, .\Object\ADC.obj, .\Object\MyTimer.obj, .\Object\MyUART.obj, .\Object\main.obj, .\Object\menu.obj, .\Object\m
>> enu_link.obj, .\Object\screen.obj, .\Object\oled.obj, .\Object\led.obj, .\Object\EC11.obj, .\Object\iic.obj TO .\Obje
>> ct\OLED PRINT (.\Listings\OLED.m51) RAMSIZE (256) DISABLEWARNING (16)


MEMORY MODEL: LARGE


INPUT MODULES INCLUDED:
  .\Object\STARTUP.obj (?C_STARTUP)
  .\Object\delay.obj (DELAY)
  .\Object\GPIO.obj (GPIO)
  .\Object\timer.obj (TIMER)
  .\Object\UART.obj (UART)
  .\Object\ADC.obj (ADC)
  .\Object\MyTimer.obj (MYTIMER)
  .\Object\MyUART.obj (MYUART)
  .\Object\main.obj (MAIN)
  .\Object\menu.obj (MENU)
  .\Object\menu_link.obj (MENU_LINK)
  .\Object\screen.obj (SCREEN)
  .\Object\oled.obj (OLED)
  .\Object\led.obj (LED)
  .\Object\EC11.obj (EC11)
  .\Object\iic.obj (IIC)
  D:\KEIL_V5\C51\LIB\C51L.LIB (?C_INIT)
  D:\KEIL_V5\C51\LIB\C51L.LIB (?C?COPY)
  D:\KEIL_V5\C51\LIB\C51L.LIB (?C?CLDPTR)
  D:\KEIL_V5\C51\LIB\C51L.LIB (?C?CLDOPTR)
  D:\KEIL_V5\C51\LIB\C51L.LIB (?C?CILDOPTR)
  D:\KEIL_V5\C51\LIB\C51L.LIB (?C?CSTOPTR)
  D:\KEIL_V5\C51\LIB\C51L.LIB (?C?UIDIV)
  D:\KEIL_V5\C51\LIB\C51L.LIB (?C?IILDX)
  D:\KEIL_V5\C51\LIB\C51L.LIB (?C?ILDIX)
  D:\KEIL_V5\C51\LIB\C51L.LIB (?C?ILDOPTR)
  D:\KEIL_V5\C51\LIB\C51L.LIB (?C?LMUL)
  D:\KEIL_V5\C51\LIB\C51L.LIB (?C?ULDIV)
  D:\KEIL_V5\C51\LIB\C51L.LIB (?C?ULCMP)
  D:\KEIL_V5\C51\LIB\C51L.LIB (?C?ULSHR)
  D:\KEIL_V5\C51\LIB\C51L.LIB (?C?LLDOPTR0)
  D:\KEIL_V5\C51\LIB\C51L.LIB (?C?LSTXDATA)
  D:\KEIL_V5\C51\LIB\C51L.LIB (?C?LSTKXDATA)
  D:\KEIL_V5\C51\LIB\C51L.LIB (?C?PLDOPTR)
  D:\KEIL_V5\C51\LIB\C51L.LIB (?C?PSTOPTR)
  D:\KEIL_V5\C51\LIB\C51L.LIB (?C_XBP)
  D:\KEIL_V5\C51\LIB\C51L.LIB (?C?ADDXBP)
  D:\KEIL_V5\C51\LIB\C51L.LIB (?C?XBPOFF)
  D:\KEIL_V5\C51\LIB\C51L.LIB (PRINTF)
  D:\KEIL_V5\C51\LIB\C51L.LIB (?C?CSTPTR)
  D:\KEIL_V5\C51\LIB\C51L.LIB (?C?LLDIDATA0)
  D:\KEIL_V5\C51\LIB\C51L.LIB (?C?LLDXDATA0)
  D:\KEIL_V5\C51\LIB\C51L.LIB (?C?LLDPDATA0)
  D:\KEIL_V5\C51\LIB\C51L.LIB (?C?LLDCODE0)
  D:\KEIL_V5\C51\LIB\C51L.LIB (?C?PLDIDATA)
  D:\KEIL_V5\C51\LIB\C51L.LIB (?C?PSTIDATA)
  D:\KEIL_V5\C51\LIB\C51L.LIB (?C?PLDXDATA)
BL51 BANKED LINKER/LOCATER V6.22.2.0                                                  12/05/2022  23:33:03  PAGE 2


  D:\KEIL_V5\C51\LIB\C51L.LIB (?C?PLDIXDATA)
  D:\KEIL_V5\C51\LIB\C51L.LIB (?C?PSTXDATA)
  D:\KEIL_V5\C51\LIB\C51L.LIB (?C?PLDPDATA)
  D:\KEIL_V5\C51\LIB\C51L.LIB (?C?PSTPDATA)
  D:\KEIL_V5\C51\LIB\C51L.LIB (?C?PLDCODE)
  D:\KEIL_V5\C51\LIB\C51L.LIB (?C?CCASE)


LINK MAP OF MODULE:  .\Object\OLED (?C_STARTUP)


            TYPE    BASE      LENGTH    RELOCATION   SEGMENT NAME
            -----------------------------------------------------

            * * * * * * *   D A T A   M E M O R Y   * * * * * * *
            REG     0000H     0008H     ABSOLUTE     "REG BANK 0"
            DATA    0008H     0005H     UNIT         _DATA_GROUP_
            DATA    000DH     0002H     UNIT         ?C?LIB_DATA
                    000FH     0011H                  *** GAP ***
            BIT     0020H.0   0001H.1   UNIT         _BIT_GROUP_
                    0021H.1   0000H.7                *** GAP ***
            IDATA   0022H     0001H     UNIT         ?STACK

            * * * * * * *  X D A T A   M E M O R Y  * * * * * * *
            XDATA   0000H     0400H     UNIT         ?XD?OLED
            XDATA   0400H     0107H     UNIT         ?XD?UART
            XDATA   0507H     002DH     UNIT         _XDATA_GROUP_
            XDATA   0534H     002CH     UNIT         ?XD?_INSERT_MENU?MENU_LINK
            XDATA   0560H     0015H     UNIT         ?XD?_OLED_DRAWLINE?OLED
            XDATA   0575H     000DH     UNIT         ?XD?_OLED_SHOWNUMS?OLED
            XDATA   0582H     000CH     UNIT         ?XD?_OLED_SHOWBMP?OLED
            XDATA   058EH     000AH     UNIT         ?XD?_OLED_SHOWDECIMAL?OLED
            XDATA   0598H     0009H     UNIT         ?XD?_DELETE_MENU?MENU_LINK
            XDATA   05A1H     0008H     UNIT         ?XD?MYTIMER
            XDATA   05A9H     0008H     UNIT         ?XD?MYUART
            XDATA   05B1H     0006H     UNIT         ?XD?_OLED_WR_BYTE_FAST?OLED
            XDATA   05B7H     0006H     UNIT         ?XD?_IIC_WR_BYTE_FAST?IIC
            XDATA   05BDH     0005H     UNIT         ?XD?_OLED_DRAWCUBE?OLED
            XDATA   05C2H     0005H     UNIT         ?XD?_IIC_WR_BYTE_CMD_FAST?IIC
            XDATA   05C7H     0002H     UNIT         ?XD?SCREEN
            XDATA   05C9H     0002H     UNIT         ?XD?_IIC_WR_BYTE?IIC
            XDATA   05CBH     0001H     UNIT         ?XD?MY_UART_ECHO?MYUART
            XDATA   05CCH     0001H     UNIT         ?XD?_EC11_ADC_POWERCONTROL?EC11
            XDATA   05CDH     0001H     UNIT         ?XD?_IIC_WR_BYTE_DAT?IIC

            * * * * * * *   C O D E   M E M O R Y   * * * * * * *
            CODE    0000H     0003H     ABSOLUTE     
            CODE    0003H     0006H     UNIT         ?PR?EC11_INIT?EC11
                    0009H     0002H                  *** GAP ***
            CODE    000BH     0003H     ABSOLUTE     
            CODE    000EH     000DH     UNIT         ?PR?_ADC_POWERCONTROL?ADC
            CODE    001BH     0003H     ABSOLUTE     
            CODE    001EH     0005H     UNIT         ?PR?DELAY15US?DELAY
            CODE    0023H     0003H     ABSOLUTE     
            CODE    0026H     0004H     UNIT         ?PR?ADC_INT?ADC
                    002AH     0001H                  *** GAP ***
            CODE    002BH     0003H     ABSOLUTE     
BL51 BANKED LINKER/LOCATER V6.22.2.0                                                  12/05/2022  23:33:03  PAGE 3


            CODE    002EH     0034H     UNIT         ?PR?EC11_ADC_CONFIG?EC11
                    0062H     0001H                  *** GAP ***
            CODE    0063H     0003H     ABSOLUTE     
            CODE    0066H     0030H     UNIT         ?PR?UART1_INIT?MYUART
            CODE    0096H     0003H     UNIT         ?PR?TIMER1_INT?TIMER
                    0099H     0002H                  *** GAP ***
            CODE    009BH     0003H     ABSOLUTE     
            CODE    009EH     0003H     UNIT         ?PR?TIMER3_INT?TIMER
                    00A1H     0002H                  *** GAP ***
            CODE    00A3H     0003H     ABSOLUTE     
            CODE    00A6H     1ABCH     UNIT         ?CO?OLED
            CODE    1B62H     0579H     UNIT         ?C?LIB_CODE
            CODE    20DBH     0460H     UNIT         ?PR?_OLED_DRAWLINE?OLED
            CODE    253BH     0365H     UNIT         ?PR?PRINTF?PRINTF
            CODE    28A0H     0331H     UNIT         ?PR?_TIMER_INILIZE?TIMER
            CODE    2BD1H     0277H     UNIT         ?PR?_GPIO_INILIZE?GPIO
            CODE    2E48H     0258H     UNIT         ?PR?_DELETE_MENU?MENU_LINK
            CODE    30A0H     0246H     UNIT         ?PR?_UART_CONFIGURATION?UART
            CODE    32E6H     0240H     UNIT         ?PR?_INSERT_MENU?MENU_LINK
            CODE    3526H     01B1H     UNIT         ?PR?_?FIND_PARMENU?MENU_LINK
            CODE    36D7H     01A7H     UNIT         ?PR?_?FIND_MENU?MENU_LINK
            CODE    387EH     013BH     UNIT         ?PR?_OLED_SHOWCHAR?OLED
            CODE    39B9H     0107H     UNIT         ?PR?_OLED_SHOWNUM?OLED
            CODE    3AC0H     00F8H     UNIT         ?PR?MAIN?MAIN
            CODE    3BB8H     00F6H     UNIT         ?PR?_?TRAVERSAL_MENU?MENU_LINK
            CODE    3CAEH     00F0H     UNIT         ?PR?_OLED_SHOWBMP?OLED
            CODE    3D9EH     00E6H     UNIT         ?PR?_OLED_SHOWDECIMAL?OLED
            CODE    3E84H     00C7H     UNIT         ?PR?_ADC_INILIZE?ADC
            CODE    3F4BH     00B5H     UNIT         ?PR?_OLED_REFRESH_TIME?SCREEN
            CODE    4000H     00B5H     UNIT         ?PR?_OLED_DRAWPOINT?OLED
            CODE    40B5H     00B5H     UNIT         ?PR?_OLED_SHOWSTRING?OLED
            CODE    416AH     009AH     UNIT         ?CO?MENU_LINK
            CODE    4204H     0092H     UNIT         ?C_C51STARTUP
            CODE    4296H     008FH     UNIT         ?PR?_OLED_SHOWNUMS?OLED
            CODE    4325H     0087H     UNIT         ?PR?MY_UART_ECHO?MYUART
            CODE    43ACH     0087H     UNIT         ?PR?UART1_INT?MYUART
            CODE    4433H     0084H     UNIT         ?PR?_GET_ADCRESULT?ADC
            CODE    44B7H     0083H     UNIT         ?PR?OLED_INIT?OLED
            CODE    453AH     0070H     UNIT         ?PR?TIMER2_INT?MYTIMER
            CODE    45AAH     005EH     UNIT         ?PR?TIMER0_INT?MYTIMER
            CODE    4608H     005BH     UNIT         ?PR?_OLED_DRAWCUBE?OLED
            CODE    4663H     0049H     UNIT         ?PR?_MYPOW?OLED
            CODE    46ACH     0046H     UNIT         ?PR?_IIC_WR_BYTE_FAST?IIC
            CODE    46F2H     003EH     UNIT         ?PR?EC11_GPIO_CONFIG?EC11
            CODE    4730H     003CH     UNIT         ?PR?OLED_CLEAR?OLED
            CODE    476CH     003CH     UNIT         ?PR?_IIC_WR_BYTE_DAT_FAST?IIC
            CODE    47A8H     0039H     UNIT         ?PR?_IIC_WR_BYTE_CMD_FAST?IIC
            CODE    47E1H     002FH     UNIT         ?PR?_IIC_WR_BYTE?IIC
            CODE    4810H     002EH     UNIT         ?C_INITSEG
            CODE    483EH     002EH     UNIT         ?PR?_OLED_FILL?OLED
            CODE    486CH     002CH     UNIT         ?PR?_IIC_SEND_BYTE?IIC
            CODE    4898H     002BH     UNIT         ?PR?_TX1_WRITE2BUFF?UART
            CODE    48C3H     0028H     UNIT         ?PR?MYTIMER0_INIT?MYTIMER
            CODE    48EBH     0026H     UNIT         ?PR?_IIC_WR_BYTE_DAT?IIC
            CODE    4911H     0026H     UNIT         ?PR?_IIC_WR_BYTE_CMD?IIC
            CODE    4937H     0025H     UNIT         ?CO?MYUART
            CODE    495CH     0024H     UNIT         ?PR?MYTIMER2_INIT?MYTIMER
BL51 BANKED LINKER/LOCATER V6.22.2.0                                                  12/05/2022  23:33:03  PAGE 4


            CODE    4980H     0024H     UNIT         ?PR?OLED_SHOW_FREQ?SCREEN
            CODE    49A4H     0020H     UNIT         ?PR?IIC_WAIT_ACK?IIC
            CODE    49C4H     001CH     UNIT         ?CO?MAIN
            CODE    49E0H     001CH     UNIT         ?PR?OLED_REFRESH_GRAM?OLED
            CODE    49FCH     0019H     UNIT         ?PR?IIC_START?IIC
            CODE    4A15H     0018H     UNIT         ?PR?LED_GPIO_CONFIG?LED
            CODE    4A2DH     0017H     UNIT         ?PR?_DELAY_1_US?DELAY
            CODE    4A44H     0017H     UNIT         ?PR?_DELAY_5_US?DELAY
            CODE    4A5BH     0017H     UNIT         ?PR?_DELAY_10_US?DELAY
            CODE    4A72H     0017H     UNIT         ?PR?_DELAY_MS?DELAY
            CODE    4A89H     0017H     UNIT         ?PR?_EC11_ADC_POWERCONTROL?EC11
            CODE    4AA0H     0016H     UNIT         ?PR?UART_GPIO_CONFIG?MYUART
            CODE    4AB6H     0016H     UNIT         ?PR?OLED_SHOW_HELLO?SCREEN
            CODE    4ACCH     0015H     UNIT         ?PR?IIC_GPIO_CONFIG?IIC
            CODE    4AE1H     0013H     UNIT         ?PR?_PRINTSTRING1?UART
            CODE    4AF4H     0012H     UNIT         ?PR?SYSTEM_INIT?MAIN
            CODE    4B06H     000FH     UNIT         ?PR?MY_UART_INIT?MYUART
            CODE    4B15H     000FH     UNIT         ?PR?OLED_DISPLAY_ON?OLED
            CODE    4B24H     000FH     UNIT         ?PR?OLED_DISPLAY_OFF?OLED
            CODE    4B33H     000EH     UNIT         ?PR?_PUTCHAR?MYUART
            CODE    4B41H     000EH     UNIT         ?PR?IIC_STOP?IIC
            CODE    4B4FH     000DH     UNIT         ?CO?SCREEN
            CODE    4B5CH     000CH     UNIT         ?PR?MY_TIMER_INIT?MYTIMER
            CODE    4B68H     000BH     UNIT         ?PR?_OLED_WR_BYTE_FAST?OLED
            CODE    4B73H     0003H     UNIT         ?PR?TIMER4_INT?TIMER
            CODE    4B76H     0003H     UNIT         ?PR?_MY_TX_WRITE2BUFF?MYUART
            CODE    4B79H     0003H     UNIT         ?PR?_MY_PRINTSTRING?MYUART
            CODE    4B7CH     0003H     UNIT         ?PR?_OLED_WR_BYTE?OLED
            CODE    4B7FH     0003H     UNIT         ?PR?_OLED_WR_BYTE_DAT?OLED
            CODE    4B82H     0003H     UNIT         ?PR?_OLED_WR_BYTE_CMD?OLED
            CODE    4B85H     0003H     UNIT         ?PR?_OLED_WR_BYTE_DAT_FAST?OLED
            CODE    4B88H     0003H     UNIT         ?PR?_OLED_WR_BYTE_CMD_FAST?OLED
            CODE    4B8BH     0003H     UNIT         ?PR?OLED_GPIO_INIT?OLED
            CODE    4B8EH     0003H     UNIT         ?PR?LED_INIT?LED
            CODE    4B91H     0003H     UNIT         ?PR?_EC11_GETADCRESULT?EC11



OVERLAY MAP OF MODULE:   .\Object\OLED (?C_STARTUP)


SEGMENT                                    BIT_GROUP          DATA_GROUP          XDATA_GROUP
  +--> CALLED SEGMENT                   START    LENGTH     START    LENGTH     START    LENGTH
-----------------------------------------------------------------------------------------------
?C_C51STARTUP                           -----    -----      -----    -----      -----    -----
  +--> ?PR?MAIN?MAIN
  +--> ?C_INITSEG

?PR?MAIN?MAIN                           -----    -----      -----    -----      0507H    0004H
  +--> ?PR?SYSTEM_INIT?MAIN
  +--> ?CO?MAIN
  +--> ?PR?_OLED_SHOWSTRING?OLED
  +--> ?PR?OLED_SHOW_FREQ?SCREEN
  +--> ?PR?_OLED_REFRESH_TIME?SCREEN
  +--> ?PR?_EC11_GETADCRESULT?EC11
  +--> ?PR?_OLED_SHOWNUM?OLED
  +--> ?PR?OLED_REFRESH_GRAM?OLED
BL51 BANKED LINKER/LOCATER V6.22.2.0                                                  12/05/2022  23:33:03  PAGE 5



?PR?SYSTEM_INIT?MAIN                    -----    -----      -----    -----      -----    -----
  +--> ?PR?MY_UART_INIT?MYUART
  +--> ?PR?MY_TIMER_INIT?MYTIMER
  +--> ?PR?LED_INIT?LED
  +--> ?PR?EC11_INIT?EC11
  +--> ?PR?OLED_INIT?OLED

?PR?MY_UART_INIT?MYUART                 -----    -----      -----    -----      -----    -----
  +--> ?PR?UART_GPIO_CONFIG?MYUART
  +--> ?PR?UART1_INIT?MYUART
  +--> ?CO?MYUART
  +--> ?PR?PRINTF?PRINTF

?PR?UART_GPIO_CONFIG?MYUART             -----    -----      -----    -----      050BH    0002H
  +--> ?PR?_GPIO_INILIZE?GPIO

?PR?UART1_INIT?MYUART                   -----    -----      -----    -----      050BH    000CH
  +--> ?PR?_UART_CONFIGURATION?UART

?PR?_UART_CONFIGURATION?UART            -----    -----      -----    -----      0517H    0007H

?PR?PRINTF?PRINTF                       0020H.0  0001H.1    0008H    0005H      050BH    0028H
  +--> ?PR?_PUTCHAR?MYUART

?PR?_PUTCHAR?MYUART                     -----    -----      -----    -----      0533H    0001H
  +--> ?PR?_MY_TX_WRITE2BUFF?MYUART

?PR?_MY_TX_WRITE2BUFF?MYUART            -----    -----      -----    -----      -----    -----
  +--> ?PR?_TX1_WRITE2BUFF?UART

?PR?MY_TIMER_INIT?MYTIMER               -----    -----      -----    -----      -----    -----
  +--> ?PR?MYTIMER0_INIT?MYTIMER
  +--> ?PR?MYTIMER2_INIT?MYTIMER

?PR?MYTIMER0_INIT?MYTIMER               -----    -----      -----    -----      050BH    0008H
  +--> ?PR?_TIMER_INILIZE?TIMER

?PR?MYTIMER2_INIT?MYTIMER               -----    -----      -----    -----      050BH    0008H
  +--> ?PR?_TIMER_INILIZE?TIMER

?PR?LED_INIT?LED                        -----    -----      -----    -----      -----    -----
  +--> ?PR?LED_GPIO_CONFIG?LED

?PR?LED_GPIO_CONFIG?LED                 -----    -----      -----    -----      050BH    0002H
  +--> ?PR?_GPIO_INILIZE?GPIO

?PR?EC11_INIT?EC11                      -----    -----      -----    -----      -----    -----
  +--> ?PR?EC11_GPIO_CONFIG?EC11
  +--> ?PR?EC11_ADC_CONFIG?EC11

?PR?EC11_GPIO_CONFIG?EC11               -----    -----      -----    -----      050BH    0002H
  +--> ?PR?_GPIO_INILIZE?GPIO

?PR?EC11_ADC_CONFIG?EC11                -----    -----      -----    -----      050BH    0008H
  +--> ?PR?_ADC_INILIZE?ADC
  +--> ?PR?_DELAY_MS?DELAY
BL51 BANKED LINKER/LOCATER V6.22.2.0                                                  12/05/2022  23:33:03  PAGE 6



?PR?OLED_INIT?OLED                      -----    -----      -----    -----      -----    -----
  +--> ?PR?OLED_GPIO_INIT?OLED
  +--> ?PR?_OLED_WR_BYTE_CMD?OLED
  +--> ?PR?OLED_CLEAR?OLED

?PR?OLED_GPIO_INIT?OLED                 -----    -----      -----    -----      -----    -----
  +--> ?PR?IIC_GPIO_CONFIG?IIC

?PR?IIC_GPIO_CONFIG?IIC                 -----    -----      -----    -----      050BH    0002H
  +--> ?PR?_GPIO_INILIZE?GPIO

?PR?_OLED_WR_BYTE_CMD?OLED              -----    -----      -----    -----      -----    -----
  +--> ?PR?_IIC_WR_BYTE_CMD?IIC

?PR?_IIC_WR_BYTE_CMD?IIC                -----    -----      -----    -----      0512H    0001H
  +--> ?PR?IIC_START?IIC
  +--> ?PR?_IIC_SEND_BYTE?IIC
  +--> ?PR?IIC_WAIT_ACK?IIC
  +--> ?PR?IIC_STOP?IIC

?PR?IIC_WAIT_ACK?IIC                    -----    -----      -----    -----      -----    -----
  +--> ?PR?IIC_STOP?IIC

?PR?IIC_STOP?IIC                        -----    -----      -----    -----      -----    -----
  +--> ?PR?_DELAY_1_US?DELAY

?PR?OLED_CLEAR?OLED                     -----    -----      -----    -----      -----    -----
  +--> ?PR?OLED_REFRESH_GRAM?OLED

?PR?OLED_REFRESH_GRAM?OLED              -----    -----      -----    -----      -----    -----
  +--> ?PR?_OLED_WR_BYTE_CMD?OLED
  +--> ?PR?_OLED_WR_BYTE_DAT_FAST?OLED

?PR?_OLED_WR_BYTE_DAT_FAST?OLED         -----    -----      -----    -----      -----    -----
  +--> ?PR?_IIC_WR_BYTE_DAT_FAST?IIC

?PR?_IIC_WR_BYTE_DAT_FAST?IIC           -----    -----      -----    -----      0512H    0005H
  +--> ?PR?IIC_START?IIC
  +--> ?PR?_IIC_SEND_BYTE?IIC
  +--> ?PR?IIC_WAIT_ACK?IIC
  +--> ?PR?IIC_STOP?IIC

?PR?_OLED_SHOWSTRING?OLED               -----    -----      -----    -----      050BH    0007H
  +--> ?PR?OLED_CLEAR?OLED
  +--> ?PR?_OLED_SHOWCHAR?OLED

?PR?_OLED_SHOWCHAR?OLED                 -----    -----      -----    -----      0520H    0008H
  +--> ?CO?OLED
  +--> ?PR?_OLED_DRAWPOINT?OLED

?PR?_OLED_DRAWPOINT?OLED                -----    -----      -----    -----      0528H    0002H

?PR?OLED_SHOW_FREQ?SCREEN               -----    -----      -----    -----      -----    -----
  +--> ?PR?_OLED_SHOWNUM?OLED

?PR?_OLED_SHOWNUM?OLED                  -----    -----      -----    -----      0514H    000CH
BL51 BANKED LINKER/LOCATER V6.22.2.0                                                  12/05/2022  23:33:03  PAGE 7


  +--> ?PR?_MYPOW?OLED
  +--> ?PR?_OLED_SHOWCHAR?OLED

?PR?_MYPOW?OLED                         -----    -----      -----    -----      0520H    0006H

?PR?_OLED_REFRESH_TIME?SCREEN           -----    -----      -----    -----      050BH    0009H
  +--> ?PR?_OLED_FILL?OLED
  +--> ?PR?_OLED_SHOWNUM?OLED

?PR?_OLED_FILL?OLED                     -----    -----      -----    -----      0514H    0005H
  +--> ?PR?_OLED_DRAWPOINT?OLED

?PR?_EC11_GETADCRESULT?EC11             -----    -----      -----    -----      -----    -----
  +--> ?PR?_GET_ADCRESULT?ADC

?PR?_GET_ADCRESULT?ADC                  -----    -----      -----    -----      050BH    0002H



SYMBOL TABLE OF MODULE:  .\Object\OLED (?C_STARTUP)

  VALUE           TYPE          NAME
  ----------------------------------

  -------         MODULE        ?C_STARTUP
  C:4204H         SEGMENT       ?C_C51STARTUP
  I:0022H         SEGMENT       ?STACK
  C:0000H         PUBLIC        ?C_STARTUP
  D:00E0H         SYMBOL        ACC
  D:00F0H         SYMBOL        B
  D:0083H         SYMBOL        DPH
  D:0082H         SYMBOL        DPL
  N:0000H         SYMBOL        IBPSTACK
  N:0100H         SYMBOL        IBPSTACKTOP
  N:0080H         SYMBOL        IDATALEN
  C:4207H         SYMBOL        IDATALOOP
  N:0000H         SYMBOL        PBPSTACK
  N:0100H         SYMBOL        PBPSTACKTOP
  N:0000H         SYMBOL        PDATALEN
  N:0000H         SYMBOL        PDATASTART
  N:0000H         SYMBOL        PPAGE
  N:0000H         SYMBOL        PPAGEENABLE
  D:00A0H         SYMBOL        PPAGE_SFR
  D:0081H         SYMBOL        SP
  C:4204H         SYMBOL        STARTUP1
  N:0001H         SYMBOL        XBPSTACK
  N:1000H         SYMBOL        XBPSTACKTOP
  N:0000H         SYMBOL        XDATALEN
  N:0000H         SYMBOL        XDATASTART
  C:0000H         LINE#         126
  C:4204H         LINE#         133
  C:4206H         LINE#         134
  C:4207H         LINE#         135
  C:4208H         LINE#         136
  C:420AH         LINE#         176
  C:420DH         LINE#         177
  C:4210H         LINE#         185
BL51 BANKED LINKER/LOCATER V6.22.2.0                                                  12/05/2022  23:33:03  PAGE 8


  C:4213H         LINE#         196
  -------         ENDMOD        ?C_STARTUP

  -------         MODULE        DELAY
  C:0000H         SYMBOL        _ICE_DUMMY_
  D:0080H         PUBLIC        P0
  D:0090H         PUBLIC        P1
  D:00A0H         PUBLIC        P2
  D:00B0H         PUBLIC        P3
  D:00C0H         PUBLIC        P4
  D:00C8H         PUBLIC        P5
  D:00E8H         PUBLIC        P6
  D:00F8H         PUBLIC        P7
  D:00A8H         PUBLIC        IE
  D:00B8H         PUBLIC        IP
  C:4A5BH         PUBLIC        _delay_10_us
  D:00D8H         PUBLIC        CCON
  D:0098H         PUBLIC        SCON
  D:0088H         PUBLIC        TCON
  D:00F0H         PUBLIC        B
  C:001EH         PUBLIC        Delay15us
  D:00E0H         PUBLIC        ACC
  C:4A72H         PUBLIC        _delay_ms
  C:4A2DH         PUBLIC        _delay_1_us
  C:4A44H         PUBLIC        _delay_5_us
  D:00D0H         PUBLIC        PSW
  -------         PROC          DELAY15US
  -------         DO            
  D:0007H         SYMBOL        i
  -------         ENDDO         
  C:001EH         LINE#         3
  C:001EH         LINE#         4
  C:001EH         LINE#         7
  C:0020H         LINE#         8
  C:0022H         LINE#         9
  -------         ENDPROC       DELAY15US
  -------         PROC          _DELAY_1_US
  D:0006H         SYMBOL        us
  -------         DO            
  D:0004H         SYMBOL        i
  -------         ENDDO         
  C:4A2DH         LINE#         16
  C:4A2DH         LINE#         17
  C:4A2DH         LINE#         19
  C:4A2DH         LINE#         20
  C:4A31H         LINE#         21
  C:4A3AH         LINE#         22
  C:4A43H         LINE#         23
  -------         ENDPROC       _DELAY_1_US
  -------         PROC          _DELAY_5_US
  D:0006H         SYMBOL        _5us
  -------         DO            
  D:0004H         SYMBOL        i
  -------         ENDDO         
  C:4A44H         LINE#         25
  C:4A44H         LINE#         26
  C:4A44H         LINE#         28
BL51 BANKED LINKER/LOCATER V6.22.2.0                                                  12/05/2022  23:33:03  PAGE 9


  C:4A44H         LINE#         29
  C:4A48H         LINE#         30
  C:4A51H         LINE#         31
  C:4A5AH         LINE#         32
  -------         ENDPROC       _DELAY_5_US
  -------         PROC          _DELAY_10_US
  D:0006H         SYMBOL        _10us
  -------         DO            
  D:0004H         SYMBOL        i
  -------         ENDDO         
  C:4A5BH         LINE#         34
  C:4A5BH         LINE#         35
  C:4A5BH         LINE#         37
  C:4A5BH         LINE#         38
  C:4A5FH         LINE#         39
  C:4A68H         LINE#         40
  C:4A71H         LINE#         41
  -------         ENDPROC       _DELAY_10_US
  -------         PROC          _DELAY_MS
  D:0006H         SYMBOL        ms
  -------         DO            
  D:0004H         SYMBOL        i
  -------         ENDDO         
  C:4A72H         LINE#         43
  C:4A72H         LINE#         44
  C:4A72H         LINE#         46
  C:4A72H         LINE#         47
  C:4A76H         LINE#         48
  C:4A7FH         LINE#         49
  C:4A88H         LINE#         50
  -------         ENDPROC       _DELAY_MS
  -------         ENDMOD        DELAY

  -------         MODULE        GPIO
  C:0000H         SYMBOL        _ICE_DUMMY_
  D:0093H         PUBLIC        P0M1
  D:0092H         PUBLIC        P1M0
  D:0096H         PUBLIC        P2M0
  D:0091H         PUBLIC        P1M1
  D:0080H         PUBLIC        P0
  D:00B2H         PUBLIC        P3M0
  D:0095H         PUBLIC        P2M1
  D:0090H         PUBLIC        P1
  D:00B4H         PUBLIC        P4M0
  D:00B1H         PUBLIC        P3M1
  D:00A0H         PUBLIC        P2
  D:00CAH         PUBLIC        P5M0
  D:00B3H         PUBLIC        P4M1
  D:00B0H         PUBLIC        P3
  D:00CCH         PUBLIC        P6M0
  D:00C9H         PUBLIC        P5M1
  D:00C0H         PUBLIC        P4
  D:00E2H         PUBLIC        P7M0
  D:00CBH         PUBLIC        P6M1
  D:00C8H         PUBLIC        P5
  D:00E8H         PUBLIC        P6
  D:00E1H         PUBLIC        P7M1
BL51 BANKED LINKER/LOCATER V6.22.2.0                                                  12/05/2022  23:33:03  PAGE 10


  D:00F8H         PUBLIC        P7
  D:00A8H         PUBLIC        IE
  D:00B8H         PUBLIC        IP
  D:00D8H         PUBLIC        CCON
  D:0098H         PUBLIC        SCON
  D:0088H         PUBLIC        TCON
  D:00F0H         PUBLIC        B
  D:00E0H         PUBLIC        ACC
  C:2BD1H         PUBLIC        _GPIO_Inilize
  D:00D0H         PUBLIC        PSW
  D:0094H         PUBLIC        P0M0
  -------         PROC          _GPIO_INILIZE
  D:0007H         SYMBOL        GPIO
  D:0001H         SYMBOL        GPIOx
  C:2BD1H         LINE#         28
  C:2BD1H         LINE#         29
  C:2BD1H         LINE#         30
  C:2BDEH         LINE#         31
  C:2BEEH         LINE#         32
  C:2BF1H         LINE#         33
  C:2BF1H         LINE#         34
  C:2BFFH         LINE#         35
  C:2C11H         LINE#         36
  C:2C23H         LINE#         37
  C:2C35H         LINE#         38
  C:2C35H         LINE#         39
  C:2C3AH         LINE#         40
  C:2C3AH         LINE#         41
  C:2C4BH         LINE#         42
  C:2C5BH         LINE#         43
  C:2C6CH         LINE#         44
  C:2C80H         LINE#         45
  C:2C80H         LINE#         46
  C:2C85H         LINE#         47
  C:2C85H         LINE#         48
  C:2C96H         LINE#         49
  C:2CA6H         LINE#         50
  C:2CB7H         LINE#         51
  C:2CCBH         LINE#         52
  C:2CCBH         LINE#         53
  C:2CD0H         LINE#         54
  C:2CD0H         LINE#         55
  C:2CE1H         LINE#         56
  C:2CF1H         LINE#         57
  C:2D02H         LINE#         58
  C:2D16H         LINE#         59
  C:2D16H         LINE#         60
  C:2D1BH         LINE#         61
  C:2D1BH         LINE#         62
  C:2D2CH         LINE#         63
  C:2D3CH         LINE#         64
  C:2D4DH         LINE#         65
  C:2D61H         LINE#         66
  C:2D61H         LINE#         67
  C:2D66H         LINE#         68
  C:2D66H         LINE#         69
  C:2D77H         LINE#         70
BL51 BANKED LINKER/LOCATER V6.22.2.0                                                  12/05/2022  23:33:03  PAGE 11


  C:2D87H         LINE#         71
  C:2D98H         LINE#         72
  C:2DACH         LINE#         73
  C:2DACH         LINE#         74
  C:2DB1H         LINE#         75
  C:2DB1H         LINE#         76
  C:2DC2H         LINE#         77
  C:2DD2H         LINE#         78
  C:2DE3H         LINE#         79
  C:2DF7H         LINE#         80
  C:2DF7H         LINE#         81
  C:2DFCH         LINE#         82
  C:2DFCH         LINE#         83
  C:2E0FH         LINE#         84
  C:2E20H         LINE#         85
  C:2E31H         LINE#         86
  C:2E45H         LINE#         87
  C:2E45H         LINE#         88
  C:2E47H         LINE#         89
  -------         ENDPROC       _GPIO_INILIZE
  -------         ENDMOD        GPIO

  -------         MODULE        TIMER
  C:0000H         SYMBOL        _ICE_DUMMY_
  D:0080H         PUBLIC        P0
  D:0090H         PUBLIC        P1
  D:00A0H         PUBLIC        P2
  C:0096H         PUBLIC        timer1_int
  D:00B0H         PUBLIC        P3
  D:00C0H         PUBLIC        P4
  C:009EH         PUBLIC        timer3_int
  D:00C8H         PUBLIC        P5
  C:4B73H         PUBLIC        timer4_int
  D:00E8H         PUBLIC        P6
  D:00F8H         PUBLIC        P7
  D:00A8H         PUBLIC        IE
  D:00B8H         PUBLIC        IP
  D:00D8H         PUBLIC        CCON
  D:0098H         PUBLIC        SCON
  D:0089H         PUBLIC        TMOD
  D:0088H         PUBLIC        TCON
  B:00E8H.3       PUBLIC        P63
  B:00E8H.4       PUBLIC        P64
  B:00E8H.6       PUBLIC        P66
  C:28A0H         PUBLIC        _Timer_Inilize
  D:00AFH         PUBLIC        IE2
  D:00F0H         PUBLIC        B
  D:008EH         PUBLIC        AUXR
  D:00E0H         PUBLIC        ACC
  B:00A8H.1       PUBLIC        ET0
  B:00A8H.3       PUBLIC        ET1
  D:008CH         PUBLIC        TH0
  D:008DH         PUBLIC        TH1
  D:00D6H         PUBLIC        TH2
  D:00D4H         PUBLIC        TH3
  D:00D2H         PUBLIC        TH4
  D:008AH         PUBLIC        TL0
BL51 BANKED LINKER/LOCATER V6.22.2.0                                                  12/05/2022  23:33:03  PAGE 12


  D:008BH         PUBLIC        TL1
  D:00D7H         PUBLIC        TL2
  D:00D5H         PUBLIC        TL3
  B:00B8H.1       PUBLIC        PT0
  D:00D3H         PUBLIC        TL4
  B:00B8H.3       PUBLIC        PT1
  B:0088H.4       PUBLIC        TR0
  B:0088H.6       PUBLIC        TR1
  D:00D1H         PUBLIC        T4T3M
  D:00B7H         PUBLIC        IPH
  D:008FH         PUBLIC        INT_CLKO
  D:00D0H         PUBLIC        PSW
  -------         PROC          TIMER1_INT
  C:0096H         LINE#         22
  C:0096H         LINE#         24
  C:0098H         LINE#         25
  -------         ENDPROC       TIMER1_INT
  -------         PROC          TIMER3_INT
  C:009EH         LINE#         28
  C:009EH         LINE#         30
  C:00A0H         LINE#         31
  -------         ENDPROC       TIMER3_INT
  -------         PROC          TIMER4_INT
  C:4B73H         LINE#         34
  C:4B73H         LINE#         36
  C:4B75H         LINE#         37
  -------         ENDPROC       TIMER4_INT
  -------         PROC          _TIMER_INILIZE
  D:0005H         SYMBOL        TIM
  D:0001H         SYMBOL        TIMx
  C:28A0H         LINE#         47
  C:28A2H         LINE#         48
  C:28A2H         LINE#         49
  C:28AFH         LINE#         51
  C:28B5H         LINE#         52
  C:28B5H         LINE#         53
  C:28B7H         LINE#         54
  C:28C5H         LINE#         55
  C:28C7H         LINE#         56
  C:28DAH         LINE#         57
  C:2906H         LINE#         59
  C:2916H         LINE#         60
  C:291DH         LINE#         61
  C:292DH         LINE#         62
  C:2934H         LINE#         63
  C:293FH         LINE#         64
  C:2942H         LINE#         65
  C:2951H         LINE#         66
  C:2954H         LINE#         68
  C:2966H         LINE#         69
  C:2972H         LINE#         70
  C:2975H         LINE#         71
  C:2975H         LINE#         73
  C:297DH         LINE#         74
  C:297DH         LINE#         75
  C:297FH         LINE#         76
  C:298DH         LINE#         77
BL51 BANKED LINKER/LOCATER V6.22.2.0                                                  12/05/2022  23:33:03  PAGE 13


  C:298FH         LINE#         78
  C:29A2H         LINE#         79
  C:29CEH         LINE#         80
  C:29DEH         LINE#         81
  C:29EAH         LINE#         82
  C:29FAH         LINE#         83
  C:2A01H         LINE#         84
  C:2A0CH         LINE#         85
  C:2A0FH         LINE#         86
  C:2A1EH         LINE#         87
  C:2A21H         LINE#         89
  C:2A33H         LINE#         90
  C:2A3FH         LINE#         91
  C:2A42H         LINE#         92
  C:2A42H         LINE#         94
  C:2A47H         LINE#         95
  C:2A47H         LINE#         96
  C:2A4AH         LINE#         97
  C:2A59H         LINE#         98
  C:2A5CH         LINE#         99
  C:2A6FH         LINE#         100
  C:2A7AH         LINE#         101
  C:2A81H         LINE#         102
  C:2A8CH         LINE#         103
  C:2A8FH         LINE#         104
  C:2A9EH         LINE#         105
  C:2AA1H         LINE#         107
  C:2AB3H         LINE#         108
  C:2AC0H         LINE#         109
  C:2AC3H         LINE#         110
  C:2AC3H         LINE#         112
  C:2AC8H         LINE#         113
  C:2AC8H         LINE#         114
  C:2ACBH         LINE#         115
  C:2ADAH         LINE#         116
  C:2ADDH         LINE#         117
  C:2AF0H         LINE#         118
  C:2AFBH         LINE#         119
  C:2B02H         LINE#         120
  C:2B0DH         LINE#         121
  C:2B10H         LINE#         122
  C:2B1FH         LINE#         123
  C:2B22H         LINE#         125
  C:2B34H         LINE#         126
  C:2B41H         LINE#         127
  C:2B44H         LINE#         128
  C:2B44H         LINE#         130
  C:2B4CH         LINE#         131
  C:2B4CH         LINE#         132
  C:2B4FH         LINE#         133
  C:2B5EH         LINE#         134
  C:2B61H         LINE#         135
  C:2B76H         LINE#         136
  C:2B7FH         LINE#         137
  C:2B8AH         LINE#         138
  C:2B99H         LINE#         139
  C:2B9CH         LINE#         140
BL51 BANKED LINKER/LOCATER V6.22.2.0                                                  12/05/2022  23:33:03  PAGE 14


  C:2BABH         LINE#         141
  C:2BAEH         LINE#         143
  C:2BBEH         LINE#         144
  C:2BCBH         LINE#         145
  C:2BCEH         LINE#         146
  C:2BCEH         LINE#         147
  C:2BD0H         LINE#         148
  -------         ENDPROC       _TIMER_INILIZE
  -------         ENDMOD        TIMER

  -------         MODULE        UART
  C:0000H         SYMBOL        _ICE_DUMMY_
  C:30A0H         PUBLIC        _UART_Configuration
  D:0080H         PUBLIC        P0
  D:0090H         PUBLIC        P1
  D:00A0H         PUBLIC        P2
  D:00B0H         PUBLIC        P3
  D:00C0H         PUBLIC        P4
  D:00C8H         PUBLIC        P5
  D:00E8H         PUBLIC        P6
  D:00F8H         PUBLIC        P7
  D:00A2H         PUBLIC        P_SW1
  D:00A8H         PUBLIC        IE
  X:0400H         PUBLIC        COM1
  B:00A8H.4       PUBLIC        ES
  D:00B8H         PUBLIC        IP
  X:0407H         PUBLIC        RX1_Buffer
  X:0487H         PUBLIC        TX1_Buffer
  B:0098H.1       PUBLIC        TI
  B:00B8H.4       PUBLIC        PS
  D:00D8H         PUBLIC        CCON
  D:0087H         PUBLIC        PCON
  D:0098H         PUBLIC        SCON
  D:0089H         PUBLIC        TMOD
  D:0088H         PUBLIC        TCON
  C:4AE1H         PUBLIC        _PrintString1
  D:00AFH         PUBLIC        IE2
  D:00F0H         PUBLIC        B
  D:008EH         PUBLIC        AUXR
  C:4898H         PUBLIC        _TX1_write2buff
  D:00E0H         PUBLIC        ACC
  B:00A8H.3       PUBLIC        ET1
  D:008DH         PUBLIC        TH1
  D:00D6H         PUBLIC        TH2
  D:008BH         PUBLIC        TL1
  D:00D7H         PUBLIC        TL2
  B:0088H.6       PUBLIC        TR1
  D:00B7H         PUBLIC        IPH
  B:0098H.4       PUBLIC        REN
  D:008FH         PUBLIC        INT_CLKO
  D:00D0H         PUBLIC        PSW
  -------         PROC          _UART_CONFIGURATION
  D:0007H         SYMBOL        UARTx
  X:0517H         SYMBOL        COMx
  -------         DO            
  D:0007H         SYMBOL        i
  X:051AH         SYMBOL        j
BL51 BANKED LINKER/LOCATER V6.22.2.0                                                  12/05/2022  23:33:03  PAGE 15


  -------         ENDDO         
  C:30A0H         LINE#         37
  C:30ABH         LINE#         38
  C:30ABH         LINE#         43
  C:30B3H         LINE#         44
  C:30B3H         LINE#         45
  C:30B8H         LINE#         46
  C:30BBH         LINE#         47
  C:30BDH         LINE#         48
  C:30BFH         LINE#         49
  C:30C1H         LINE#         50
  C:30C3H         LINE#         51
  C:30C5H         LINE#         52
  C:30DFH         LINE#         53
  C:30FAH         LINE#         55
  C:311AH         LINE#         56
  C:315AH         LINE#         57
  C:316CH         LINE#         58
  C:3177H         LINE#         59
  C:3185H         LINE#         60
  C:3185H         LINE#         61
  C:319CH         LINE#         62
  C:31B9H         LINE#         63
  C:31DBH         LINE#         64
  C:31F3H         LINE#         65
  C:31F3H         LINE#         66
  C:31F5H         LINE#         67
  C:31F8H         LINE#         68
  C:31FBH         LINE#         69
  C:31FEH         LINE#         70
  C:3201H         LINE#         71
  C:3216H         LINE#         72
  C:321FH         LINE#         73
  C:3221H         LINE#         74
  C:3224H         LINE#         75
  C:3227H         LINE#         76
  C:3229H         LINE#         77
  C:322BH         LINE#         78
  C:3231H         LINE#         79
  C:3231H         LINE#         80
  C:3234H         LINE#         81
  C:3237H         LINE#         82
  C:323AH         LINE#         83
  C:323DH         LINE#         84
  C:3252H         LINE#         85
  C:325BH         LINE#         86
  C:325EH         LINE#         87
  C:3261H         LINE#         88
  C:3263H         LINE#         89
  C:3266H         LINE#         90
  C:3266H         LINE#         91
  C:3279H         LINE#         92
  C:3279H         LINE#         93
  C:3288H         LINE#         94
  C:328BH         LINE#         95
  C:328DH         LINE#         96
  C:3293H         LINE#         97
BL51 BANKED LINKER/LOCATER V6.22.2.0                                                  12/05/2022  23:33:03  PAGE 16


  C:3293H         LINE#         98
  C:32A2H         LINE#         99
  C:32A5H         LINE#         100
  C:32A5H         LINE#         101
  C:32BEH         LINE#         102
  C:32C0H         LINE#         103
  C:32CEH         LINE#         104
  C:32D0H         LINE#         105
  C:32E0H         LINE#         106
  C:32E3H         LINE#         107
  C:32E3H         LINE#         252
  C:32E5H         LINE#         253
  -------         ENDPROC       _UART_CONFIGURATION
  -------         PROC          _TX1_WRITE2BUFF
  D:0007H         SYMBOL        dat
  C:4898H         LINE#         259
  C:4898H         LINE#         260
  C:4898H         LINE#         261
  C:48A7H         LINE#         262
  C:48B8H         LINE#         264
  C:48BEH         LINE#         265
  C:48BEH         LINE#         266
  C:48C0H         LINE#         267
  C:48C2H         LINE#         268
  C:48C2H         LINE#         269
  -------         ENDPROC       _TX1_WRITE2BUFF
  -------         PROC          _PRINTSTRING1
  D:0001H         SYMBOL        puts
  C:4AE1H         LINE#         271
  C:4AE1H         LINE#         272
  C:4AE1H         LINE#         273
  C:4AF3H         LINE#         274
  -------         ENDPROC       _PRINTSTRING1
  -------         ENDMOD        UART

  -------         MODULE        ADC
  C:0000H         SYMBOL        _ICE_DUMMY_
  D:0080H         PUBLIC        P0
  D:0090H         PUBLIC        P1
  C:3E84H         PUBLIC        _ADC_Inilize
  D:00A0H         PUBLIC        P2
  D:00B0H         PUBLIC        P3
  D:00C0H         PUBLIC        P4
  D:00C8H         PUBLIC        P5
  D:00E8H         PUBLIC        P6
  D:00F8H         PUBLIC        P7
  D:00BAH         PUBLIC        P_SW2
  B:00A8H.5       PUBLIC        EADC
  D:00A8H         PUBLIC        IE
  D:00BDH         PUBLIC        ADC_RES
  B:00B8H.5       PUBLIC        PADC
  D:00B8H         PUBLIC        IP
  D:00DEH         PUBLIC        ADCCFG
  C:000EH         PUBLIC        _ADC_PowerControl
  D:00D8H         PUBLIC        CCON
  D:00BCH         PUBLIC        ADC_CONTR
  D:0098H         PUBLIC        SCON
BL51 BANKED LINKER/LOCATER V6.22.2.0                                                  12/05/2022  23:33:03  PAGE 17


  D:0088H         PUBLIC        TCON
  D:00F0H         PUBLIC        B
  D:00E0H         PUBLIC        ACC
  C:4433H         PUBLIC        _Get_ADCResult
  D:00BEH         PUBLIC        ADC_RESL
  D:00B7H         PUBLIC        IPH
  C:0026H         PUBLIC        ADC_int
  D:00D0H         PUBLIC        PSW
  -------         PROC          _ADC_INILIZE
  D:0001H         SYMBOL        ADCx
  C:3E84H         LINE#         23
  C:3E84H         LINE#         24
  C:3E84H         LINE#         25
  C:3E92H         LINE#         26
  C:3EA1H         LINE#         27
  C:3EA4H         LINE#         28
  C:3EB3H         LINE#         29
  C:3EB6H         LINE#         30
  C:3EC4H         LINE#         31
  C:3EC6H         LINE#         32
  C:3ED8H         LINE#         33
  C:3F01H         LINE#         35
  C:3F0DH         LINE#         36
  C:3F1DH         LINE#         37
  C:3F2DH         LINE#         38
  C:3F30H         LINE#         39
  C:3F47H         LINE#         40
  C:3F4AH         LINE#         41
  -------         ENDPROC       _ADC_INILIZE
  -------         PROC          _ADC_POWERCONTROL
  D:0007H         SYMBOL        pwr
  C:000EH         LINE#         51
  C:000EH         LINE#         52
  C:000EH         LINE#         53
  C:0017H         LINE#         54
  C:001AH         LINE#         55
  -------         ENDPROC       _ADC_POWERCONTROL
  -------         PROC          _GET_ADCRESULT
  D:0007H         SYMBOL        channel
  -------         DO            
  X:050BH         SYMBOL        adc
  D:0005H         SYMBOL        i
  -------         ENDDO         
  C:4433H         LINE#         64
  C:4433H         LINE#         65
  C:4433H         LINE#         69
  C:443FH         LINE#         70
  C:4442H         LINE#         71
  C:4444H         LINE#         73
  C:444DH         LINE#         74
  C:4457H         LINE#         76
  C:4463H         LINE#         77
  C:4463H         LINE#         78
  C:4468H         LINE#         79
  C:4468H         LINE#         80
  C:446BH         LINE#         81
  C:4472H         LINE#         82
BL51 BANKED LINKER/LOCATER V6.22.2.0                                                  12/05/2022  23:33:03  PAGE 18


  C:4472H         LINE#         83
  C:447DH         LINE#         84
  C:447FH         LINE#         86
  C:447FH         LINE#         88
  C:4487H         LINE#         89
  C:44A6H         LINE#         94
  C:44A6H         LINE#         95
  C:44AFH         LINE#         96
  C:44AFH         LINE#         97
  C:44B2H         LINE#         98
  C:44B6H         LINE#         99
  -------         ENDPROC       _GET_ADCRESULT
  -------         PROC          ADC_INT
  C:0026H         LINE#         109
  C:0026H         LINE#         111
  C:0029H         LINE#         112
  -------         ENDPROC       ADC_INT
  -------         ENDMOD        ADC

  -------         MODULE        MYTIMER
  C:0000H         SYMBOL        _ICE_DUMMY_
  D:0080H         PUBLIC        P0
  D:0090H         PUBLIC        P1
  C:45AAH         PUBLIC        timer0_int
  D:00A0H         PUBLIC        P2
  D:00B0H         PUBLIC        P3
  C:453AH         PUBLIC        timer2_int
  D:00C0H         PUBLIC        P4
  D:00C8H         PUBLIC        P5
  D:00E8H         PUBLIC        P6
  D:00F8H         PUBLIC        P7
  D:00A8H         PUBLIC        IE
  D:00B8H         PUBLIC        IP
  C:4B5CH         PUBLIC        My_Timer_Init
  D:00D8H         PUBLIC        CCON
  D:0098H         PUBLIC        SCON
  D:0088H         PUBLIC        TCON
  X:05A5H         PUBLIC        sec
  D:00F0H         PUBLIC        B
  D:00E0H         PUBLIC        ACC
  C:48C3H         SYMBOL        MyTimer0_Init
  C:495CH         SYMBOL        MyTimer2_Init
  D:00D0H         PUBLIC        PSW
  -------         PROC          MYTIMER0_INIT
  -------         DO            
  X:050BH         SYMBOL        TIM_InitStructure
  -------         ENDDO         
  C:48C3H         LINE#         7
  C:48C3H         LINE#         8
  C:48C3H         LINE#         11
  C:48C8H         LINE#         12
  C:48CBH         LINE#         13
  C:48CDH         LINE#         14
  C:48D0H         LINE#         15
  C:48D2H         LINE#         16
  C:48D9H         LINE#         17
  C:48DCH         LINE#         18
BL51 BANKED LINKER/LOCATER V6.22.2.0                                                  12/05/2022  23:33:03  PAGE 19


  C:48EAH         LINE#         19
  -------         ENDPROC       MYTIMER0_INIT
  -------         PROC          MYTIMER2_INIT
  -------         DO            
  X:050BH         SYMBOL        TIM_InitStructure
  -------         ENDDO         
  C:495CH         LINE#         21
  C:495CH         LINE#         22
  C:495CH         LINE#         25
  C:4962H         LINE#         26
  C:4965H         LINE#         27
  C:4967H         LINE#         28
  C:496EH         LINE#         29
  C:4971H         LINE#         30
  C:497FH         LINE#         31
  -------         ENDPROC       MYTIMER2_INIT
  -------         PROC          MY_TIMER_INIT
  C:4B5CH         LINE#         33
  C:4B5CH         LINE#         34
  C:4B5CH         LINE#         35
  C:4B62H         LINE#         36
  C:4B65H         LINE#         37
  -------         ENDPROC       MY_TIMER_INIT
  -------         PROC          TIMER0_INT
  -------         DO            
  X:05A1H         SYMBOL        counter
  -------         ENDDO         
  C:45AAH         LINE#         44
  C:45C1H         LINE#         48
  C:45CFH         LINE#         49
  C:45EAH         LINE#         50
  C:45EEH         LINE#         51
  C:45F3H         LINE#         52
  C:45F3H         LINE#         53
  -------         ENDPROC       TIMER0_INT
  -------         PROC          TIMER2_INT
  -------         DO            
  X:05A3H         SYMBOL        counter
  -------         ENDDO         
  C:453AH         LINE#         57
  C:4551H         LINE#         61
  C:455FH         LINE#         62
  C:456EH         LINE#         63
  C:4572H         LINE#         64
  C:458FH         LINE#         65
  C:4595H         LINE#         66
  C:4595H         LINE#         67
  -------         ENDPROC       TIMER2_INT
  -------         ENDMOD        MYTIMER

  -------         MODULE        MYUART
  C:0000H         SYMBOL        _ICE_DUMMY_
  D:0080H         PUBLIC        P0
  D:0090H         PUBLIC        P1
  D:00A0H         PUBLIC        P2
  D:00B0H         PUBLIC        P3
  D:00C0H         PUBLIC        P4
BL51 BANKED LINKER/LOCATER V6.22.2.0                                                  12/05/2022  23:33:03  PAGE 20


  D:00C8H         PUBLIC        P5
  D:00E8H         PUBLIC        P6
  X:05A9H         PUBLIC        My_COM
  D:00F8H         PUBLIC        P7
  C:4AA0H         SYMBOL        UART_GPIO_Config
  D:00A8H         PUBLIC        IE
  X:05ACH         PUBLIC        My_RX_Buffer
  X:05AEH         PUBLIC        My_TX_Buffer
  D:00B8H         PUBLIC        IP
  B:0098H.0       PUBLIC        RI
  C:43ACH         PUBLIC        UART1_int
  B:0098H.1       PUBLIC        TI
  D:00D8H         PUBLIC        CCON
  D:0099H         PUBLIC        SBUF
  C:4B79H         PUBLIC        _My_PrintString
  D:0098H         PUBLIC        SCON
  D:0088H         PUBLIC        TCON
  C:4B76H         PUBLIC        _My_TX_write2buff
  D:00F0H         PUBLIC        B
  C:4325H         PUBLIC        My_UART_Echo
  D:00E0H         PUBLIC        ACC
  X:05B0H         PUBLIC        My_RX_Cnt
  C:4B06H         PUBLIC        My_UART_Init
  C:0066H         SYMBOL        UART1_Init
  D:00D0H         PUBLIC        PSW
  C:4B33H         PUBLIC        _putchar
  -------         PROC          _PUTCHAR
  X:0533H         SYMBOL        ch
  C:4B33H         LINE#         21
  C:4B38H         LINE#         22
  C:4B38H         LINE#         23
  C:4B3BH         LINE#         24
  C:4B40H         LINE#         25
  -------         ENDPROC       _PUTCHAR
  -------         PROC          UART_GPIO_CONFIG
  -------         DO            
  X:050BH         SYMBOL        GPIO_InitStructure
  -------         ENDDO         
  C:4AA0H         LINE#         28
  C:4AA0H         LINE#         29
  C:4AA0H         LINE#         32
  C:4AA6H         LINE#         33
  C:4AABH         LINE#         34
  -------         ENDPROC       UART_GPIO_CONFIG
  -------         PROC          UART1_INIT
  -------         DO            
  X:050BH         SYMBOL        COMx_InitStructure
  -------         ENDDO         
  C:0066H         LINE#         37
  C:0066H         LINE#         38
  C:0066H         LINE#         41
  C:006CH         LINE#         42
  C:0070H         LINE#         43
  C:0078H         LINE#         44
  C:007DH         LINE#         45
  C:0080H         LINE#         46
  C:0083H         LINE#         47
BL51 BANKED LINKER/LOCATER V6.22.2.0                                                  12/05/2022  23:33:03  PAGE 21


  C:0086H         LINE#         48
  C:0089H         LINE#         49
  C:008BH         LINE#         50
  -------         ENDPROC       UART1_INIT
  -------         PROC          MY_UART_INIT
  C:4B06H         LINE#         53
  C:4B06H         LINE#         54
  C:4B06H         LINE#         55
  C:4B09H         LINE#         56
  C:4B0CH         LINE#         58
  -------         ENDPROC       MY_UART_INIT
  -------         PROC          _MY_TX_WRITE2BUFF
  D:0007H         SYMBOL        dat
  C:4B76H         LINE#         62
  C:4B76H         LINE#         63
  C:4B76H         LINE#         64
  -------         ENDPROC       _MY_TX_WRITE2BUFF
  -------         PROC          _MY_PRINTSTRING
  D:0001H         SYMBOL        puts
  C:4B79H         LINE#         67
  C:4B79H         LINE#         68
  C:4B79H         LINE#         69
  -------         ENDPROC       _MY_PRINTSTRING
  -------         PROC          MY_UART_ECHO
  -------         DO            
  X:05CBH         SYMBOL        i
  -------         ENDDO         
  C:4325H         LINE#         73
  C:4325H         LINE#         74
  C:4325H         LINE#         77
  C:433FH         LINE#         78
  C:433FH         LINE#         79
  C:4349H         LINE#         80
  C:4349H         LINE#         81
  C:4359H         LINE#         82
  C:4359H         LINE#         83
  C:435EH         LINE#         84
  C:4399H         LINE#         85
  C:43ABH         LINE#         86
  C:43ABH         LINE#         87
  C:43ABH         LINE#         88
  C:43ABH         LINE#         89
  -------         ENDPROC       MY_UART_ECHO
  -------         PROC          UART1_INT
  C:43ACH         LINE#         92
  C:43BBH         LINE#         94
  C:43BEH         LINE#         95
  C:43BEH         LINE#         96
  C:43C0H         LINE#         97
  C:43C6H         LINE#         98
  C:43C6H         LINE#         99
  C:43D5H         LINE#         100
  C:43E9H         LINE#         101
  C:43EFH         LINE#         102
  C:43EFH         LINE#         103
  C:43EFH         LINE#         105
  C:43F2H         LINE#         106
BL51 BANKED LINKER/LOCATER V6.22.2.0                                                  12/05/2022  23:33:03  PAGE 22


  C:43F2H         LINE#         107
  C:43F4H         LINE#         108
  C:4401H         LINE#         109
  C:4401H         LINE#         110
  C:440EH         LINE#         111
  C:441FH         LINE#         112
  C:4421H         LINE#         113
  C:4426H         LINE#         114
  C:4426H         LINE#         115
  -------         ENDPROC       UART1_INT
  -------         ENDMOD        MYUART

  -------         MODULE        MAIN
  C:0000H         SYMBOL        _ICE_DUMMY_
  C:4AF4H         PUBLIC        System_Init
  D:0080H         PUBLIC        P0
  D:0090H         PUBLIC        P1
  D:00A0H         PUBLIC        P2
  D:00B0H         PUBLIC        P3
  D:00C0H         PUBLIC        P4
  D:00C8H         PUBLIC        P5
  B:00A8H.7       PUBLIC        EA
  D:00E8H         PUBLIC        P6
  D:00F8H         PUBLIC        P7
  D:00A8H         PUBLIC        IE
  D:00B8H         PUBLIC        IP
  D:00D8H         PUBLIC        CCON
  C:3AC0H         PUBLIC        main
  B:0080H.0       PUBLIC        P00
  D:0098H         PUBLIC        SCON
  D:0088H         PUBLIC        TCON
  D:00F0H         PUBLIC        B
  D:00E0H         PUBLIC        ACC
  D:00D0H         PUBLIC        PSW
  -------         PROC          SYSTEM_INIT
  C:4AF4H         LINE#         5
  C:4AF4H         LINE#         6
  C:4AF4H         LINE#         7
  C:4AF7H         LINE#         8
  C:4AFAH         LINE#         9
  C:4AFDH         LINE#         10
  C:4B00H         LINE#         11
  C:4B03H         LINE#         13
  C:4B05H         LINE#         14
  -------         ENDPROC       SYSTEM_INIT
  -------         PROC          MAIN
  -------         DO            
  X:0507H         SYMBOL        EC11_A_Vol
  X:0509H         SYMBOL        EC11_B_Vol
  -------         ENDDO         
  C:3AC0H         LINE#         16
  C:3AC0H         LINE#         17
  C:3AC0H         LINE#         20
  C:3AC3H         LINE#         22
  C:3AC9H         LINE#         24
  C:3ADFH         LINE#         25
  C:3AE2H         LINE#         26
BL51 BANKED LINKER/LOCATER V6.22.2.0                                                  12/05/2022  23:33:03  PAGE 23


  C:3AF3H         LINE#         28
  C:3B0AH         LINE#         29
  C:3B21H         LINE#         31
  C:3B21H         LINE#         32
  C:3B21H         LINE#         33
  C:3B2EH         LINE#         34
  C:3B3BH         LINE#         35
  C:3B61H         LINE#         36
  C:3B87H         LINE#         37
  C:3B8EH         LINE#         38
  C:3B91H         LINE#         39
  C:3B96H         LINE#         40
  C:3B96H         LINE#         41
  C:3B9DH         LINE#         42
  C:3B9FH         LINE#         43
  C:3BB0H         LINE#         44
  C:3BB5H         LINE#         45
  C:3BB5H         LINE#         46
  -------         ENDPROC       MAIN
  -------         ENDMOD        MAIN

  -------         MODULE        MENU
  C:0000H         SYMBOL        _ICE_DUMMY_
  -------         ENDMOD        MENU

  -------         MODULE        MENU_LINK
  C:0000H         SYMBOL        _ICE_DUMMY_
  C:32E6H         PUBLIC        _insert_Menu
  C:36DFH         PUBLIC        _?find_Menu
  C:3BB8H         PUBLIC        _?traversal_Menu
  C:3526H         PUBLIC        _?find_parMenu
  C:2E48H         PUBLIC        _delete_Menu
  -------         PROC          _?TRAVERSAL_MENU
  x:0003H         SYMBOL        menu_Start
  -------         DO            
  x:0000H         SYMBOL        p
  -------         ENDDO         
  C:3BB8H         LINE#         26
  C:3BCCH         LINE#         28
  C:3BE7H         LINE#         30
  C:3BFBH         LINE#         31
  C:3C48H         LINE#         33
  C:3C78H         LINE#         34
  C:3CA8H         LINE#         35
  -------         ENDPROC       _?TRAVERSAL_MENU
  -------         PROC          L?0072
  -------         ENDPROC       L?0072
  -------         PROC          _?FIND_MENU
  x:0006H         SYMBOL        menu_Start
  x:0009H         SYMBOL        menu_Target
  -------         DO            
  x:0000H         SYMBOL        p
  x:0003H         SYMBOL        q
  -------         ENDDO         
  C:36DFH         LINE#         48
  C:36F3H         LINE#         50
  C:370EH         LINE#         51
BL51 BANKED LINKER/LOCATER V6.22.2.0                                                  12/05/2022  23:33:03  PAGE 24


  C:3722H         LINE#         53
  C:3739H         LINE#         54
  C:3770H         LINE#         56
  C:37A0H         LINE#         58
  C:37A3H         LINE#         60
  C:37FDH         LINE#         61
  C:3810H         LINE#         62
  C:386AH         LINE#         63
  C:3878H         LINE#         64
  -------         ENDPROC       _?FIND_MENU
  -------         PROC          _?FIND_PARMENU
  x:0006H         SYMBOL        menu_Start
  x:0009H         SYMBOL        subMenu
  -------         DO            
  x:0000H         SYMBOL        p
  x:0003H         SYMBOL        q
  -------         ENDDO         
  C:3526H         LINE#         77
  C:353AH         LINE#         79
  C:3555H         LINE#         80
  C:3569H         LINE#         82
  C:3580H         LINE#         83
  C:35B9H         LINE#         85
  C:35F9H         LINE#         88
  C:35F9H         LINE#         89
  C:35FCH         LINE#         90
  C:35FCH         LINE#         92
  C:3656H         LINE#         93
  C:3669H         LINE#         94
  C:36C3H         LINE#         95
  C:36D1H         LINE#         96
  -------         ENDPROC       _?FIND_PARMENU
  -------         PROC          _INSERT_MENU
  X:0534H         SYMBOL        menu_Start
  X:0537H         SYMBOL        menu_Insert
  -------         DO            
  X:053AH         SYMBOL        p
  X:055DH         SYMBOL        q
  -------         ENDDO         
  C:32E6H         LINE#         106
  C:32F1H         LINE#         107
  C:32F1H         LINE#         109
  C:32FAH         LINE#         110
  C:3310H         LINE#         111
  C:331AH         LINE#         113
  C:333FH         LINE#         114
  C:3350H         LINE#         115
  C:3362H         LINE#         116
  C:3381H         LINE#         117
  C:3381H         LINE#         118
  C:3384H         LINE#         119
  C:3394H         LINE#         120
  C:33BCH         LINE#         121
  C:33E5H         LINE#         122
  C:33E5H         LINE#         123
  C:33E5H         LINE#         124
  C:33EDH         LINE#         125
BL51 BANKED LINKER/LOCATER V6.22.2.0                                                  12/05/2022  23:33:03  PAGE 25


  C:341CH         LINE#         126
  C:3438H         LINE#         128
  C:3460H         LINE#         129
  C:3488H         LINE#         130
  C:34AAH         LINE#         131
  C:34C9H         LINE#         132
  C:34CBH         LINE#         133
  C:34EDH         LINE#         134
  C:350FH         LINE#         135
  C:350FH         LINE#         136
  C:350FH         LINE#         137
  C:351AH         LINE#         139
  C:3525H         LINE#         140
  -------         ENDPROC       _INSERT_MENU
  -------         PROC          _DELETE_MENU
  X:0598H         SYMBOL        menu_Start
  X:059BH         SYMBOL        menu_Delete
  -------         DO            
  X:059EH         SYMBOL        q
  -------         ENDDO         
  C:2E48H         LINE#         150
  C:2E53H         LINE#         151
  C:2E53H         LINE#         152
  C:2E5CH         LINE#         154
  C:2E86H         LINE#         155
  C:2EC9H         LINE#         156
  C:2EE2H         LINE#         157
  C:2F17H         LINE#         158
  C:2F33H         LINE#         160
  C:2F50H         LINE#         161
  C:2F6AH         LINE#         162
  C:2F6DH         LINE#         163
  C:2F6DH         LINE#         164
  C:2F9CH         LINE#         165
  C:2FBEH         LINE#         167
  C:2FECH         LINE#         168
  C:301AH         LINE#         169
  C:3037H         LINE#         170
  C:3054H         LINE#         171
  C:3054H         LINE#         172
  C:3056H         LINE#         173
  C:308DH         LINE#         174
  C:3094H         LINE#         176
  C:309FH         LINE#         177
  -------         ENDPROC       _DELETE_MENU
  -------         ENDMOD        MENU_LINK

  -------         MODULE        SCREEN
  C:0000H         SYMBOL        _ICE_DUMMY_
  D:0080H         PUBLIC        P0
  C:4AB6H         PUBLIC        OLED_Show_Hello
  D:0090H         PUBLIC        P1
  D:00A0H         PUBLIC        P2
  D:00B0H         PUBLIC        P3
  D:00C0H         PUBLIC        P4
  D:00C8H         PUBLIC        P5
  D:00E8H         PUBLIC        P6
BL51 BANKED LINKER/LOCATER V6.22.2.0                                                  12/05/2022  23:33:03  PAGE 26


  D:00F8H         PUBLIC        P7
  D:00A8H         PUBLIC        IE
  D:00B8H         PUBLIC        IP
  C:4980H         PUBLIC        OLED_Show_Freq
  D:00D8H         PUBLIC        CCON
  D:0098H         PUBLIC        SCON
  D:0088H         PUBLIC        TCON
  D:00F0H         PUBLIC        B
  D:00E0H         PUBLIC        ACC
  C:3F4BH         PUBLIC        _OLED_Refresh_Time
  X:05C7H         PUBLIC        OLED_Screen_Freq
  X:05C8H         PUBLIC        OLED_Event_Flag
  D:00D0H         PUBLIC        PSW
  -------         PROC          OLED_SHOW_HELLO
  C:4AB6H         LINE#         11
  C:4AB6H         LINE#         12
  C:4AB6H         LINE#         13
  -------         ENDPROC       OLED_SHOW_HELLO
  -------         PROC          OLED_SHOW_FREQ
  C:4980H         LINE#         16
  C:4980H         LINE#         17
  C:4980H         LINE#         18
  -------         ENDPROC       OLED_SHOW_FREQ
  -------         PROC          _OLED_REFRESH_TIME
  X:050BH         SYMBOL        sec
  -------         DO            
  X:050FH         SYMBOL        digital
  X:0510H         SYMBOL        temp
  -------         ENDDO         
  C:3F4BH         LINE#         23
  C:3F51H         LINE#         24
  C:3F51H         LINE#         25
  C:3F56H         LINE#         26
  C:3F6AH         LINE#         28
  C:3F6AH         LINE#         29
  C:3F87H         LINE#         30
  C:3F8DH         LINE#         31
  C:3F9FH         LINE#         33
  C:3FC4H         LINE#         34
  C:3FD5H         LINE#         35
  -------         ENDPROC       _OLED_REFRESH_TIME
  -------         ENDMOD        SCREEN

  -------         MODULE        OLED
  C:0000H         SYMBOL        _ICE_DUMMY_
  C:4B15H         PUBLIC        OLED_Display_On
  D:0080H         PUBLIC        P0
  D:0090H         PUBLIC        P1
  D:00A0H         PUBLIC        P2
  D:00B0H         PUBLIC        P3
  D:00C0H         PUBLIC        P4
  D:00C8H         PUBLIC        P5
  D:00E8H         PUBLIC        P6
  D:00F8H         PUBLIC        P7
  C:3CAEH         PUBLIC        _OLED_ShowBMP
  C:4B88H         SYMBOL        _OLED_WR_Byte_Cmd_Fast
  D:00A8H         PUBLIC        IE
BL51 BANKED LINKER/LOCATER V6.22.2.0                                                  12/05/2022  23:33:03  PAGE 27


  C:483EH         PUBLIC        _OLED_Fill
  C:4B85H         SYMBOL        _OLED_WR_Byte_Dat_Fast
  C:0E02H         PUBLIC        asc2_2412
  C:039EH         PUBLIC        asc2_1206
  C:4B68H         SYMBOL        _OLED_WR_Byte_Fast
  C:4608H         PUBLIC        _OLED_DrawCube
  D:00B8H         PUBLIC        IP
  C:0812H         PUBLIC        asc2_1608
  C:00A6H         PUBLIC        asc2_0808
  C:44B7H         PUBLIC        OLED_Init
  C:4B82H         SYMBOL        _OLED_WR_Byte_Cmd
  C:20E7H         PUBLIC        _OLED_DrawLine
  C:4B7FH         SYMBOL        _OLED_WR_Byte_Dat
  C:4012H         PUBLIC        _OLED_DrawPoint
  D:00D8H         PUBLIC        CCON
  C:40B5H         PUBLIC        _OLED_ShowString
  C:4B7CH         SYMBOL        _OLED_WR_Byte
  C:387EH         PUBLIC        _OLED_ShowChar
  C:4B8BH         SYMBOL        OLED_GPIO_Init
  X:0000H         PUBLIC        OLED_GRAM
  D:0098H         PUBLIC        SCON
  D:0088H         PUBLIC        TCON
  C:4663H         PUBLIC        _mypow
  D:00F0H         PUBLIC        B
  C:1B5EH         SYMBOL        _?ix1000
  C:49E0H         PUBLIC        OLED_Refresh_Gram
  D:00E0H         PUBLIC        ACC
  C:4296H         PUBLIC        _OLED_ShowNums
  C:39B9H         PUBLIC        _OLED_ShowNum
  C:3D9EH         PUBLIC        _OLED_ShowDecimal
  C:4B24H         PUBLIC        OLED_Display_Off
  C:4730H         PUBLIC        OLED_Clear
  D:00D0H         PUBLIC        PSW
  -------         PROC          _MYPOW
  X:0520H         SYMBOL        m
  X:0521H         SYMBOL        n
  -------         DO            
  X:0522H         SYMBOL        result
  -------         ENDDO         
  C:4663H         LINE#         24
  C:466BH         LINE#         25
  C:466BH         LINE#         26
  C:4673H         LINE#         27
  C:469DH         LINE#         28
  C:46ABH         LINE#         29
  -------         ENDPROC       _MYPOW
  -------         PROC          _OLED_WR_BYTE
  D:0007H         SYMBOL        dat
  D:0005H         SYMBOL        cmd
  C:4B7CH         LINE#         36
  C:4B7CH         LINE#         37
  C:4B7CH         LINE#         38
  -------         ENDPROC       _OLED_WR_BYTE
  -------         PROC          _OLED_WR_BYTE_DAT
  D:0007H         SYMBOL        dat
  C:4B7FH         LINE#         43
  C:4B7FH         LINE#         44
BL51 BANKED LINKER/LOCATER V6.22.2.0                                                  12/05/2022  23:33:03  PAGE 28


  C:4B7FH         LINE#         45
  -------         ENDPROC       _OLED_WR_BYTE_DAT
  -------         PROC          _OLED_WR_BYTE_CMD
  D:0007H         SYMBOL        cmd
  C:4B82H         LINE#         50
  C:4B82H         LINE#         51
  C:4B82H         LINE#         52
  -------         ENDPROC       _OLED_WR_BYTE_CMD
  -------         PROC          _OLED_WR_BYTE_FAST
  D:0001H         SYMBOL        buf
  D:0004H         SYMBOL        size
  X:05B6H         SYMBOL        cmd
  C:4B68H         LINE#         58
  C:4B68H         LINE#         59
  C:4B68H         LINE#         60
  -------         ENDPROC       _OLED_WR_BYTE_FAST
  -------         PROC          _OLED_WR_BYTE_DAT_FAST
  D:0001H         SYMBOL        Dat_Buf
  D:0004H         SYMBOL        size
  C:4B85H         LINE#         65
  C:4B85H         LINE#         66
  C:4B85H         LINE#         67
  -------         ENDPROC       _OLED_WR_BYTE_DAT_FAST
  -------         PROC          _OLED_WR_BYTE_CMD_FAST
  D:0001H         SYMBOL        Cmd_Buf
  D:0004H         SYMBOL        size
  C:4B88H         LINE#         72
  C:4B88H         LINE#         73
  C:4B88H         LINE#         74
  -------         ENDPROC       _OLED_WR_BYTE_CMD_FAST
  -------         PROC          OLED_REFRESH_GRAM
  C:49E0H         LINE#         78
  C:49E0H         LINE#         79
  C:49E0H         LINE#         80
  C:49E5H         LINE#         81
  C:49EAH         LINE#         82
  C:49EFH         LINE#         83
  -------         ENDPROC       OLED_REFRESH_GRAM
  -------         PROC          OLED_DISPLAY_ON
  C:4B15H         LINE#         87
  C:4B15H         LINE#         88
  C:4B15H         LINE#         89
  C:4B1AH         LINE#         90
  C:4B1FH         LINE#         91
  -------         ENDPROC       OLED_DISPLAY_ON
  -------         PROC          OLED_DISPLAY_OFF
  C:4B24H         LINE#         95
  C:4B24H         LINE#         96
  C:4B24H         LINE#         97
  C:4B29H         LINE#         98
  C:4B2EH         LINE#         99
  -------         ENDPROC       OLED_DISPLAY_OFF
  -------         PROC          OLED_CLEAR
  -------         DO            
  D:0007H         SYMBOL        i
  D:0006H         SYMBOL        n
  -------         ENDDO         
BL51 BANKED LINKER/LOCATER V6.22.2.0                                                  12/05/2022  23:33:03  PAGE 29


  C:4730H         LINE#         103
  C:4730H         LINE#         104
  C:4730H         LINE#         106
  C:4769H         LINE#         107
  -------         ENDPROC       OLED_CLEAR
  C:400CH         SYMBOL        L?0172
  -------         PROC          L?0171
  -------         ENDPROC       L?0171
  C:400CH         SYMBOL        L?0172
  -------         PROC          _OLED_DRAWPOINT
  D:0007H         SYMBOL        x
  D:0005H         SYMBOL        y
  D:0003H         SYMBOL        mode
  -------         DO            
  X:0528H         SYMBOL        pos
  D:0006H         SYMBOL        bx
  X:0529H         SYMBOL        temp
  -------         ENDDO         
  C:4012H         LINE#         111
  C:4012H         LINE#         112
  C:4012H         LINE#         113
  C:4017H         LINE#         114
  C:4030H         LINE#         115
  C:403FH         LINE#         116
  C:4043H         LINE#         117
  C:4056H         LINE#         118
  C:4086H         LINE#         119
  C:40B4H         LINE#         123
  -------         ENDPROC       _OLED_DRAWPOINT
  C:20DEH         SYMBOL        L?0174
  -------         PROC          L?0173
  -------         ENDPROC       L?0173
  C:20DEH         SYMBOL        L?0174
  -------         PROC          _OLED_DRAWLINE
  X:0560H         SYMBOL        x1
  X:0561H         SYMBOL        y1
  X:0562H         SYMBOL        x2
  X:0563H         SYMBOL        y2
  X:0564H         SYMBOL        mode
  -------         DO            
  X:0565H         SYMBOL        dx
  X:0567H         SYMBOL        dy
  X:0569H         SYMBOL        p
  D:0004H         SYMBOL        Point_Position_Inverse_Flag
  X:056DH         SYMBOL        incrE
  X:056FH         SYMBOL        incrNE
  X:0571H         SYMBOL        d
  X:0573H         SYMBOL        temp
  -------         ENDDO         
  C:20E7H         LINE#         128
  C:20F3H         LINE#         129
  C:20F3H         LINE#         131
  C:2113H         LINE#         132
  C:2126H         LINE#         133
  C:2128H         LINE#         137
  C:2132H         LINE#         138
  C:2132H         LINE#         139
BL51 BANKED LINKER/LOCATER V6.22.2.0                                                  12/05/2022  23:33:03  PAGE 30


  C:213DH         LINE#         140
  C:213DH         LINE#         141
  C:214FH         LINE#         142
  C:216EH         LINE#         143
  C:216EH         LINE#         144
  C:218DH         LINE#         145
  C:21A5H         LINE#         146
  C:21A5H         LINE#         147
  C:21B2H         LINE#         148
  C:21B2H         LINE#         149
  C:21BDH         LINE#         150
  C:21BDH         LINE#         151
  C:21CFH         LINE#         152
  C:21EEH         LINE#         153
  C:21EEH         LINE#         154
  C:220DH         LINE#         155
  C:222FH         LINE#         156
  C:222FH         LINE#         158
  C:222FH         LINE#         161
  C:2258H         LINE#         162
  C:2278H         LINE#         163
  C:2278H         LINE#         164
  C:227CH         LINE#         165
  C:2289H         LINE#         166
  C:2293H         LINE#         167
  C:2296H         LINE#         168
  C:22ACH         LINE#         169
  C:22ACH         LINE#         170
  C:22B0H         LINE#         171
  C:22D8H         LINE#         172
  C:22F7H         LINE#         173
  C:2314H         LINE#         174
  C:2316H         LINE#         175
  C:2336H         LINE#         176
  C:2336H         LINE#         177
  C:233AH         LINE#         178
  C:2346H         LINE#         179
  C:2356H         LINE#         180
  C:2356H         LINE#         182
  C:2371H         LINE#         183
  C:2371H         LINE#         184
  C:2375H         LINE#         185
  C:2386H         LINE#         186
  C:2398H         LINE#         187
  C:23A9H         LINE#         188
  C:23CFH         LINE#         189
  C:23CFH         LINE#         191
  C:23FFH         LINE#         192
  C:2421H         LINE#         194
  C:242FH         LINE#         196
  C:245BH         LINE#         197
  C:245BH         LINE#         198
  C:2466H         LINE#         199
  C:2469H         LINE#         200
  C:246BH         LINE#         201
  C:2479H         LINE#         202
  C:248DH         LINE#         203
BL51 BANKED LINKER/LOCATER V6.22.2.0                                                  12/05/2022  23:33:03  PAGE 31


  C:248DH         LINE#         209
  C:24A3H         LINE#         210
  C:24A3H         LINE#         211
  C:24A3H         LINE#         212
  C:24A3H         LINE#         213
  C:24A7H         LINE#         214
  C:24B8H         LINE#         216
  C:24C7H         LINE#         217
  C:24C9H         LINE#         218
  C:24C9H         LINE#         219
  C:24CDH         LINE#         220
  C:24DEH         LINE#         222
  C:24F6H         LINE#         223
  C:24F8H         LINE#         224
  C:24F8H         LINE#         225
  C:24FCH         LINE#         226
  C:250EH         LINE#         228
  C:2529H         LINE#         229
  C:2529H         LINE#         230
  C:2529H         LINE#         231
  C:2529H         LINE#         232
  C:253AH         LINE#         233
  C:253AH         LINE#         268
  -------         ENDPROC       _OLED_DRAWLINE
  -------         PROC          _OLED_DRAWCUBE
  X:05BDH         SYMBOL        x1
  X:05BEH         SYMBOL        y1
  X:05BFH         SYMBOL        x2
  X:05C0H         SYMBOL        y2
  X:05C1H         SYMBOL        mode
  C:4608H         LINE#         271
  C:4617H         LINE#         272
  C:4617H         LINE#         273
  C:461FH         LINE#         274
  C:4635H         LINE#         275
  C:4645H         LINE#         276
  -------         ENDPROC       _OLED_DRAWCUBE
  -------         PROC          _OLED_SHOWBMP
  D:0007H         SYMBOL        x
  X:0583H         SYMBOL        y
  X:0584H         SYMBOL        p
  X:0587H         SYMBOL        width
  X:0588H         SYMBOL        height
  X:0589H         SYMBOL        mode
  -------         DO            
  X:058AH         SYMBOL        u_x
  X:058BH         SYMBOL        u_y
  D:0004H         SYMBOL        temp
  X:058CH         SYMBOL        csize
  X:058DH         SYMBOL        i
  D:0002H         SYMBOL        j
  -------         ENDDO         
  C:3CAEH         LINE#         282
  C:3CBCH         LINE#         283
  C:3CBCH         LINE#         289
  C:3CD9H         LINE#         290
  C:3CE1H         LINE#         291
BL51 BANKED LINKER/LOCATER V6.22.2.0                                                  12/05/2022  23:33:03  PAGE 32


  C:3D07H         LINE#         292
  C:3D18H         LINE#         293
  C:3D18H         LINE#         294
  C:3D27H         LINE#         295
  C:3D33H         LINE#         296
  C:3D33H         LINE#         297
  C:3D5DH         LINE#         298
  C:3D61H         LINE#         299
  C:3D67H         LINE#         300
  C:3D7AH         LINE#         301
  C:3D7AH         LINE#         302
  C:3D7FH         LINE#         303
  C:3D85H         LINE#         304
  C:3D87H         LINE#         305
  C:3D87H         LINE#         306
  C:3D8AH         LINE#         307
  C:3D94H         LINE#         308
  C:3D9DH         LINE#         309
  -------         ENDPROC       _OLED_SHOWBMP
  -------         PROC          _OLED_FILL
  D:0007H         SYMBOL        x1
  X:0515H         SYMBOL        y1
  D:0001H         SYMBOL        x2
  X:0517H         SYMBOL        y2
  X:0518H         SYMBOL        mode
  -------         DO            
  D:0004H         SYMBOL        x
  D:0002H         SYMBOL        y
  -------         ENDDO         
  C:483EH         LINE#         312
  C:4845H         LINE#         313
  C:4845H         LINE#         315
  C:484CH         LINE#         316
  C:484CH         LINE#         317
  C:4868H         LINE#         318
  C:486BH         LINE#         319
  -------         ENDPROC       _OLED_FILL
  -------         PROC          _OLED_SHOWCHAR
  X:0520H         SYMBOL        x
  D:0001H         SYMBOL        y
  X:0522H         SYMBOL        chr
  X:0523H         SYMBOL        size
  X:0524H         SYMBOL        mode
  -------         DO            
  X:0525H         SYMBOL        temp
  D:0004H         SYMBOL        t
  D:0002H         SYMBOL        t1
  X:0526H         SYMBOL        y0
  X:0527H         SYMBOL        csize
  -------         ENDDO         
  C:387EH         LINE#         322
  C:388AH         LINE#         323
  C:388AH         LINE#         325
  C:388FH         LINE#         327
  C:389FH         LINE#         328
  C:38C7H         LINE#         329
  C:38CEH         LINE#         330
BL51 BANKED LINKER/LOCATER V6.22.2.0                                                  12/05/2022  23:33:03  PAGE 33


  C:38DDH         LINE#         331
  C:38DDH         LINE#         332
  C:38FAH         LINE#         333
  C:3912H         LINE#         334
  C:392FH         LINE#         335
  C:395AH         LINE#         337
  C:3966H         LINE#         338
  C:3966H         LINE#         339
  C:397BH         LINE#         340
  C:3991H         LINE#         341
  C:3998H         LINE#         342
  C:3999H         LINE#         343
  C:39A7H         LINE#         344
  C:39A7H         LINE#         345
  C:39A9H         LINE#         346
  C:39AFH         LINE#         347
  C:39B1H         LINE#         348
  C:39B1H         LINE#         349
  C:39B4H         LINE#         350
  C:39B8H         LINE#         351
  -------         ENDPROC       _OLED_SHOWCHAR
  -------         PROC          _OLED_SHOWNUM
  X:0514H         SYMBOL        x
  X:0515H         SYMBOL        y
  X:0516H         SYMBOL        num
  X:051AH         SYMBOL        len
  X:051BH         SYMBOL        size
  X:051CH         SYMBOL        mode
  -------         DO            
  X:051DH         SYMBOL        t
  X:051EH         SYMBOL        temp
  X:051FH         SYMBOL        enshow
  -------         ENDDO         
  C:39B9H         LINE#         354
  C:39C1H         LINE#         355
  C:39C1H         LINE#         357
  C:39C6H         LINE#         358
  C:39DBH         LINE#         359
  C:39DBH         LINE#         360
  C:3A0CH         LINE#         361
  C:3A1FH         LINE#         362
  C:3A1FH         LINE#         363
  C:3A23H         LINE#         364
  C:3A23H         LINE#         365
  C:3A40H         LINE#         366
  C:3A6AH         LINE#         367
  C:3A6CH         LINE#         368
  C:3A72H         LINE#         370
[...]
  C:4500H         LINE#         459
  C:4505H         LINE#         460
  C:450AH         LINE#         462
  C:450FH         LINE#         463
  C:4514H         LINE#         464
  C:4519H         LINE#         465
  C:451EH         LINE#         466
  C:4523H         LINE#         467
  C:4528H         LINE#         469
  C:452DH         LINE#         470
  C:4532H         LINE#         471
  C:4537H         LINE#         473
  -------         ENDPROC       OLED_INIT
  -------         ENDMOD        OLED

  -------         MODULE        LED
  C:0000H         SYMBOL        _ICE_DUMMY_
  D:0080H         PUBLIC        P0
  D:0090H         PUBLIC        P1
  D:00A0H         PUBLIC        P2
  D:00B0H         PUBLIC        P3
  D:00C0H         PUBLIC        P4
  D:00C8H         PUBLIC        P5
  D:00E8H         PUBLIC        P6
  D:00F8H         PUBLIC        P7
  D:00A8H         PUBLIC        IE
  D:00B8H         PUBLIC        IP
  C:4A15H         SYMBOL        LED_GPIO_Config
  D:00D8H         PUBLIC        CCON
  B:0080H.0       PUBLIC        P00
BL51 BANKED LINKER/LOCATER V6.22.2.0                                                  12/05/2022  23:33:03  PAGE 36


  B:0080H.1       PUBLIC        P01
  D:0098H         PUBLIC        SCON
  D:0088H         PUBLIC        TCON
  D:00F0H         PUBLIC        B
  D:00E0H         PUBLIC        ACC
  C:4B8EH         PUBLIC        LED_Init
  D:00D0H         PUBLIC        PSW
  -------         PROC          LED_GPIO_CONFIG
  -------         DO            
  X:050BH         SYMBOL        GPIO_InitStructure
  -------         ENDDO         
  C:4A15H         LINE#         3
  C:4A15H         LINE#         4
  C:4A15H         LINE#         7
  C:4A1BH         LINE#         8
  C:4A1DH         LINE#         9
  C:4A28H         LINE#         12
  C:4A2CH         LINE#         13
  -------         ENDPROC       LED_GPIO_CONFIG
  -------         PROC          LED_INIT
  C:4B8EH         LINE#         15
  C:4B8EH         LINE#         16
  C:4B8EH         LINE#         17
  -------         ENDPROC       LED_INIT
  -------         ENDMOD        LED

  -------         MODULE        EC11
  C:0000H         SYMBOL        _ICE_DUMMY_
  D:0080H         PUBLIC        P0
  D:0090H         PUBLIC        P1
  D:00A0H         PUBLIC        P2
  D:00B0H         PUBLIC        P3
  D:00C0H         PUBLIC        P4
  D:00C8H         PUBLIC        P5
  D:00E8H         PUBLIC        P6
  D:00F8H         PUBLIC        P7
  D:00BAH         PUBLIC        P_SW2
  D:00A8H         PUBLIC        IE
  D:00B8H         PUBLIC        IP
  D:00D8H         PUBLIC        CCON
  D:0098H         PUBLIC        SCON
  D:0088H         PUBLIC        TCON
  C:46F2H         SYMBOL        EC11_GPIO_Config
  C:4B91H         PUBLIC        _EC11_GetADCResult
  D:00F0H         PUBLIC        B
  D:00E0H         PUBLIC        ACC
  C:002EH         SYMBOL        EC11_ADC_Config
  C:0003H         PUBLIC        EC11_Init
  C:4A89H         PUBLIC        _EC11_ADC_PowerControl
  D:00D0H         PUBLIC        PSW
  -------         PROC          EC11_GPIO_CONFIG
  -------         DO            
  X:050BH         SYMBOL        GPIO_InitStructure
  -------         ENDDO         
  C:46F2H         LINE#         5
  C:46F2H         LINE#         6
  C:46F2H         LINE#         9
BL51 BANKED LINKER/LOCATER V6.22.2.0                                                  12/05/2022  23:33:03  PAGE 37


  C:46F8H         LINE#         10
  C:46FAH         LINE#         11
  C:4703H         LINE#         13
  C:4709H         LINE#         14
  C:470CH         LINE#         15
  C:4717H         LINE#         17
  C:4717H         LINE#         18
  C:471DH         LINE#         19
  C:4721H         LINE#         20
  C:472CH         LINE#         21
  C:472FH         LINE#         22
  C:472FH         LINE#         23
  -------         ENDPROC       EC11_GPIO_CONFIG
  -------         PROC          EC11_ADC_CONFIG
  -------         DO            
  X:050BH         SYMBOL        ADC_InitStructure
  -------         ENDDO         
  C:002EH         LINE#         25
  C:002EH         LINE#         26
  C:002EH         LINE#         29
  C:0034H         LINE#         30
  C:0037H         LINE#         31
  C:003AH         LINE#         32
  C:003CH         LINE#         33
  C:003EH         LINE#         34
  C:0040H         LINE#         35
  C:0043H         LINE#         36
  C:0046H         LINE#         37
  C:004EH         LINE#         39
  C:0055H         LINE#         41
  C:0058H         LINE#         42
  C:005EH         LINE#         43
  C:0061H         LINE#         44
  -------         ENDPROC       EC11_ADC_CONFIG
  -------         PROC          EC11_INIT
  C:0003H         LINE#         46
  C:0003H         LINE#         47
  C:0003H         LINE#         48
  C:0006H         LINE#         49
  -------         ENDPROC       EC11_INIT
  -------         PROC          _EC11_ADC_POWERCONTROL
  X:05CCH         SYMBOL        pwr
  C:4A89H         LINE#         52
  C:4A8EH         LINE#         53
  C:4A8EH         LINE#         54
  C:4A91H         LINE#         55
  C:4A9FH         LINE#         56
  -------         ENDPROC       _EC11_ADC_POWERCONTROL
  -------         PROC          _EC11_GETADCRESULT
  D:0007H         SYMBOL        channel
  C:4B91H         LINE#         58
  C:4B91H         LINE#         59
  C:4B91H         LINE#         60
  -------         ENDPROC       _EC11_GETADCRESULT
  -------         ENDMOD        EC11

  -------         MODULE        IIC
BL51 BANKED LINKER/LOCATER V6.22.2.0                                                  12/05/2022  23:33:03  PAGE 38


  C:0000H         SYMBOL        _ICE_DUMMY_
  D:0080H         PUBLIC        P0
  D:0090H         PUBLIC        P1
  D:00A0H         PUBLIC        P2
  D:00B0H         PUBLIC        P3
  D:00C0H         PUBLIC        P4
  D:00C8H         PUBLIC        P5
  D:00E8H         PUBLIC        P6
  D:00F8H         PUBLIC        P7
  D:00A8H         PUBLIC        IE
  D:00B8H         PUBLIC        IP
  C:4ACCH         PUBLIC        IIC_GPIO_Config
  D:00D8H         PUBLIC        CCON
  D:0098H         PUBLIC        SCON
  D:0088H         PUBLIC        TCON
  B:00A0H.4       PUBLIC        P24
  B:00A0H.5       PUBLIC        P25
  C:4878H         SYMBOL        _IIC_Send_Byte
  C:47A8H         PUBLIC        _IIC_WR_Byte_Cmd_Fast
  C:49A4H         SYMBOL        IIC_Wait_Ack
  D:00F0H         PUBLIC        B
  C:476CH         PUBLIC        _IIC_WR_Byte_Dat_Fast
  C:46ACH         PUBLIC        _IIC_WR_Byte_Fast
  C:4A0AH         SYMBOL        IIC_Start
  D:00E0H         PUBLIC        ACC
  C:4911H         PUBLIC        _IIC_WR_Byte_Cmd
  C:48EBH         PUBLIC        _IIC_WR_Byte_Dat
  C:47E1H         PUBLIC        _IIC_WR_Byte
  C:4B41H         SYMBOL        IIC_Stop
  D:00D0H         PUBLIC        PSW
  -------         PROC          IIC_GPIO_CONFIG
  -------         DO            
  X:050BH         SYMBOL        GPIO_InitStructure
  -------         ENDDO         
  C:4ACCH         LINE#         18
  C:4ACCH         LINE#         19
  C:4ACCH         LINE#         22
  C:4AD2H         LINE#         23
  C:4AD6H         LINE#         24
  -------         ENDPROC       IIC_GPIO_CONFIG
  -------         PROC          _IIC_WR_BYTE
  X:05C9H         SYMBOL        dat
  X:05CAH         SYMBOL        cmd
  C:47E1H         LINE#         29
  C:47E5H         LINE#         30
  C:47E5H         LINE#         31
  C:47E8H         LINE#         32
  C:47EDH         LINE#         33
  C:47F0H         LINE#         34
  C:47F6H         LINE#         35
  C:47F6H         LINE#         36
  C:47F8H         LINE#         37
  C:47FAH         LINE#         39
  C:47FAH         LINE#         40
  C:47FFH         LINE#         41
  C:47FFH         LINE#         42
  C:4802H         LINE#         43
BL51 BANKED LINKER/LOCATER V6.22.2.0                                                  12/05/2022  23:33:03  PAGE 39


  C:480AH         LINE#         44
  C:480DH         LINE#         45
  -------         ENDPROC       _IIC_WR_BYTE
  -------         PROC          _IIC_WR_BYTE_DAT
  X:05CDH         SYMBOL        dat
  C:48EBH         LINE#         48
  C:48F0H         LINE#         49
  C:48F0H         LINE#         50
  C:48F3H         LINE#         51
  C:48F8H         LINE#         52
  C:48FBH         LINE#         53
  C:4900H         LINE#         54
  C:4903H         LINE#         55
  C:490BH         LINE#         56
  C:490EH         LINE#         57
  -------         ENDPROC       _IIC_WR_BYTE_DAT
  -------         PROC          _IIC_WR_BYTE_CMD
  X:0512H         SYMBOL        cmd
  C:4911H         LINE#         60
  C:4916H         LINE#         61
  C:4916H         LINE#         62
  C:4919H         LINE#         63
  C:491EH         LINE#         64
  C:4921H         LINE#         65
  C:4926H         LINE#         66
  C:4929H         LINE#         67
  C:4931H         LINE#         68
  C:4934H         LINE#         69
  -------         ENDPROC       _IIC_WR_BYTE_CMD
  -------         PROC          _IIC_WR_BYTE_FAST
  X:05B7H         SYMBOL        buf
  X:05BAH         SYMBOL        size
  X:05BCH         SYMBOL        cmd
  C:46ACH         LINE#         78
  C:46AFH         LINE#         79
  C:46AFH         LINE#         80
  C:46B2H         LINE#         81
  C:46B7H         LINE#         82
  C:46BAH         LINE#         83
  C:46C0H         LINE#         84
  C:46C0H         LINE#         85
  C:46C2H         LINE#         86
  C:46C4H         LINE#         88
  C:46C4H         LINE#         89
  C:46C9H         LINE#         90
  C:46C9H         LINE#         91
  C:46CCH         LINE#         92
  C:46DAH         LINE#         93
  C:46E0H         LINE#         94
  C:46E3H         LINE#         95
  C:46EDH         LINE#         96
  C:46EFH         LINE#         97
  -------         ENDPROC       _IIC_WR_BYTE_FAST
  -------         PROC          _IIC_WR_BYTE_DAT_FAST
  X:0512H         SYMBOL        Dat_Buf
  X:0515H         SYMBOL        size
  C:476CH         LINE#         105
BL51 BANKED LINKER/LOCATER V6.22.2.0                                                  12/05/2022  23:33:03  PAGE 40


  C:476FH         LINE#         106
  C:476FH         LINE#         107
  C:4772H         LINE#         108
  C:4777H         LINE#         109
  C:477AH         LINE#         110
  C:477FH         LINE#         111
  C:4782H         LINE#         112
  C:4790H         LINE#         113
  C:4796H         LINE#         114
  C:4799H         LINE#         115
  C:47A3H         LINE#         116
  C:47A5H         LINE#         117
  -------         ENDPROC       _IIC_WR_BYTE_DAT_FAST
  -------         PROC          _IIC_WR_BYTE_CMD_FAST
  X:05C2H         SYMBOL        Cmd_Buf
  X:05C5H         SYMBOL        size
  C:47A8H         LINE#         126
  C:47ABH         LINE#         127
  C:47ABH         LINE#         128
  C:47AEH         LINE#         129
  C:47B3H         LINE#         130
  C:47B6H         LINE#         131
  C:47B7H         LINE#         132
  C:47B9H         LINE#         133
  C:47C7H         LINE#         134
  C:47D9H         LINE#         135
  C:47DCH         LINE#         136
  C:47DEH         LINE#         137
  -------         ENDPROC       _IIC_WR_BYTE_CMD_FAST
  C:49FCH         SYMBOL        L?0032
  C:4A06H         SYMBOL        L?0033
  -------         PROC          L?0031
  -------         ENDPROC       L?0031
  C:49FCH         SYMBOL        L?0032
  C:4A06H         SYMBOL        L?0033
  -------         PROC          IIC_START
  C:4A0AH         LINE#         143
  C:4A0AH         LINE#         144
  C:4A0AH         LINE#         145
  C:4A0CH         LINE#         146
  C:4A0EH         LINE#         147
  C:4A0FH         LINE#         148
  C:4A11H         LINE#         149
  C:4A12H         LINE#         150
  C:4A14H         LINE#         151
  -------         ENDPROC       IIC_START
  -------         PROC          IIC_STOP
  C:4B41H         LINE#         154
  C:4B41H         LINE#         155
  C:4B41H         LINE#         156
  C:4B43H         LINE#         157
  C:4B45H         LINE#         158
  C:4B46H         LINE#         159
  C:4B48H         LINE#         160
  -------         ENDPROC       IIC_STOP
  -------         PROC          IIC_WAIT_ACK
  -------         DO            
BL51 BANKED LINKER/LOCATER V6.22.2.0                                                  12/05/2022  23:33:03  PAGE 41


  D:0007H         SYMBOL        ucErrTime
  -------         ENDDO         
  C:49A4H         LINE#         164
  C:49A4H         LINE#         165
  C:49A4H         LINE#         166
  C:49A6H         LINE#         167
  C:49A8H         LINE#         168
  C:49AAH         LINE#         169
  C:49ABH         LINE#         170
  C:49AEH         LINE#         171
  C:49AEH         LINE#         172
  C:49AFH         LINE#         173
  C:49B9H         LINE#         174
  C:49B9H         LINE#         175
  C:49BCH         LINE#         176
  C:49BFH         LINE#         177
  C:49BFH         LINE#         178
  C:49BFH         LINE#         179
  C:49C1H         LINE#         180
  C:49C3H         LINE#         181
  -------         ENDPROC       IIC_WAIT_ACK
  -------         PROC          L?0034
  -------         ENDPROC       L?0034
  -------         PROC          _IIC_SEND_BYTE
  D:0007H         SYMBOL        txd
  -------         DO            
  D:0006H         SYMBOL        t
  -------         ENDDO         
  C:4878H         LINE#         184
  C:4878H         LINE#         185
  C:4878H         LINE#         188
  C:4884H         LINE#         189
  C:4884H         LINE#         190
  C:4888H         LINE#         191
  C:488CH         LINE#         192
  C:488EH         LINE#         193
  C:4892H         LINE#         194
  C:4894H         LINE#         195
  C:4897H         LINE#         196
  -------         ENDPROC       _IIC_SEND_BYTE
  -------         ENDMOD        IIC

  -------         MODULE        ?C?COPY
  C:1C32H         PUBLIC        ?C?COPY
  -------         ENDMOD        ?C?COPY

  -------         MODULE        ?C?CLDPTR
  C:1C58H         PUBLIC        ?C?CLDPTR
  -------         ENDMOD        ?C?CLDPTR

  -------         MODULE        ?C?CLDOPTR
  C:1C71H         PUBLIC        ?C?CLDOPTR
  -------         ENDMOD        ?C?CLDOPTR

  -------         MODULE        ?C?CILDOPTR
  C:1C9EH         PUBLIC        ?C?CILDOPTR
  -------         ENDMOD        ?C?CILDOPTR
BL51 BANKED LINKER/LOCATER V6.22.2.0                                                  12/05/2022  23:33:03  PAGE 42



  -------         MODULE        ?C?CSTOPTR
  C:1CD1H         PUBLIC        ?C?CSTOPTR
  -------         ENDMOD        ?C?CSTOPTR

  -------         MODULE        ?C?UIDIV
  C:1CF3H         PUBLIC        ?C?UIDIV
  -------         ENDMOD        ?C?UIDIV

  -------         MODULE        ?C?IILDX
  C:1D48H         PUBLIC        ?C?IILDX
  -------         ENDMOD        ?C?IILDX

  -------         MODULE        ?C?ILDIX
  C:1D5EH         PUBLIC        ?C?ILDIX
  -------         ENDMOD        ?C?ILDIX

  -------         MODULE        ?C?ILDOPTR
  C:1D74H         PUBLIC        ?C?ILDOPTR
  -------         ENDMOD        ?C?ILDOPTR

  -------         MODULE        ?C?LMUL
  C:1DACH         PUBLIC        ?C?LMUL
  -------         ENDMOD        ?C?LMUL

  -------         MODULE        ?C?ULDIV
  C:1E37H         PUBLIC        ?C?ULDIV
  -------         ENDMOD        ?C?ULDIV

  -------         MODULE        ?C?ULCMP
  C:1EC9H         PUBLIC        ?C?ULCMP
  -------         ENDMOD        ?C?ULCMP

  -------         MODULE        ?C?ULSHR
  C:1EDAH         PUBLIC        ?C?ULSHR
  -------         ENDMOD        ?C?ULSHR

  -------         MODULE        ?C?LLDOPTR0
  C:1EEDH         PUBLIC        ?C?LLDOPTR0
  -------         ENDMOD        ?C?LLDOPTR0

  -------         MODULE        ?C?LSTXDATA
  C:1F1DH         PUBLIC        ?C?LSTXDATA
  -------         ENDMOD        ?C?LSTXDATA

  -------         MODULE        ?C?LSTKXDATA
  C:1F29H         PUBLIC        ?C?LSTKXDATA
  -------         ENDMOD        ?C?LSTKXDATA

  -------         MODULE        ?C?PLDOPTR
  C:1F5AH         PUBLIC        ?C?PLDOPTR
  -------         ENDMOD        ?C?PLDOPTR

  -------         MODULE        ?C?PSTOPTR
  C:1F8AH         PUBLIC        ?C?PSTOPTR
  -------         ENDMOD        ?C?PSTOPTR

BL51 BANKED LINKER/LOCATER V6.22.2.0                                                  12/05/2022  23:33:03  PAGE 43


  -------         MODULE        ?C_XBP
  D:000DH         PUBLIC        ?C_XBP
  -------         ENDMOD        ?C_XBP

  -------         MODULE        ?C?ADDXBP
  C:1FE3H         PUBLIC        ?C?ADDXBP
  -------         ENDMOD        ?C?ADDXBP

  -------         MODULE        ?C?XBPOFF
  C:2007H         PUBLIC        ?C?XBPOFF
  -------         ENDMOD        ?C?XBPOFF

  -------         MODULE        PRINTF
  X:050BH         PUBLIC        ?_PRINTF517?BYTE
  X:050BH         PUBLIC        ?_PRINTF?BYTE
  X:050BH         PUBLIC        ?_SPRINTF517?BYTE
  X:050BH         PUBLIC        ?_SPRINTF?BYTE
  C:25A6H         PUBLIC        _PRINTF
  C:25A6H         PUBLIC        _PRINTF517
  C:25A0H         PUBLIC        _SPRINTF
  C:25A0H         PUBLIC        _SPRINTF517
  -------         ENDMOD        PRINTF

  -------         MODULE        ?C?CSTPTR
  C:2014H         PUBLIC        ?C?CSTPTR
  -------         ENDMOD        ?C?CSTPTR

  -------         MODULE        ?C?LLDIDATA0
  C:2026H         PUBLIC        ?C?LLDIDATA0
  -------         ENDMOD        ?C?LLDIDATA0

  -------         MODULE        ?C?LLDXDATA0
  C:2033H         PUBLIC        ?C?LLDXDATA0
  -------         ENDMOD        ?C?LLDXDATA0

  -------         MODULE        ?C?LLDPDATA0
  C:203FH         PUBLIC        ?C?LLDPDATA0
  -------         ENDMOD        ?C?LLDPDATA0

  -------         MODULE        ?C?LLDCODE0
  C:204CH         PUBLIC        ?C?LLDCODE0
  -------         ENDMOD        ?C?LLDCODE0

  -------         MODULE        ?C?PLDIDATA
  C:205CH         PUBLIC        ?C?PLDIDATA
  -------         ENDMOD        ?C?PLDIDATA

  -------         MODULE        ?C?PSTIDATA
  C:2065H         PUBLIC        ?C?PSTIDATA
  -------         ENDMOD        ?C?PSTIDATA

  -------         MODULE        ?C?PLDXDATA
  C:206EH         PUBLIC        ?C?PLDXDATA
  -------         ENDMOD        ?C?PLDXDATA

  -------         MODULE        ?C?PLDIXDATA
  C:2077H         PUBLIC        ?C?PLDIXDATA
BL51 BANKED LINKER/LOCATER V6.22.2.0                                                  12/05/2022  23:33:03  PAGE 44


  -------         ENDMOD        ?C?PLDIXDATA

  -------         MODULE        ?C?PSTXDATA
  C:208EH         PUBLIC        ?C?PSTXDATA
  -------         ENDMOD        ?C?PSTXDATA

  -------         MODULE        ?C?PLDPDATA
  C:2097H         PUBLIC        ?C?PLDPDATA
  -------         ENDMOD        ?C?PLDPDATA

  -------         MODULE        ?C?PSTPDATA
  C:20A0H         PUBLIC        ?C?PSTPDATA
  -------         ENDMOD        ?C?PSTPDATA

  -------         MODULE        ?C?PLDCODE
  C:20A9H         PUBLIC        ?C?PLDCODE
  -------         ENDMOD        ?C?PLDCODE

  -------         MODULE        ?C?CCASE
  C:20B5H         PUBLIC        ?C?CCASE
  -------         ENDMOD        ?C?CCASE

Program Size: data=17.1 xdata=1486 code=19340
LINK/LOCATE RUN COMPLETE.  0 WARNING(S),  0 ERROR(S)
